<html>
<body>
<pre>
<h1>礦ision Build Log</h1>
<h2>Tool Versions:</h2>
IDE-Version: μVision V5.14.0.0
Copyright (C) 2015 ARM Ltd and ARM Germany GmbH. All rights reserved.
License Information: pi Microsoft, Microsoft, LIC=Y2BKP-M8X7S-QF0IY-I9F2K-3ATNX-YDDUH
 
Tool Versions:
Toolchain:       MDK-ARM Professional  Version: 5.14.0.0
Toolchain Path:  D:\Keil_v5\ARM\ARMCC\Bin
C Compiler:      Armcc.exe V5.05 update 1 (build 106)
Assembler:       Armasm.exe V5.05 update 1 (build 106)
Linker/Locator:  ArmLink.exe V5.05 update 1 (build 106)
Library Manager: ArmAr.exe V5.05 update 1 (build 106)
Hex Converter:   FromElf.exe V5.05 update 1 (build 106)
CPU DLL:         SARMCM3.DLL V5.14.0.0
Dialog DLL:      DARMCM1.DLL V1.12.0.0
Target DLL:      STLink\ST-LINKIII-KEIL_SWO.dll V2.0.14.0_KEIL
Dialog DLL:      TARMCM1.DLL V1.9.0.0
 
<h2>Project:</h2>
F:\研一\定位\20170906\master\anchor\protest.uvprojx
Project File Date:  08/14/2017

<h2>Output:</h2>
Rebuild target 'Target 1'
compiling usart_v1.c...
compiling spi_v1.c...
compiling EXTI_v1.c...
compiling deca_sleep.c...
compiling deca_mutex.c...
compiling deca_spi.c...
compiling deca_callback.c...
HARDWARE\Platform_deca\deca_callback.c(25): warning:  #223-D: function "printf" declared implicitly
                                        printf("rx_err int\r\n");                               
HARDWARE\Platform_deca\deca_callback.c(31): warning:  #223-D: function "printf" declared implicitly
                                printf("rx_to int\r\n");                
HARDWARE\Platform_deca\deca_callback.c(5): warning:  #177-D: variable "rx_buffer" was declared but never referenced
  static uint8 rx_buffer[RX_BUF_LEN];
HARDWARE\Platform_deca\deca_callback.c: 3 warnings, 0 errors
compiling LED.c...
compiling wdg.c...
compiling main.c...
USER\timer.h(8): warning:  #1-D: last line of file ends without a newline
  #endif /* __TIMER_H */
USER\main.c(278): warning:  #177-D: variable "n" was declared but never referenced
                                                                                                                uint8 n;
USER\main.c(706): warning:  #177-D: variable "buff_dis" was declared but never referenced
        uint64 buff_dis;
USER\main.c(88): warning:  #177-D: variable "anchor" was declared but never referenced
  static uint8 anchor[5]={0,0,0,0,0};
USER\main.c: 4 warnings, 0 errors
compiling delay.c...
compiling sys.c...
compiling node_sync.c...
compiling rf24l01.c...
compiling timer.c...
USER\timer.c(34): warning:  #1-D: last line of file ends without a newline
  }
USER\timer.c: 1 warning, 0 errors
compiling stm32f0xx_exti.c...
compiling stm32f0xx_gpio.c...
compiling stm32f0xx_misc.c...
compiling stm32f0xx_rcc.c...
compiling stm32f0xx_spi.c...
compiling stm32f0xx_iwdg.c...
compiling stm32f0xx_syscfg.c...
compiling stm32f0xx_tim.c...
compiling stm32f0xx_usart.c...
compiling stm32f0xx_flash.c...
compiling stm32f0xx_it.c...
compiling system_stm32f0xx.c...
assembling startup_stm32f072.s...
compiling usmart.c...
compiling usmart_config.c...
compiling usmart_str.c...
compiling deca_device.c...
HARDWARE\decadriver\deca_device.c(1356): warning:  #68-D: integer conversion resulted in a change of sign
          return DWT_ERROR;
HARDWARE\decadriver\deca_device.c(1489): warning:  #68-D: integer conversion resulted in a change of sign
          return DWT_ERROR;
HARDWARE\decadriver\deca_device.c: 2 warnings, 0 errors
compiling deca_params_init.c...
linking...
Program Size: Code=19584 RO-data=632 RW-data=652 ZI-data=1388  
FromELF: creating hex file...
".\Objects\protest.axf" - 0 Error(s), 10 Warning(s).

<h2>Collection of Component include folders:</h2>
  F:\研一\定位\20170906\master\anchor\RTE
  D:\Keil_v5\ARM\PACK\Keil\STM32F0xx_DFP\1.5.0

<h2>Collection of Component Files used:</h2>
</pre>
</body>
</html>
