Component: ARM Compiler 5.05 update 1 (build 106) Tool: armlink [4d0efa]

==============================================================================

Section Cross References

    stm32f0xx_hal_tim.o(i.HAL_TIM_Base_DeInit) refers to stm32f0xx_hal_tim.o(i.HAL_TIM_Base_MspDeInit) for HAL_TIM_Base_MspDeInit
    stm32f0xx_hal_tim.o(i.HAL_TIM_Base_Init) refers to stm32f0xx_hal_msp.o(i.HAL_TIM_Base_MspInit) for HAL_TIM_Base_MspInit
    stm32f0xx_hal_tim.o(i.HAL_TIM_Base_Init) refers to stm32f0xx_hal_tim.o(i.TIM_Base_SetConfig) for TIM_Base_SetConfig
    stm32f0xx_hal_tim.o(i.HAL_TIM_Base_Start_DMA) refers to stm32f0xx_hal_dma.o(i.HAL_DMA_Start_IT) for HAL_DMA_Start_IT
    stm32f0xx_hal_tim.o(i.HAL_TIM_Base_Start_DMA) refers to stm32f0xx_hal_tim.o(i.TIM_DMAPeriodElapsedCplt) for TIM_DMAPeriodElapsedCplt
    stm32f0xx_hal_tim.o(i.HAL_TIM_Base_Start_DMA) refers to stm32f0xx_hal_tim.o(i.TIM_DMAError) for TIM_DMAError
    stm32f0xx_hal_tim.o(i.HAL_TIM_ConfigClockSource) refers to stm32f0xx_hal_tim.o(i.TIM_ETR_SetConfig) for TIM_ETR_SetConfig
    stm32f0xx_hal_tim.o(i.HAL_TIM_ConfigClockSource) refers to stm32f0xx_hal_tim.o(i.TIM_TI1_ConfigInputStage) for TIM_TI1_ConfigInputStage
    stm32f0xx_hal_tim.o(i.HAL_TIM_ConfigClockSource) refers to stm32f0xx_hal_tim.o(i.TIM_ITRx_SetConfig) for TIM_ITRx_SetConfig
    stm32f0xx_hal_tim.o(i.HAL_TIM_ConfigClockSource) refers to stm32f0xx_hal_tim.o(i.TIM_TI2_ConfigInputStage) for TIM_TI2_ConfigInputStage
    stm32f0xx_hal_tim.o(i.HAL_TIM_ConfigOCrefClear) refers to stm32f0xx_hal_tim.o(i.TIM_ETR_SetConfig) for TIM_ETR_SetConfig
    stm32f0xx_hal_tim.o(i.HAL_TIM_DMABurst_ReadStart) refers to stm32f0xx_hal_dma.o(i.HAL_DMA_Start_IT) for HAL_DMA_Start_IT
    stm32f0xx_hal_tim.o(i.HAL_TIM_DMABurst_ReadStart) refers to stm32f0xx_hal_tim.o(i.TIM_DMAPeriodElapsedCplt) for TIM_DMAPeriodElapsedCplt
    stm32f0xx_hal_tim.o(i.HAL_TIM_DMABurst_ReadStart) refers to stm32f0xx_hal_tim.o(i.TIM_DMAError) for TIM_DMAError
    stm32f0xx_hal_tim.o(i.HAL_TIM_DMABurst_ReadStart) refers to stm32f0xx_hal_tim.o(i.TIM_DMACaptureCplt) for TIM_DMACaptureCplt
    stm32f0xx_hal_tim.o(i.HAL_TIM_DMABurst_ReadStart) refers to stm32f0xx_hal_tim_ex.o(i.TIMEx_DMACommutationCplt) for TIMEx_DMACommutationCplt
    stm32f0xx_hal_tim.o(i.HAL_TIM_DMABurst_ReadStart) refers to stm32f0xx_hal_tim.o(i.TIM_DMATriggerCplt) for TIM_DMATriggerCplt
    stm32f0xx_hal_tim.o(i.HAL_TIM_DMABurst_ReadStop) refers to stm32f0xx_hal_dma.o(i.HAL_DMA_Abort) for HAL_DMA_Abort
    stm32f0xx_hal_tim.o(i.HAL_TIM_DMABurst_WriteStart) refers to stm32f0xx_hal_dma.o(i.HAL_DMA_Start_IT) for HAL_DMA_Start_IT
    stm32f0xx_hal_tim.o(i.HAL_TIM_DMABurst_WriteStart) refers to stm32f0xx_hal_tim.o(i.TIM_DMAPeriodElapsedCplt) for TIM_DMAPeriodElapsedCplt
    stm32f0xx_hal_tim.o(i.HAL_TIM_DMABurst_WriteStart) refers to stm32f0xx_hal_tim.o(i.TIM_DMAError) for TIM_DMAError
    stm32f0xx_hal_tim.o(i.HAL_TIM_DMABurst_WriteStart) refers to stm32f0xx_hal_tim.o(i.TIM_DMADelayPulseCplt) for TIM_DMADelayPulseCplt
    stm32f0xx_hal_tim.o(i.HAL_TIM_DMABurst_WriteStart) refers to stm32f0xx_hal_tim_ex.o(i.TIMEx_DMACommutationCplt) for TIMEx_DMACommutationCplt
    stm32f0xx_hal_tim.o(i.HAL_TIM_DMABurst_WriteStart) refers to stm32f0xx_hal_tim.o(i.TIM_DMATriggerCplt) for TIM_DMATriggerCplt
    stm32f0xx_hal_tim.o(i.HAL_TIM_DMABurst_WriteStop) refers to stm32f0xx_hal_dma.o(i.HAL_DMA_Abort) for HAL_DMA_Abort
    stm32f0xx_hal_tim.o(i.HAL_TIM_Encoder_DeInit) refers to stm32f0xx_hal_tim.o(i.HAL_TIM_Encoder_MspDeInit) for HAL_TIM_Encoder_MspDeInit
    stm32f0xx_hal_tim.o(i.HAL_TIM_Encoder_Init) refers to stm32f0xx_hal_tim.o(i.HAL_TIM_Encoder_MspInit) for HAL_TIM_Encoder_MspInit
    stm32f0xx_hal_tim.o(i.HAL_TIM_Encoder_Init) refers to stm32f0xx_hal_tim.o(i.TIM_Base_SetConfig) for TIM_Base_SetConfig
    stm32f0xx_hal_tim.o(i.HAL_TIM_Encoder_Start) refers to stm32f0xx_hal_tim.o(i.TIM_CCxChannelCmd) for TIM_CCxChannelCmd
    stm32f0xx_hal_tim.o(i.HAL_TIM_Encoder_Start_DMA) refers to stm32f0xx_hal_dma.o(i.HAL_DMA_Start_IT) for HAL_DMA_Start_IT
    stm32f0xx_hal_tim.o(i.HAL_TIM_Encoder_Start_DMA) refers to stm32f0xx_hal_tim.o(i.TIM_CCxChannelCmd) for TIM_CCxChannelCmd
    stm32f0xx_hal_tim.o(i.HAL_TIM_Encoder_Start_DMA) refers to stm32f0xx_hal_tim.o(i.TIM_DMACaptureCplt) for TIM_DMACaptureCplt
    stm32f0xx_hal_tim.o(i.HAL_TIM_Encoder_Start_DMA) refers to stm32f0xx_hal_tim.o(i.TIM_DMAError) for TIM_DMAError
    stm32f0xx_hal_tim.o(i.HAL_TIM_Encoder_Start_IT) refers to stm32f0xx_hal_tim.o(i.TIM_CCxChannelCmd) for TIM_CCxChannelCmd
    stm32f0xx_hal_tim.o(i.HAL_TIM_Encoder_Stop) refers to stm32f0xx_hal_tim.o(i.TIM_CCxChannelCmd) for TIM_CCxChannelCmd
    stm32f0xx_hal_tim.o(i.HAL_TIM_Encoder_Stop_DMA) refers to stm32f0xx_hal_tim.o(i.TIM_CCxChannelCmd) for TIM_CCxChannelCmd
    stm32f0xx_hal_tim.o(i.HAL_TIM_Encoder_Stop_IT) refers to stm32f0xx_hal_tim.o(i.TIM_CCxChannelCmd) for TIM_CCxChannelCmd
[...]
    ../Drivers/STM32F0xx_HAL_Driver/Src/stm32f0xx_hal_flash.c 0x00000000   Number         0  stm32f0xx_hal_flash.o ABSOLUTE
    ../Drivers/STM32F0xx_HAL_Driver/Src/stm32f0xx_hal_flash_ex.c 0x00000000   Number         0  stm32f0xx_hal_flash_ex.o ABSOLUTE
    ../Drivers/STM32F0xx_HAL_Driver/Src/stm32f0xx_hal_gpio.c 0x00000000   Number         0  stm32f0xx_hal_gpio.o ABSOLUTE
    ../Drivers/STM32F0xx_HAL_Driver/Src/stm32f0xx_hal_i2c.c 0x00000000   Number         0  stm32f0xx_hal_i2c.o ABSOLUTE
    ../Drivers/STM32F0xx_HAL_Driver/Src/stm32f0xx_hal_i2c_ex.c 0x00000000   Number         0  stm32f0xx_hal_i2c_ex.o ABSOLUTE
    ../Drivers/STM32F0xx_HAL_Driver/Src/stm32f0xx_hal_pwr.c 0x00000000   Number         0  stm32f0xx_hal_pwr.o ABSOLUTE
    ../Drivers/STM32F0xx_HAL_Driver/Src/stm32f0xx_hal_pwr_ex.c 0x00000000   Number         0  stm32f0xx_hal_pwr_ex.o ABSOLUTE
    ../Drivers/STM32F0xx_HAL_Driver/Src/stm32f0xx_hal_rcc.c 0x00000000   Number         0  stm32f0xx_hal_rcc.o ABSOLUTE
    ../Drivers/STM32F0xx_HAL_Driver/Src/stm32f0xx_hal_rcc_ex.c 0x00000000   Number         0  stm32f0xx_hal_rcc_ex.o ABSOLUTE
    ../Drivers/STM32F0xx_HAL_Driver/Src/stm32f0xx_hal_spi.c 0x00000000   Number         0  stm32f0xx_hal_spi.o ABSOLUTE
    ../Drivers/STM32F0xx_HAL_Driver/Src/stm32f0xx_hal_spi_ex.c 0x00000000   Number         0  stm32f0xx_hal_spi_ex.o ABSOLUTE
    ../Drivers/STM32F0xx_HAL_Driver/Src/stm32f0xx_hal_tim.c 0x00000000   Number         0  stm32f0xx_hal_tim.o ABSOLUTE
    ../Drivers/STM32F0xx_HAL_Driver/Src/stm32f0xx_hal_tim_ex.c 0x00000000   Number         0  stm32f0xx_hal_tim_ex.o ABSOLUTE
    ../Drivers/STM32F0xx_HAL_Driver/Src/stm32f0xx_hal_uart.c 0x00000000   Number         0  stm32f0xx_hal_uart.o ABSOLUTE
    ../Drivers/STM32F0xx_HAL_Driver/Src/stm32f0xx_hal_uart_ex.c 0x00000000   Number         0  stm32f0xx_hal_uart_ex.o ABSOLUTE
    ../Src/main.c                            0x00000000   Number         0  main.o ABSOLUTE
    ../Src/stm32f0xx_hal_msp.c               0x00000000   Number         0  stm32f0xx_hal_msp.o ABSOLUTE
    ../Src/stm32f0xx_it.c                    0x00000000   Number         0  stm32f0xx_it.o ABSOLUTE
    ../clib/../cmprslib/zerorunl2.c          0x00000000   Number         0  __dczerorl2.o ABSOLUTE
    ../clib/microlib/division.c              0x00000000   Number         0  idiv.o ABSOLUTE
    ../clib/microlib/division.c              0x00000000   Number         0  uldiv.o ABSOLUTE
    ../clib/microlib/division.c              0x00000000   Number         0  uidiv.o ABSOLUTE
    ../clib/microlib/init/entry.s            0x00000000   Number         0  entry8b.o ABSOLUTE
    ../clib/microlib/init/entry.s            0x00000000   Number         0  entry11b.o ABSOLUTE
    ../clib/microlib/init/entry.s            0x00000000   Number         0  entry11a.o ABSOLUTE
    ../clib/microlib/init/entry.s            0x00000000   Number         0  entry9a.o ABSOLUTE
    ../clib/microlib/init/entry.s            0x00000000   Number         0  entry10b.o ABSOLUTE
    ../clib/microlib/init/entry.s            0x00000000   Number         0  entry7a.o ABSOLUTE
    ../clib/microlib/init/entry.s            0x00000000   Number         0  entry.o ABSOLUTE
    ../clib/microlib/init/entry.s            0x00000000   Number         0  entry10a.o ABSOLUTE
    ../clib/microlib/init/entry.s            0x00000000   Number         0  entry8a.o ABSOLUTE
    ../clib/microlib/init/entry.s            0x00000000   Number         0  entry7b.o ABSOLUTE
    ../clib/microlib/init/entry.s            0x00000000   Number         0  entry5.o ABSOLUTE
    ../clib/microlib/init/entry.s            0x00000000   Number         0  entry2.o ABSOLUTE
    ../clib/microlib/init/entry.s            0x00000000   Number         0  entry9b.o ABSOLUTE
    ../clib/microlib/longlong.c              0x00000000   Number         0  llushr.o ABSOLUTE
    ../clib/microlib/longlong.c              0x00000000   Number         0  llshl.o ABSOLUTE
    ../clib/microlib/longlong.c              0x00000000   Number         0  llsshr.o ABSOLUTE
    ../clib/microlib/printf/printf.c         0x00000000   Number         0  printfb.o ABSOLUTE
    ../clib/microlib/printf/printf.c         0x00000000   Number         0  printf1.o ABSOLUTE
    ../clib/microlib/printf/printf.c         0x00000000   Number         0  printf0.o ABSOLUTE
    ../clib/microlib/printf/printf.c         0x00000000   Number         0  printf5.o ABSOLUTE
    ../clib/microlib/printf/printf.c         0x00000000   Number         0  printfa.o ABSOLUTE
    ../clib/microlib/printf/printf.c         0x00000000   Number         0  printf4.o ABSOLUTE
    ../clib/microlib/printf/printf.c         0x00000000   Number         0  printf3.o ABSOLUTE
    ../clib/microlib/printf/printf.c         0x00000000   Number         0  printf2.o ABSOLUTE
    ../clib/microlib/printf/printf.c         0x00000000   Number         0  printf8.o ABSOLUTE
    ../clib/microlib/printf/printf.c         0x00000000   Number         0  printf7.o ABSOLUTE
    ../clib/microlib/printf/printf.c         0x00000000   Number         0  printf6.o ABSOLUTE
    ../clib/microlib/printf/stubs.s          0x00000000   Number         0  stubs.o ABSOLUTE
    ../clib/microlib/stdio/streams.c         0x00000000   Number         0  stdout.o ABSOLUTE
    ../clib/microlib/string/memcmp.c         0x00000000   Number         0  memcmp.o ABSOLUTE
    ../clib/microlib/string/memcpy.c         0x00000000   Number         0  memcpya.o ABSOLUTE
    ../clib/microlib/string/memcpy.c         0x00000000   Number         0  memcpyb.o ABSOLUTE
    ../clib/microlib/string/memset.c         0x00000000   Number         0  memseta.o ABSOLUTE
    ../clib/microlib/stubs.s                 0x00000000   Number         0  iusefp.o ABSOLUTE
    ../fplib/microlib/fpadd.c                0x00000000   Number         0  dadd.o ABSOLUTE
    ../fplib/microlib/fpdiv.c                0x00000000   Number         0  ddiv.o ABSOLUTE
    ../fplib/microlib/fpepilogue.c           0x00000000   Number         0  depilogue.o ABSOLUTE
    ../fplib/microlib/fpfix.c                0x00000000   Number         0  dfixul.o ABSOLUTE
    ../fplib/microlib/fpmul.c                0x00000000   Number         0  dmul.o ABSOLUTE
    ..\Drivers\CMSIS\\Device\ST\STM32F0xx\Source\Templates\system_stm32f0xx.c 0x00000000   Number         0  system_stm32f0xx.o ABSOLUTE
    ..\Drivers\Hardware\Platform_deca\deca_callback.c 0x00000000   Number         0  deca_callback.o ABSOLUTE
    ..\Drivers\Hardware\Platform_deca\deca_mutex.c 0x00000000   Number         0  deca_mutex.o ABSOLUTE
    ..\Drivers\Hardware\Platform_deca\deca_sleep.c 0x00000000   Number         0  deca_sleep.o ABSOLUTE
    ..\Drivers\Hardware\Platform_deca\deca_spi.c 0x00000000   Number         0  deca_spi.o ABSOLUTE
    ..\Drivers\Hardware\Platform_deca\dw1000.c 0x00000000   Number         0  dw1000.o ABSOLUTE
    ..\Drivers\Hardware\USAMRT\usmart.c      0x00000000   Number         0  usmart.o ABSOLUTE
    ..\Drivers\Hardware\USAMRT\usmart_config.c 0x00000000   Number         0  usmart_config.o ABSOLUTE
    ..\Drivers\Hardware\USAMRT\usmart_str.c  0x00000000   Number         0  usmart_str.o ABSOLUTE
    ..\Drivers\Hardware\decadriver\deca_device.c 0x00000000   Number         0  deca_device.o ABSOLUTE
    ..\Drivers\Hardware\decadriver\deca_params_init.c 0x00000000   Number         0  deca_params_init.o ABSOLUTE
    ..\Drivers\STM32F0xx_HAL_Driver\Src\stm32f0xx_hal.c 0x00000000   Number         0  stm32f0xx_hal.o ABSOLUTE
    ..\Drivers\STM32F0xx_HAL_Driver\Src\stm32f0xx_hal_cortex.c 0x00000000   Number         0  stm32f0xx_hal_cortex.o ABSOLUTE
    ..\Drivers\STM32F0xx_HAL_Driver\Src\stm32f0xx_hal_dma.c 0x00000000   Number         0  stm32f0xx_hal_dma.o ABSOLUTE
    ..\Drivers\STM32F0xx_HAL_Driver\Src\stm32f0xx_hal_flash.c 0x00000000   Number         0  stm32f0xx_hal_flash.o ABSOLUTE
    ..\Drivers\STM32F0xx_HAL_Driver\Src\stm32f0xx_hal_flash_ex.c 0x00000000   Number         0  stm32f0xx_hal_flash_ex.o ABSOLUTE
    ..\Drivers\STM32F0xx_HAL_Driver\Src\stm32f0xx_hal_gpio.c 0x00000000   Number         0  stm32f0xx_hal_gpio.o ABSOLUTE
    ..\Drivers\STM32F0xx_HAL_Driver\Src\stm32f0xx_hal_i2c.c 0x00000000   Number         0  stm32f0xx_hal_i2c.o ABSOLUTE
    ..\Drivers\STM32F0xx_HAL_Driver\Src\stm32f0xx_hal_i2c_ex.c 0x00000000   Number         0  stm32f0xx_hal_i2c_ex.o ABSOLUTE
    ..\Drivers\STM32F0xx_HAL_Driver\Src\stm32f0xx_hal_pwr.c 0x00000000   Number         0  stm32f0xx_hal_pwr.o ABSOLUTE
    ..\Drivers\STM32F0xx_HAL_Driver\Src\stm32f0xx_hal_pwr_ex.c 0x00000000   Number         0  stm32f0xx_hal_pwr_ex.o ABSOLUTE
    ..\Drivers\STM32F0xx_HAL_Driver\Src\stm32f0xx_hal_rcc.c 0x00000000   Number         0  stm32f0xx_hal_rcc.o ABSOLUTE
    ..\Drivers\STM32F0xx_HAL_Driver\Src\stm32f0xx_hal_rcc_ex.c 0x00000000   Number         0  stm32f0xx_hal_rcc_ex.o ABSOLUTE
    ..\Drivers\STM32F0xx_HAL_Driver\Src\stm32f0xx_hal_spi.c 0x00000000   Number         0  stm32f0xx_hal_spi.o ABSOLUTE
    ..\Drivers\STM32F0xx_HAL_Driver\Src\stm32f0xx_hal_spi_ex.c 0x00000000   Number         0  stm32f0xx_hal_spi_ex.o ABSOLUTE
    ..\Drivers\STM32F0xx_HAL_Driver\Src\stm32f0xx_hal_tim.c 0x00000000   Number         0  stm32f0xx_hal_tim.o ABSOLUTE
    ..\Drivers\STM32F0xx_HAL_Driver\Src\stm32f0xx_hal_tim_ex.c 0x00000000   Number         0  stm32f0xx_hal_tim_ex.o ABSOLUTE
    ..\Drivers\STM32F0xx_HAL_Driver\Src\stm32f0xx_hal_uart.c 0x00000000   Number         0  stm32f0xx_hal_uart.o ABSOLUTE
    ..\Drivers\STM32F0xx_HAL_Driver\Src\stm32f0xx_hal_uart_ex.c 0x00000000   Number         0  stm32f0xx_hal_uart_ex.o ABSOLUTE
    ..\Src\Testing.c                         0x00000000   Number         0  testing.o ABSOLUTE
    ..\Src\delay.c                           0x00000000   Number         0  delay.o ABSOLUTE
    ..\Src\main.c                            0x00000000   Number         0  main.o ABSOLUTE
    ..\Src\stm32f0xx_hal_msp.c               0x00000000   Number         0  stm32f0xx_hal_msp.o ABSOLUTE
    ..\Src\stm32f0xx_it.c                    0x00000000   Number         0  stm32f0xx_it.o ABSOLUTE
    ..\\Drivers\\Hardware\\Platform_deca\\deca_mutex.c 0x00000000   Number         0  deca_mutex.o ABSOLUTE
    ..\\Drivers\\Hardware\\Platform_deca\\deca_sleep.c 0x00000000   Number         0  deca_sleep.o ABSOLUTE
    ..\\Drivers\\Hardware\\Platform_deca\\deca_spi.c 0x00000000   Number         0  deca_spi.o ABSOLUTE
    ..\\Drivers\\Hardware\\Platform_deca\\dw1000.c 0x00000000   Number         0  dw1000.o ABSOLUTE
    ..\\Drivers\\Hardware\\USAMRT\\usmart.c  0x00000000   Number         0  usmart.o ABSOLUTE
    ..\\Drivers\\Hardware\\USAMRT\\usmart_config.c 0x00000000   Number         0  usmart_config.o ABSOLUTE
    ..\\Drivers\\Hardware\\USAMRT\\usmart_str.c 0x00000000   Number         0  usmart_str.o ABSOLUTE
    ..\\Src\\Testing.c                       0x00000000   Number         0  testing.o ABSOLUTE
    ..\\Src\\delay.c                         0x00000000   Number         0  delay.o ABSOLUTE
    cdrcmple.s                               0x00000000   Number         0  cdrcmple.o ABSOLUTE
    dc.s                                     0x00000000   Number         0  dc.o ABSOLUTE
    handlers.s                               0x00000000   Number         0  handlers.o ABSOLUTE
    init.s                                   0x00000000   Number         0  init.o ABSOLUTE
    startup_stm32f072xb.s                    0x00000000   Number         0  startup_stm32f072xb.o ABSOLUTE
    RESET                                    0x08000000   Section      192  startup_stm32f072xb.o(RESET)
    .ARM.Collect$$$$00000000                 0x080000c0   Section        0  entry.o(.ARM.Collect$$$$00000000)
    .ARM.Collect$$$$00000001                 0x080000c0   Section        4  entry2.o(.ARM.Collect$$$$00000001)
    .ARM.Collect$$$$00000004                 0x080000c4   Section        4  entry5.o(.ARM.Collect$$$$00000004)
    .ARM.Collect$$$$00000008                 0x080000c8   Section        0  entry7b.o(.ARM.Collect$$$$00000008)
    .ARM.Collect$$$$0000000A                 0x080000c8   Section        0  entry8b.o(.ARM.Collect$$$$0000000A)
    .ARM.Collect$$$$0000000B                 0x080000c8   Section        8  entry9a.o(.ARM.Collect$$$$0000000B)
    .ARM.Collect$$$$0000000D                 0x080000d0   Section        0  entry10a.o(.ARM.Collect$$$$0000000D)
    .ARM.Collect$$$$0000000F                 0x080000d0   Section        0  entry11a.o(.ARM.Collect$$$$0000000F)
    .ARM.Collect$$$$00002712                 0x080000d0   Section        4  entry2.o(.ARM.Collect$$$$00002712)
    __lit__00000000                          0x080000d0   Data           4  entry2.o(.ARM.Collect$$$$00002712)
    .text                                    0x080000d4   Section       28  startup_stm32f072xb.o(.text)
    .text                                    0x080000f0   Section        0  uidiv.o(.text)
    .text                                    0x0800011c   Section        0  idiv.o(.text)
    .text                                    0x08000144   Section        0  llushr.o(.text)
    .text                                    0x08000166   Section        0  memcpya.o(.text)
    .text                                    0x0800018a   Section        0  memseta.o(.text)
    .text                                    0x080001ae   Section        0  memcmp.o(.text)
    .text                                    0x080001c8   Section        0  uldiv.o(.text)
    .text                                    0x08000228   Section       36  init.o(.text)
    .text                                    0x0800024c   Section        0  llshl.o(.text)
    .text                                    0x0800026c   Section        0  __dczerorl2.o(.text)
    RAMCODE                                  0x080002c4   Section        0  usmart.o(RAMCODE)
    i.Delay_ms                               0x080002fc   Section        0  delay.o(i.Delay_ms)
    i.EXTI2_3_IRQHandler                     0x08000358   Section        0  main.o(i.EXTI2_3_IRQHandler)
    i.EXTI2_3_IRQHandler_Config              0x080003b0   Section        0  main.o(i.EXTI2_3_IRQHandler_Config)
    EXTI2_3_IRQHandler_Config                0x080003b1   Thumb Code    78  main.o(i.EXTI2_3_IRQHandler_Config)
    i.Error_Handler                          0x08000408   Section        0  main.o(i.Error_Handler)
    i.HAL_Delay                              0x0800040c   Section        0  delay.o(i.HAL_Delay)
    i.HAL_GPIO_Init                          0x08000418   Section        0  stm32f0xx_hal_gpio.o(i.HAL_GPIO_Init)
    i.HAL_GPIO_ReadPin                       0x08000614   Section        0  stm32f0xx_hal_gpio.o(i.HAL_GPIO_ReadPin)
    i.HAL_GPIO_WritePin                      0x08000626   Section        0  stm32f0xx_hal_gpio.o(i.HAL_GPIO_WritePin)
    i.HAL_GetTick                            0x08000634   Section        0  stm32f0xx_hal.o(i.HAL_GetTick)
    i.HAL_IncTick                            0x08000640   Section        0  stm32f0xx_hal.o(i.HAL_IncTick)
    i.HAL_Init                               0x08000650   Section        0  stm32f0xx_hal.o(i.HAL_Init)
    i.HAL_InitTick                           0x08000670   Section        0  stm32f0xx_hal.o(i.HAL_InitTick)
    i.HAL_MspInit                            0x08000698   Section        0  stm32f0xx_hal_msp.o(i.HAL_MspInit)
    i.HAL_NVIC_EnableIRQ                     0x080006dc   Section        0  stm32f0xx_hal_cortex.o(i.HAL_NVIC_EnableIRQ)
    i.HAL_NVIC_SetPriority                   0x080006f4   Section        0  stm32f0xx_hal_cortex.o(i.HAL_NVIC_SetPriority)
    i.HAL_RCCEx_PeriphCLKConfig              0x08000708   Section        0  stm32f0xx_hal_rcc_ex.o(i.HAL_RCCEx_PeriphCLKConfig)
    i.HAL_RCC_ClockConfig                    0x080008ac   Section        0  stm32f0xx_hal_rcc.o(i.HAL_RCC_ClockConfig)
    i.HAL_RCC_GetHCLKFreq                    0x08000a7c   Section        0  stm32f0xx_hal_rcc.o(i.HAL_RCC_GetHCLKFreq)
    i.HAL_RCC_GetPCLK1Freq                   0x08000a88   Section        0  stm32f0xx_hal_rcc.o(i.HAL_RCC_GetPCLK1Freq)
    i.HAL_RCC_GetSysClockFreq                0x08000aac   Section        0  stm32f0xx_hal_rcc.o(i.HAL_RCC_GetSysClockFreq)
    i.HAL_RCC_OscConfig                      0x08000b9c   Section        0  stm32f0xx_hal_rcc.o(i.HAL_RCC_OscConfig)
    i.HAL_SPIEx_FlushRxFifo                  0x0800119c   Section        0  stm32f0xx_hal_spi_ex.o(i.HAL_SPIEx_FlushRxFifo)
    i.HAL_SPI_Init                           0x080011cc   Section        0  stm32f0xx_hal_spi.o(i.HAL_SPI_Init)
    i.HAL_SPI_MspInit                        0x080012bc   Section        0  stm32f0xx_hal_msp.o(i.HAL_SPI_MspInit)
    i.HAL_SPI_Receive                        0x08001360   Section        0  stm32f0xx_hal_spi.o(i.HAL_SPI_Receive)
    i.HAL_SPI_Transmit                       0x08001620   Section        0  stm32f0xx_hal_spi.o(i.HAL_SPI_Transmit)
    i.HAL_SPI_TransmitReceive                0x080017ec   Section        0  stm32f0xx_hal_spi.o(i.HAL_SPI_TransmitReceive)
    i.HAL_SYSTICK_CLKSourceConfig            0x08001b70   Section        0  stm32f0xx_hal_cortex.o(i.HAL_SYSTICK_CLKSourceConfig)
    i.HAL_SYSTICK_Callback                   0x08001b94   Section        0  stm32f0xx_hal_cortex.o(i.HAL_SYSTICK_Callback)
    i.HAL_SYSTICK_Config                     0x08001b98   Section        0  stm32f0xx_hal_cortex.o(i.HAL_SYSTICK_Config)
    i.HAL_SYSTICK_IRQHandler                 0x08001bd0   Section        0  stm32f0xx_hal_cortex.o(i.HAL_SYSTICK_IRQHandler)
    i.HAL_TIMEx_BreakCallback                0x08001bd8   Section        0  stm32f0xx_hal_tim_ex.o(i.HAL_TIMEx_BreakCallback)
    i.HAL_TIMEx_CommutationCallback          0x08001bda   Section        0  stm32f0xx_hal_tim_ex.o(i.HAL_TIMEx_CommutationCallback)
    i.HAL_TIM_Base_Init                      0x08001bdc   Section        0  stm32f0xx_hal_tim.o(i.HAL_TIM_Base_Init)
    i.HAL_TIM_Base_MspInit                   0x08001c14   Section        0  stm32f0xx_hal_msp.o(i.HAL_TIM_Base_MspInit)
    i.HAL_TIM_Base_Start_IT                  0x08001c9c   Section        0  stm32f0xx_hal_tim.o(i.HAL_TIM_Base_Start_IT)
    i.HAL_TIM_IC_CaptureCallback             0x08001cba   Section        0  stm32f0xx_hal_tim.o(i.HAL_TIM_IC_CaptureCallback)
    i.HAL_TIM_IRQHandler                     0x08001cbc   Section        0  stm32f0xx_hal_tim.o(i.HAL_TIM_IRQHandler)
    i.HAL_TIM_OC_DelayElapsedCallback        0x08001e84   Section        0  stm32f0xx_hal_tim.o(i.HAL_TIM_OC_DelayElapsedCallback)
    i.HAL_TIM_PWM_PulseFinishedCallback      0x08001e86   Section        0  stm32f0xx_hal_tim.o(i.HAL_TIM_PWM_PulseFinishedCallback)
    i.HAL_TIM_PeriodElapsedCallback          0x08001e88   Section        0  stm32f0xx_it.o(i.HAL_TIM_PeriodElapsedCallback)
    i.HAL_TIM_TriggerCallback                0x08002004   Section        0  stm32f0xx_hal_tim.o(i.HAL_TIM_TriggerCallback)
    i.HAL_UARTEx_WakeupCallback              0x08002006   Section        0  stm32f0xx_hal_uart_ex.o(i.HAL_UARTEx_WakeupCallback)
    i.HAL_UART_ErrorCallback                 0x08002008   Section        0  stm32f0xx_hal_uart.o(i.HAL_UART_ErrorCallback)
    i.HAL_UART_IRQHandler                    0x0800200a   Section        0  stm32f0xx_hal_uart.o(i.HAL_UART_IRQHandler)
    i.HAL_UART_Init                          0x08002144   Section        0  stm32f0xx_hal_uart.o(i.HAL_UART_Init)
    i.HAL_UART_MspInit                       0x080021c8   Section        0  stm32f0xx_hal_msp.o(i.HAL_UART_MspInit)
    i.HAL_UART_Receive_IT                    0x08002234   Section        0  stm32f0xx_hal_uart.o(i.HAL_UART_Receive_IT)
    i.HAL_UART_RxCpltCallback                0x0800232c   Section        0  stm32f0xx_it.o(i.HAL_UART_RxCpltCallback)
    i.HAL_UART_Transmit                      0x0800238c   Section        0  stm32f0xx_hal_uart.o(i.HAL_UART_Transmit)
    i.HAL_UART_TxCpltCallback                0x0800246e   Section        0  stm32f0xx_hal_uart.o(i.HAL_UART_TxCpltCallback)
    i.HardFault_Handler                      0x08002470   Section        0  stm32f0xx_it.o(i.HardFault_Handler)
    i.MX_GPIO_Init                           0x08002474   Section        0  main.o(i.MX_GPIO_Init)
    MX_GPIO_Init                             0x08002475   Thumb Code   432  main.o(i.MX_GPIO_Init)
    i.MX_SPI1_Init                           0x08002638   Section        0  main.o(i.MX_SPI1_Init)
    MX_SPI1_Init                             0x08002639   Thumb Code    74  main.o(i.MX_SPI1_Init)
    i.MX_SPI2_Init                           0x0800268c   Section        0  main.o(i.MX_SPI2_Init)
    MX_SPI2_Init                             0x0800268d   Thumb Code    74  main.o(i.MX_SPI2_Init)
    i.MX_TIM14_Init                          0x080026e0   Section        0  main.o(i.MX_TIM14_Init)
    MX_TIM14_Init                            0x080026e1   Thumb Code    40  main.o(i.MX_TIM14_Init)
    i.MX_TIM16_Init                          0x08002718   Section        0  main.o(i.MX_TIM16_Init)
    MX_TIM16_Init                            0x08002719   Thumb Code    40  main.o(i.MX_TIM16_Init)
    i.MX_USART1_UART_Init                    0x08002750   Section        0  main.o(i.MX_USART1_UART_Init)
    MX_USART1_UART_Init                      0x08002751   Thumb Code    58  main.o(i.MX_USART1_UART_Init)
    i.NMI_Handler                            0x08002794   Section        0  stm32f0xx_it.o(i.NMI_Handler)
    i.NVIC_SetPriority                       0x08002798   Section        0  stm32f0xx_hal_cortex.o(i.NVIC_SetPriority)
    NVIC_SetPriority                         0x08002799   Thumb Code   110  stm32f0xx_hal_cortex.o(i.NVIC_SetPriority)
    i.PendSV_Handler                         0x08002810   Section        0  stm32f0xx_it.o(i.PendSV_Handler)
    i.SPI_EndRxTransaction                   0x08002812   Section        0  stm32f0xx_hal_spi.o(i.SPI_EndRxTransaction)
    SPI_EndRxTransaction                     0x08002813   Thumb Code   136  stm32f0xx_hal_spi.o(i.SPI_EndRxTransaction)
    i.SPI_EndRxTxTransaction                 0x0800289a   Section        0  stm32f0xx_hal_spi.o(i.SPI_EndRxTxTransaction)
    SPI_EndRxTxTransaction                   0x0800289b   Thumb Code    68  stm32f0xx_hal_spi.o(i.SPI_EndRxTxTransaction)
    i.SPI_WaitFifoStateUntilTimeout          0x080028e0   Section        0  stm32f0xx_hal_spi.o(i.SPI_WaitFifoStateUntilTimeout)
    SPI_WaitFifoStateUntilTimeout            0x080028e1   Thumb Code   188  stm32f0xx_hal_spi.o(i.SPI_WaitFifoStateUntilTimeout)
    i.SPI_WaitFlagStateUntilTimeout          0x080029a0   Section        0  stm32f0xx_hal_spi.o(i.SPI_WaitFlagStateUntilTimeout)
    SPI_WaitFlagStateUntilTimeout            0x080029a1   Thumb Code   166  stm32f0xx_hal_spi.o(i.SPI_WaitFlagStateUntilTimeout)
    i.SVC_Handler                            0x08002a4c   Section        0  stm32f0xx_it.o(i.SVC_Handler)
    i.SysTick_Handler                        0x08002a4e   Section        0  stm32f0xx_it.o(i.SysTick_Handler)
    i.SystemClock_Config                     0x08002a5a   Section        0  main.o(i.SystemClock_Config)
    i.SystemInit                             0x08002ae4   Section        0  system_stm32f0xx.o(i.SystemInit)
    i.TIM14_IRQHandler                       0x08002b5c   Section        0  stm32f0xx_it.o(i.TIM14_IRQHandler)
    i.TIM16_IRQHandler                       0x08002b6c   Section        0  stm32f0xx_it.o(i.TIM16_IRQHandler)
    i.TIM_Base_SetConfig                     0x08002b98   Section        0  stm32f0xx_hal_tim.o(i.TIM_Base_SetConfig)
    i.UART_AdvFeatureConfig                  0x08002c3c   Section        0  stm32f0xx_hal_uart.o(i.UART_AdvFeatureConfig)
    i.UART_CheckIdleState                    0x08002d2c   Section        0  stm32f0xx_hal_uart.o(i.UART_CheckIdleState)
    i.UART_EndTransmit_IT                    0x08002da8   Section        0  stm32f0xx_hal_uart.o(i.UART_EndTransmit_IT)
    i.UART_Receive_IT                        0x08002dc8   Section        0  stm32f0xx_hal_uart.o(i.UART_Receive_IT)
    i.UART_SetConfig                         0x08002e64   Section        0  stm32f0xx_hal_uart.o(i.UART_SetConfig)
    i.UART_Transmit_IT                       0x08003098   Section        0  stm32f0xx_hal_uart.o(i.UART_Transmit_IT)
    i.UART_WaitOnFlagUntilTimeout            0x0800310a   Section        0  stm32f0xx_hal_uart.o(i.UART_WaitOnFlagUntilTimeout)
    i.USART1_IRQHandler                      0x08003210   Section        0  stm32f0xx_it.o(i.USART1_IRQHandler)
    i.__0printf$8                            0x08003244   Section        0  printf8.o(i.__0printf$8)
    i.__ARM_common_switch8                   0x08003264   Section        0  stm32f0xx_hal_tim.o(i.__ARM_common_switch8)
    i.__scatterload_copy                     0x08003280   Section       14  handlers.o(i.__scatterload_copy)
    i.__scatterload_null                     0x0800328e   Section        2  handlers.o(i.__scatterload_null)
    i.__scatterload_zeroinit                 0x08003290   Section       14  handlers.o(i.__scatterload_zeroinit)
    i._dwt_aonarrayupload                    0x0800329e   Section        0  deca_device.o(i._dwt_aonarrayupload)
    i._dwt_aonconfigupload                   0x080032b6   Section        0  deca_device.o(i._dwt_aonconfigupload)
    i._dwt_configlde                         0x080032d0   Section        0  deca_device.o(i._dwt_configlde)
    i._dwt_disablesequencing                 0x0800330c   Section        0  deca_device.o(i._dwt_disablesequencing)
    i._dwt_enableclocks                      0x08003320   Section        0  deca_device.o(i._dwt_enableclocks)
    i._dwt_loaducodefromrom                  0x0800340c   Section        0  deca_device.o(i._dwt_loaducodefromrom)
    i._dwt_otpread                           0x0800342e   Section        0  deca_device.o(i._dwt_otpread)
    i._printf_core                           0x08003460   Section        0  printf8.o(i._printf_core)
    _printf_core                             0x08003461   Thumb Code  1020  printf8.o(i._printf_core)
    i._printf_post_padding                   0x08003888   Section        0  printf8.o(i._printf_post_padding)
    _printf_post_padding                     0x08003889   Thumb Code    32  printf8.o(i._printf_post_padding)
    i._printf_pre_padding                    0x080038a8   Section        0  printf8.o(i._printf_pre_padding)
    _printf_pre_padding                      0x080038a9   Thumb Code    44  printf8.o(i._printf_pre_padding)
    i.deca_sleep                             0x080038d4   Section        0  deca_sleep.o(i.deca_sleep)
    i.decamutexoff                           0x080038e0   Section        0  deca_mutex.o(i.decamutexoff)
    i.decamutexon                            0x080038e8   Section        0  deca_mutex.o(i.decamutexon)
    i.delay_init                             0x080038f4   Section        0  delay.o(i.delay_init)
    i.dw_setARER                             0x0800393c   Section        0  main.o(i.dw_setARER)
    i.dwt_calibratesleepcnt                  0x0800396c   Section        0  deca_device.o(i.dwt_calibratesleepcnt)
    i.dwt_configure                          0x080039fc   Section        0  deca_device.o(i.dwt_configure)
    i.dwt_configuresleep                     0x08003c38   Section        0  deca_device.o(i.dwt_configuresleep)
    i.dwt_configuresleepcnt                  0x08003c60   Section        0  deca_device.o(i.dwt_configuresleepcnt)
    i.dwt_entersleep                         0x08003ca6   Section        0  deca_device.o(i.dwt_entersleep)
    i.dwt_forcetrxoff                        0x08003cb0   Section        0  deca_device.o(i.dwt_forcetrxoff)
    i.dwt_initialise                         0x08003d04   Section        0  deca_device.o(i.dwt_initialise)
    i.dwt_read16bitoffsetreg                 0x08003e04   Section        0  deca_device.o(i.dwt_read16bitoffsetreg)
    i.dwt_read32bitoffsetreg                 0x08003e2a   Section        0  deca_device.o(i.dwt_read32bitoffsetreg)
    i.dwt_read8bitoffsetreg                  0x08003e54   Section        0  deca_device.o(i.dwt_read8bitoffsetreg)
    i.dwt_readdevid                          0x08003e6c   Section        0  deca_device.o(i.dwt_readdevid)
    i.dwt_readfromdevice                     0x08003e78   Section        0  deca_device.o(i.dwt_readfromdevice)
    i.dwt_readrxdata                         0x08003ec8   Section        0  deca_device.o(i.dwt_readrxdata)
    i.dwt_readrxtimestamp                    0x08003ede   Section        0  deca_device.o(i.dwt_readrxtimestamp)
    i.dwt_readtxtimestamp                    0x08003ef0   Section        0  deca_device.o(i.dwt_readtxtimestamp)
    i.dwt_rxenable                           0x08003f02   Section        0  deca_device.o(i.dwt_rxenable)
    i.dwt_rxreset                            0x08003f68   Section        0  deca_device.o(i.dwt_rxreset)
    i.dwt_setinterrupt                       0x08003f80   Section        0  deca_device.o(i.dwt_setinterrupt)
    i.dwt_setleds                            0x08003fba   Section        0  deca_device.o(i.dwt_setleds)
    i.dwt_setrxantennadelay                  0x08004060   Section        0  deca_device.o(i.dwt_setrxantennadelay)
    i.dwt_setrxtimeout                       0x08004074   Section        0  deca_device.o(i.dwt_setrxtimeout)
    i.dwt_settxantennadelay                  0x080040d4   Section        0  deca_device.o(i.dwt_settxantennadelay)
    i.dwt_setxtaltrim                        0x080040e4   Section        0  deca_device.o(i.dwt_setxtaltrim)
    i.dwt_softreset                          0x08004100   Section        0  deca_device.o(i.dwt_softreset)
    i.dwt_spicswakeup                        0x08004144   Section        0  deca_device.o(i.dwt_spicswakeup)
    i.dwt_starttx                            0x08004184   Section        0  deca_device.o(i.dwt_starttx)
    i.dwt_syncrxbufptrs                      0x08004204   Section        0  deca_device.o(i.dwt_syncrxbufptrs)
    i.dwt_write16bitoffsetreg                0x0800422a   Section        0  deca_device.o(i.dwt_write16bitoffsetreg)
    i.dwt_write32bitoffsetreg                0x08004248   Section        0  deca_device.o(i.dwt_write32bitoffsetreg)
    i.dwt_write8bitoffsetreg                 0x0800426e   Section        0  deca_device.o(i.dwt_write8bitoffsetreg)
    i.dwt_writetodevice                      0x08004282   Section        0  deca_device.o(i.dwt_writetodevice)
    i.dwt_writetxdata                        0x080042e6   Section        0  deca_device.o(i.dwt_writetxdata)
    i.dwt_writetxfctrl                       0x08004310   Section        0  deca_device.o(i.dwt_writetxfctrl)
    i.final_msg_set_ts                       0x08004338   Section        0  main.o(i.final_msg_set_ts)
    final_msg_set_ts                         0x08004339   Thumb Code    28  main.o(i.final_msg_set_ts)
    i.fputc                                  0x08004354   Section        0  stm32f0xx_hal_msp.o(i.fputc)
    i.get_rx_timestamp_u64                   0x08004374   Section        0  main.o(i.get_rx_timestamp_u64)
    get_rx_timestamp_u64                     0x08004375   Thumb Code    46  main.o(i.get_rx_timestamp_u64)
    i.get_tx_timestamp_u64                   0x080043a2   Section        0  main.o(i.get_tx_timestamp_u64)
    get_tx_timestamp_u64                     0x080043a3   Thumb Code    46  main.o(i.get_tx_timestamp_u64)
    i.main                                   0x080043d0   Section        0  main.o(i.main)
    i.read_addr                              0x08004974   Section        0  usmart.o(i.read_addr)
    i.readfromspi                            0x0800497c   Section        0  deca_spi.o(i.readfromspi)
    i.reset_DW1000                           0x080049d8   Section        0  dw1000.o(i.reset_DW1000)
    i.unlockflash                            0x08004a20   Section        0  testing.o(i.unlockflash)
    i.usmart_cmd_rec                         0x08004a4c   Section        0  usmart.o(i.usmart_cmd_rec)
    i.usmart_exe                             0x08004b00   Section        0  usmart.o(i.usmart_exe)
    i.usmart_get_aparm                       0x08004dfc   Section        0  usmart_str.o(i.usmart_get_aparm)
    i.usmart_get_cmdname                     0x08004ed2   Section        0  usmart_str.o(i.usmart_get_cmdname)
    i.usmart_get_fname                       0x08004f08   Section        0  usmart_str.o(i.usmart_get_fname)
    i.usmart_get_fparam                      0x080050e0   Section        0  usmart_str.o(i.usmart_get_fparam)
    i.usmart_get_parmpos                     0x080051f0   Section        0  usmart_str.o(i.usmart_get_parmpos)
    i.usmart_init                            0x08005210   Section        0  usmart.o(i.usmart_init)
    i.usmart_pow                             0x0800521c   Section        0  usmart_str.o(i.usmart_pow)
    i.usmart_reset_runtime                   0x08005238   Section        0  usmart.o(i.usmart_reset_runtime)
    i.usmart_scan                            0x08005260   Section        0  usmart.o(i.usmart_scan)
    i.usmart_search_nextc                    0x0800532c   Section        0  usmart_str.o(i.usmart_search_nextc)
    i.usmart_str2num                         0x08005342   Section        0  usmart_str.o(i.usmart_str2num)
    i.usmart_strcmp                          0x08005412   Section        0  usmart_str.o(i.usmart_strcmp)
    i.usmart_strcopy                         0x08005436   Section        0  usmart_str.o(i.usmart_strcopy)
    i.usmart_strlen                          0x0800544e   Section        0  usmart_str.o(i.usmart_strlen)
    i.usmart_sys_cmd_exe                     0x08005468   Section        0  usmart.o(i.usmart_sys_cmd_exe)
    i.write_addr                             0x08005b5c   Section        0  usmart.o(i.write_addr)
    i.writetospi                             0x08005b60   Section        0  deca_spi.o(i.writetospi)
    .constdata                               0x08005bd0   Section       24  system_stm32f0xx.o(.constdata)
    .constdata                               0x08005be8   Section      174  deca_params_init.o(.constdata)
    .conststring                             0x08005c98   Section       40  usmart.o(.conststring)
    .conststring                             0x08005cc0   Section      118  usmart_config.o(.conststring)
    .data                                    0x20000000   Section        4  stm32f0xx_hal.o(.data)
    .data                                    0x20000004   Section        4  system_stm32f0xx.o(.data)
    .data                                    0x20000008   Section        4  stm32f0xx_it.o(.data)
    tim16_cnt                                0x20000008   Data           1  stm32f0xx_it.o(.data)
    cnt                                      0x2000000a   Data           2  stm32f0xx_it.o(.data)
    .data                                    0x20000010   Section      163  main.o(.data)
    config                                   0x20000010   Data          12  main.o(.data)
    tag_id                                   0x2000001c   Data           2  main.o(.data)
    tag_delay                                0x2000001e   Data           2  main.o(.data)
    tx_poll_msg                              0x20000020   Data          10  main.o(.data)
    rx_resp_msg                              0x2000002a   Data          12  main.o(.data)
    tx_final_msg                             0x20000036   Data          32  main.o(.data)
    tx_tell_msg                              0x20000056   Data          14  main.o(.data)
    status_reg                               0x20000064   Data           4  main.o(.data)
    final_ok                                 0x20000068   Data           1  main.o(.data)
    interrupt_triggered                      0x20000069   Data           1  main.o(.data)
    received                                 0x2000006a   Data           1  main.o(.data)
    RF_timeout                               0x2000006b   Data           1  main.o(.data)
    wearing                                  0x2000006c   Data           1  main.o(.data)
    poll_tx_ts                               0x20000088   Data           8  main.o(.data)
    resp_rx_ts                               0x20000090   Data           8  main.o(.data)
    final_tx_ts                              0x20000098   Data           8  main.o(.data)
    online_tx_ts                             0x200000a0   Data           8  main.o(.data)
    tag_order                                0x200000a8   Data           4  main.o(.data)
    .data                                    0x200000b4   Section        4  delay.o(.data)
    fac_us                                   0x200000b4   Data           1  delay.o(.data)
    fac_ms                                   0x200000b6   Data           2  delay.o(.data)
    .data                                    0x200000b8   Section       28  usmart.o(.data)
    .data                                    0x200000d4   Section      268  usmart_config.o(.data)
    .data                                    0x200001e0   Section        4  stdout.o(.data)
    .bss                                     0x200001e4   Section     1056  main.o(.bss)
    rx_buffer                                0x20000394   Data          60  main.o(.bss)
    dummy_buffer                             0x20000410   Data         500  main.o(.bss)
    .bss                                     0x20000604   Section       56  deca_device.o(.bss)
    dw1000local                              0x20000604   Data          56  deca_device.o(.bss)
    STACK                                    0x20000640   Section     1024  startup_stm32f072xb.o(STACK)

    Global Symbols

    Symbol Name                              Value     Ov Type        Size  Object(Section)

    BuildAttributes$$THM_ISAv3M$S$PE$A:L22$X:L11$S22$IEEE1$IW$USESV6$~STKCKD$USESV7$~SHL$OSPACE$ROPI$EBA8$MICROLIB$REQ8$PRES8$EABIv2 0x00000000   Number         0  anon$$obj.o ABSOLUTE
    __ARM_use_no_argv                        0x00000000   Number         0  main.o ABSOLUTE
    _printf_a                                0x00000000   Number         0  stubs.o ABSOLUTE
    _printf_c                                0x00000000   Number         0  stubs.o ABSOLUTE
    _printf_charcount                        0x00000000   Number         0  stubs.o ABSOLUTE
    _printf_d                                0x00000000   Number         0  stubs.o ABSOLUTE
    _printf_e                                0x00000000   Number         0  stubs.o ABSOLUTE
    _printf_f                                0x00000000   Number         0  stubs.o ABSOLUTE
    _printf_flags                            0x00000000   Number         0  stubs.o ABSOLUTE
    _printf_fp_dec                           0x00000000   Number         0  stubs.o ABSOLUTE
    _printf_fp_hex                           0x00000000   Number         0  stubs.o ABSOLUTE
    _printf_g                                0x00000000   Number         0  stubs.o ABSOLUTE
    _printf_i                                0x00000000   Number         0  stubs.o ABSOLUTE
    _printf_int_dec                          0x00000000   Number         0  stubs.o ABSOLUTE
    _printf_l                                0x00000000   Number         0  stubs.o ABSOLUTE
    _printf_lc                               0x00000000   Number         0  stubs.o ABSOLUTE
    _printf_ll                               0x00000000   Number         0  stubs.o ABSOLUTE
    _printf_lld                              0x00000000   Number         0  stubs.o ABSOLUTE
    _printf_lli                              0x00000000   Number         0  stubs.o ABSOLUTE
    _printf_llo                              0x00000000   Number         0  stubs.o ABSOLUTE
    _printf_llu                              0x00000000   Number         0  stubs.o ABSOLUTE
    _printf_llx                              0x00000000   Number         0  stubs.o ABSOLUTE
    _printf_longlong_dec                     0x00000000   Number         0  stubs.o ABSOLUTE
    _printf_longlong_hex                     0x00000000   Number         0  stubs.o ABSOLUTE
    _printf_longlong_oct                     0x00000000   Number         0  stubs.o ABSOLUTE
    _printf_ls                               0x00000000   Number         0  stubs.o ABSOLUTE
    _printf_mbtowc                           0x00000000   Number         0  stubs.o ABSOLUTE
    _printf_n                                0x00000000   Number         0  stubs.o ABSOLUTE
    _printf_o                                0x00000000   Number         0  stubs.o ABSOLUTE
    _printf_p                                0x00000000   Number         0  stubs.o ABSOLUTE
    _printf_percent                          0x00000000   Number         0  stubs.o ABSOLUTE
    _printf_pre_padding                      0x00000000   Number         0  stubs.o ABSOLUTE
    _printf_return_value                     0x00000000   Number         0  stubs.o ABSOLUTE
    _printf_s                                0x00000000   Number         0  stubs.o ABSOLUTE
    _printf_sizespec                         0x00000000   Number         0  stubs.o ABSOLUTE
    _printf_str                              0x00000000   Number         0  stubs.o ABSOLUTE
    _printf_truncate_signed                  0x00000000   Number         0  stubs.o ABSOLUTE
    _printf_truncate_unsigned                0x00000000   Number         0  stubs.o ABSOLUTE
    _printf_u                                0x00000000   Number         0  stubs.o ABSOLUTE
    _printf_wc                               0x00000000   Number         0  stubs.o ABSOLUTE
    _printf_wctomb                           0x00000000   Number         0  stubs.o ABSOLUTE
    _printf_widthprec                        0x00000000   Number         0  stubs.o ABSOLUTE
    _printf_x                                0x00000000   Number         0  stubs.o ABSOLUTE
    __cpp_initialize__aeabi_                  - Undefined Weak Reference
    __cxa_finalize                            - Undefined Weak Reference
    _clock_init                               - Undefined Weak Reference
    _microlib_exit                            - Undefined Weak Reference
    __Vectors_Size                           0x000000c0   Number         0  startup_stm32f072xb.o ABSOLUTE
    __Vectors                                0x08000000   Data           4  startup_stm32f072xb.o(RESET)
    __Vectors_End                            0x080000c0   Data           0  startup_stm32f072xb.o(RESET)
    __main                                   0x080000c1   Thumb Code     0  entry.o(.ARM.Collect$$$$00000000)
    _main_stk                                0x080000c1   Thumb Code     0  entry2.o(.ARM.Collect$$$$00000001)
    _main_scatterload                        0x080000c5   Thumb Code     0  entry5.o(.ARM.Collect$$$$00000004)
    __main_after_scatterload                 0x080000c9   Thumb Code     0  entry5.o(.ARM.Collect$$$$00000004)
    _main_clock                              0x080000c9   Thumb Code     0  entry7b.o(.ARM.Collect$$$$00000008)
    _main_cpp_init                           0x080000c9   Thumb Code     0  entry8b.o(.ARM.Collect$$$$0000000A)
    _main_init                               0x080000c9   Thumb Code     0  entry9a.o(.ARM.Collect$$$$0000000B)
    __rt_final_cpp                           0x080000d1   Thumb Code     0  entry10a.o(.ARM.Collect$$$$0000000D)
    __rt_final_exit                          0x080000d1   Thumb Code     0  entry11a.o(.ARM.Collect$$$$0000000F)
    Reset_Handler                            0x080000d5   Thumb Code     8  startup_stm32f072xb.o(.text)
    ADC1_COMP_IRQHandler                     0x080000e7   Thumb Code     0  startup_stm32f072xb.o(.text)
    CEC_CAN_IRQHandler                       0x080000e7   Thumb Code     0  startup_stm32f072xb.o(.text)
    DMA1_Channel1_IRQHandler                 0x080000e7   Thumb Code     0  startup_stm32f072xb.o(.text)
    DMA1_Channel2_3_IRQHandler               0x080000e7   Thumb Code     0  startup_stm32f072xb.o(.text)
    DMA1_Channel4_5_6_7_IRQHandler           0x080000e7   Thumb Code     0  startup_stm32f072xb.o(.text)
    EXTI0_1_IRQHandler                       0x080000e7   Thumb Code     0  startup_stm32f072xb.o(.text)
    EXTI4_15_IRQHandler                      0x080000e7   Thumb Code     0  startup_stm32f072xb.o(.text)
    FLASH_IRQHandler                         0x080000e7   Thumb Code     0  startup_stm32f072xb.o(.text)
    I2C1_IRQHandler                          0x080000e7   Thumb Code     0  startup_stm32f072xb.o(.text)
    I2C2_IRQHandler                          0x080000e7   Thumb Code     0  startup_stm32f072xb.o(.text)
    PVD_VDDIO2_IRQHandler                    0x080000e7   Thumb Code     0  startup_stm32f072xb.o(.text)
    RCC_CRS_IRQHandler                       0x080000e7   Thumb Code     0  startup_stm32f072xb.o(.text)
    RTC_IRQHandler                           0x080000e7   Thumb Code     0  startup_stm32f072xb.o(.text)
    SPI1_IRQHandler                          0x080000e7   Thumb Code     0  startup_stm32f072xb.o(.text)
    SPI2_IRQHandler                          0x080000e7   Thumb Code     0  startup_stm32f072xb.o(.text)
    TIM15_IRQHandler                         0x080000e7   Thumb Code     0  startup_stm32f072xb.o(.text)
    TIM17_IRQHandler                         0x080000e7   Thumb Code     0  startup_stm32f072xb.o(.text)
    TIM1_BRK_UP_TRG_COM_IRQHandler           0x080000e7   Thumb Code     0  startup_stm32f072xb.o(.text)
    TIM1_CC_IRQHandler                       0x080000e7   Thumb Code     0  startup_stm32f072xb.o(.text)
    TIM2_IRQHandler                          0x080000e7   Thumb Code     0  startup_stm32f072xb.o(.text)
    TIM3_IRQHandler                          0x080000e7   Thumb Code     0  startup_stm32f072xb.o(.text)
    TIM6_DAC_IRQHandler                      0x080000e7   Thumb Code     0  startup_stm32f072xb.o(.text)
    TIM7_IRQHandler                          0x080000e7   Thumb Code     0  startup_stm32f072xb.o(.text)
    TSC_IRQHandler                           0x080000e7   Thumb Code     0  startup_stm32f072xb.o(.text)
    USART2_IRQHandler                        0x080000e7   Thumb Code     0  startup_stm32f072xb.o(.text)
    USART3_4_IRQHandler                      0x080000e7   Thumb Code     0  startup_stm32f072xb.o(.text)
    USB_IRQHandler                           0x080000e7   Thumb Code     0  startup_stm32f072xb.o(.text)
    WWDG_IRQHandler                          0x080000e7   Thumb Code     0  startup_stm32f072xb.o(.text)
    __aeabi_uidiv                            0x080000f1   Thumb Code     0  uidiv.o(.text)
    __aeabi_uidivmod                         0x080000f1   Thumb Code    44  uidiv.o(.text)
    __aeabi_idiv                             0x0800011d   Thumb Code     0  idiv.o(.text)
    __aeabi_idivmod                          0x0800011d   Thumb Code    40  idiv.o(.text)
    __aeabi_llsr                             0x08000145   Thumb Code    34  llushr.o(.text)
    _ll_ushift_r                             0x08000145   Thumb Code     0  llushr.o(.text)
    __aeabi_memcpy                           0x08000167   Thumb Code    36  memcpya.o(.text)
    __aeabi_memcpy4                          0x08000167   Thumb Code     0  memcpya.o(.text)
    __aeabi_memcpy8                          0x08000167   Thumb Code     0  memcpya.o(.text)
    __aeabi_memset                           0x0800018b   Thumb Code    14  memseta.o(.text)
    __aeabi_memset4                          0x0800018b   Thumb Code     0  memseta.o(.text)
    __aeabi_memset8                          0x0800018b   Thumb Code     0  memseta.o(.text)
    __aeabi_memclr                           0x08000199   Thumb Code     4  memseta.o(.text)
    __aeabi_memclr4                          0x08000199   Thumb Code     0  memseta.o(.text)
    __aeabi_memclr8                          0x08000199   Thumb Code     0  memseta.o(.text)
    _memset$wrapper                          0x0800019d   Thumb Code    18  memseta.o(.text)
    memcmp                                   0x080001af   Thumb Code    26  memcmp.o(.text)
    __aeabi_uldivmod                         0x080001c9   Thumb Code    96  uldiv.o(.text)
    __scatterload                            0x08000229   Thumb Code    28  init.o(.text)
    __scatterload_rt2                        0x08000229   Thumb Code     0  init.o(.text)
    __aeabi_llsl                             0x0800024d   Thumb Code    32  llshl.o(.text)
    _ll_shift_l                              0x0800024d   Thumb Code     0  llshl.o(.text)
    __decompress                             0x0800026d   Thumb Code     0  __dczerorl2.o(.text)
    __decompress1                            0x0800026d   Thumb Code    86  __dczerorl2.o(.text)
    usmart_get_runtime                       0x080002c5   Thumb Code    42  usmart.o(RAMCODE)
    Delay_ms                                 0x080002fd   Thumb Code    82  delay.o(i.Delay_ms)
    EXTI2_3_IRQHandler                       0x08000359   Thumb Code    72  main.o(i.EXTI2_3_IRQHandler)
    Error_Handler                            0x08000409   Thumb Code     4  main.o(i.Error_Handler)
    HAL_Delay                                0x0800040d   Thumb Code    12  delay.o(i.HAL_Delay)
    HAL_GPIO_Init                            0x08000419   Thumb Code   480  stm32f0xx_hal_gpio.o(i.HAL_GPIO_Init)
    HAL_GPIO_ReadPin                         0x08000615   Thumb Code    18  stm32f0xx_hal_gpio.o(i.HAL_GPIO_ReadPin)
    HAL_GPIO_WritePin                        0x08000627   Thumb Code    12  stm32f0xx_hal_gpio.o(i.HAL_GPIO_WritePin)
    HAL_GetTick                              0x08000635   Thumb Code     6  stm32f0xx_hal.o(i.HAL_GetTick)
    HAL_IncTick                              0x08000641   Thumb Code    12  stm32f0xx_hal.o(i.HAL_IncTick)
    HAL_Init                                 0x08000651   Thumb Code    28  stm32f0xx_hal.o(i.HAL_Init)
    HAL_InitTick                             0x08000671   Thumb Code    38  stm32f0xx_hal.o(i.HAL_InitTick)
    HAL_MspInit                              0x08000699   Thumb Code    62  stm32f0xx_hal_msp.o(i.HAL_MspInit)
    HAL_NVIC_EnableIRQ                       0x080006dd   Thumb Code    18  stm32f0xx_hal_cortex.o(i.HAL_NVIC_EnableIRQ)
    HAL_NVIC_SetPriority                     0x080006f5   Thumb Code    18  stm32f0xx_hal_cortex.o(i.HAL_NVIC_SetPriority)
    HAL_RCCEx_PeriphCLKConfig                0x08000709   Thumb Code   406  stm32f0xx_hal_rcc_ex.o(i.HAL_RCCEx_PeriphCLKConfig)
    HAL_RCC_ClockConfig                      0x080008ad   Thumb Code   444  stm32f0xx_hal_rcc.o(i.HAL_RCC_ClockConfig)
    HAL_RCC_GetHCLKFreq                      0x08000a7d   Thumb Code     6  stm32f0xx_hal_rcc.o(i.HAL_RCC_GetHCLKFreq)
    HAL_RCC_GetPCLK1Freq                     0x08000a89   Thumb Code    26  stm32f0xx_hal_rcc.o(i.HAL_RCC_GetPCLK1Freq)
    HAL_RCC_GetSysClockFreq                  0x08000aad   Thumb Code   194  stm32f0xx_hal_rcc.o(i.HAL_RCC_GetSysClockFreq)
    HAL_RCC_OscConfig                        0x08000b9d   Thumb Code  1532  stm32f0xx_hal_rcc.o(i.HAL_RCC_OscConfig)
    HAL_SPIEx_FlushRxFifo                    0x0800119d   Thumb Code    46  stm32f0xx_hal_spi_ex.o(i.HAL_SPIEx_FlushRxFifo)
    HAL_SPI_Init                             0x080011cd   Thumb Code   234  stm32f0xx_hal_spi.o(i.HAL_SPI_Init)
    HAL_SPI_MspInit                          0x080012bd   Thumb Code   146  stm32f0xx_hal_msp.o(i.HAL_SPI_MspInit)
    HAL_SPI_Receive                          0x08001361   Thumb Code   694  stm32f0xx_hal_spi.o(i.HAL_SPI_Receive)
    HAL_SPI_Transmit                         0x08001621   Thumb Code   454  stm32f0xx_hal_spi.o(i.HAL_SPI_Transmit)
    HAL_SPI_TransmitReceive                  0x080017ed   Thumb Code   892  stm32f0xx_hal_spi.o(i.HAL_SPI_TransmitReceive)
    HAL_SYSTICK_CLKSourceConfig              0x08001b71   Thumb Code    32  stm32f0xx_hal_cortex.o(i.HAL_SYSTICK_CLKSourceConfig)
    HAL_SYSTICK_Callback                     0x08001b95   Thumb Code     2  stm32f0xx_hal_cortex.o(i.HAL_SYSTICK_Callback)
    HAL_SYSTICK_Config                       0x08001b99   Thumb Code    46  stm32f0xx_hal_cortex.o(i.HAL_SYSTICK_Config)
    HAL_SYSTICK_IRQHandler                   0x08001bd1   Thumb Code     8  stm32f0xx_hal_cortex.o(i.HAL_SYSTICK_IRQHandler)
    HAL_TIMEx_BreakCallback                  0x08001bd9   Thumb Code     2  stm32f0xx_hal_tim_ex.o(i.HAL_TIMEx_BreakCallback)
    HAL_TIMEx_CommutationCallback            0x08001bdb   Thumb Code     2  stm32f0xx_hal_tim_ex.o(i.HAL_TIMEx_CommutationCallback)
    HAL_TIM_Base_Init                        0x08001bdd   Thumb Code    56  stm32f0xx_hal_tim.o(i.HAL_TIM_Base_Init)
    HAL_TIM_Base_MspInit                     0x08001c15   Thumb Code   124  stm32f0xx_hal_msp.o(i.HAL_TIM_Base_MspInit)
    HAL_TIM_Base_Start_IT                    0x08001c9d   Thumb Code    30  stm32f0xx_hal_tim.o(i.HAL_TIM_Base_Start_IT)
    HAL_TIM_IC_CaptureCallback               0x08001cbb   Thumb Code     2  stm32f0xx_hal_tim.o(i.HAL_TIM_IC_CaptureCallback)
    HAL_TIM_IRQHandler                       0x08001cbd   Thumb Code   456  stm32f0xx_hal_tim.o(i.HAL_TIM_IRQHandler)
    HAL_TIM_OC_DelayElapsedCallback          0x08001e85   Thumb Code     2  stm32f0xx_hal_tim.o(i.HAL_TIM_OC_DelayElapsedCallback)
    HAL_TIM_PWM_PulseFinishedCallback        0x08001e87   Thumb Code     2  stm32f0xx_hal_tim.o(i.HAL_TIM_PWM_PulseFinishedCallback)
    HAL_TIM_PeriodElapsedCallback            0x08001e89   Thumb Code   324  stm32f0xx_it.o(i.HAL_TIM_PeriodElapsedCallback)
    HAL_TIM_TriggerCallback                  0x08002005   Thumb Code     2  stm32f0xx_hal_tim.o(i.HAL_TIM_TriggerCallback)
    HAL_UARTEx_WakeupCallback                0x08002007   Thumb Code     2  stm32f0xx_hal_uart_ex.o(i.HAL_UARTEx_WakeupCallback)
    HAL_UART_ErrorCallback                   0x08002009   Thumb Code     2  stm32f0xx_hal_uart.o(i.HAL_UART_ErrorCallback)
    HAL_UART_IRQHandler                      0x0800200b   Thumb Code   314  stm32f0xx_hal_uart.o(i.HAL_UART_IRQHandler)
    HAL_UART_Init                            0x08002145   Thumb Code   130  stm32f0xx_hal_uart.o(i.HAL_UART_Init)
    HAL_UART_MspInit                         0x080021c9   Thumb Code    98  stm32f0xx_hal_msp.o(i.HAL_UART_MspInit)
    HAL_UART_Receive_IT                      0x08002235   Thumb Code   244  stm32f0xx_hal_uart.o(i.HAL_UART_Receive_IT)
    HAL_UART_RxCpltCallback                  0x0800232d   Thumb Code    56  stm32f0xx_it.o(i.HAL_UART_RxCpltCallback)
    HAL_UART_Transmit                        0x0800238d   Thumb Code   226  stm32f0xx_hal_uart.o(i.HAL_UART_Transmit)
    HAL_UART_TxCpltCallback                  0x0800246f   Thumb Code     2  stm32f0xx_hal_uart.o(i.HAL_UART_TxCpltCallback)
    HardFault_Handler                        0x08002471   Thumb Code     4  stm32f0xx_it.o(i.HardFault_Handler)
    NMI_Handler                              0x08002795   Thumb Code     2  stm32f0xx_it.o(i.NMI_Handler)
    PendSV_Handler                           0x08002811   Thumb Code     2  stm32f0xx_it.o(i.PendSV_Handler)
    SVC_Handler                              0x08002a4d   Thumb Code     2  stm32f0xx_it.o(i.SVC_Handler)
    SysTick_Handler                          0x08002a4f   Thumb Code    12  stm32f0xx_it.o(i.SysTick_Handler)
    SystemClock_Config                       0x08002a5b   Thumb Code   138  main.o(i.SystemClock_Config)
    SystemInit                               0x08002ae5   Thumb Code   102  system_stm32f0xx.o(i.SystemInit)
    TIM14_IRQHandler                         0x08002b5d   Thumb Code    10  stm32f0xx_it.o(i.TIM14_IRQHandler)
    TIM16_IRQHandler                         0x08002b6d   Thumb Code    36  stm32f0xx_it.o(i.TIM16_IRQHandler)
    TIM_Base_SetConfig                       0x08002b99   Thumb Code   140  stm32f0xx_hal_tim.o(i.TIM_Base_SetConfig)
    UART_AdvFeatureConfig                    0x08002c3d   Thumb Code   240  stm32f0xx_hal_uart.o(i.UART_AdvFeatureConfig)
    UART_CheckIdleState                      0x08002d2d   Thumb Code   116  stm32f0xx_hal_uart.o(i.UART_CheckIdleState)
    UART_EndTransmit_IT                      0x08002da9   Thumb Code    32  stm32f0xx_hal_uart.o(i.UART_EndTransmit_IT)
    UART_Receive_IT                          0x08002dc9   Thumb Code   156  stm32f0xx_hal_uart.o(i.UART_Receive_IT)
    UART_SetConfig                           0x08002e65   Thumb Code   528  stm32f0xx_hal_uart.o(i.UART_SetConfig)
    UART_Transmit_IT                         0x08003099   Thumb Code   114  stm32f0xx_hal_uart.o(i.UART_Transmit_IT)
    UART_WaitOnFlagUntilTimeout              0x0800310b   Thumb Code   262  stm32f0xx_hal_uart.o(i.UART_WaitOnFlagUntilTimeout)
    USART1_IRQHandler                        0x08003211   Thumb Code    40  stm32f0xx_it.o(i.USART1_IRQHandler)
    __0printf$8                              0x08003245   Thumb Code    24  printf8.o(i.__0printf$8)
    __1printf$8                              0x08003245   Thumb Code     0  printf8.o(i.__0printf$8)
    __2printf                                0x08003245   Thumb Code     0  printf8.o(i.__0printf$8)
    __ARM_common_switch8                     0x08003265   Thumb Code    28  stm32f0xx_hal_tim.o(i.__ARM_common_switch8)
    __scatterload_copy                       0x08003281   Thumb Code    14  handlers.o(i.__scatterload_copy)
    __scatterload_null                       0x0800328f   Thumb Code     2  handlers.o(i.__scatterload_null)
    __scatterload_zeroinit                   0x08003291   Thumb Code    14  handlers.o(i.__scatterload_zeroinit)
    _dwt_aonarrayupload                      0x0800329f   Thumb Code    24  deca_device.o(i._dwt_aonarrayupload)
    _dwt_aonconfigupload                     0x080032b7   Thumb Code    24  deca_device.o(i._dwt_aonconfigupload)
    _dwt_configlde                           0x080032d1   Thumb Code    42  deca_device.o(i._dwt_configlde)
    _dwt_disablesequencing                   0x0800330d   Thumb Code    20  deca_device.o(i._dwt_disablesequencing)
    _dwt_enableclocks                        0x08003321   Thumb Code   236  deca_device.o(i._dwt_enableclocks)
    _dwt_loaducodefromrom                    0x0800340d   Thumb Code    34  deca_device.o(i._dwt_loaducodefromrom)
    _dwt_otpread                             0x0800342f   Thumb Code    48  deca_device.o(i._dwt_otpread)
    deca_sleep                               0x080038d5   Thumb Code    12  deca_sleep.o(i.deca_sleep)
    decamutexoff                             0x080038e1   Thumb Code     8  deca_mutex.o(i.decamutexoff)
    decamutexon                              0x080038e9   Thumb Code    12  deca_mutex.o(i.decamutexon)
    delay_init                               0x080038f5   Thumb Code    52  delay.o(i.delay_init)
    dw_setARER                               0x0800393d   Thumb Code    48  main.o(i.dw_setARER)
    dwt_calibratesleepcnt                    0x0800396d   Thumb Code   144  deca_device.o(i.dwt_calibratesleepcnt)
    dwt_configure                            0x080039fd   Thumb Code   516  deca_device.o(i.dwt_configure)
    dwt_configuresleep                       0x08003c39   Thumb Code    34  deca_device.o(i.dwt_configuresleep)
    dwt_configuresleepcnt                    0x08003c61   Thumb Code    70  deca_device.o(i.dwt_configuresleepcnt)
    dwt_entersleep                           0x08003ca7   Thumb Code     8  deca_device.o(i.dwt_entersleep)
    dwt_forcetrxoff                          0x08003cb1   Thumb Code    76  deca_device.o(i.dwt_forcetrxoff)
    dwt_initialise                           0x08003d05   Thumb Code   244  deca_device.o(i.dwt_initialise)
    dwt_read16bitoffsetreg                   0x08003e05   Thumb Code    38  deca_device.o(i.dwt_read16bitoffsetreg)
    dwt_read32bitoffsetreg                   0x08003e2b   Thumb Code    42  deca_device.o(i.dwt_read32bitoffsetreg)
    dwt_read8bitoffsetreg                    0x08003e55   Thumb Code    24  deca_device.o(i.dwt_read8bitoffsetreg)
    dwt_readdevid                            0x08003e6d   Thumb Code    12  deca_device.o(i.dwt_readdevid)
    dwt_readfromdevice                       0x08003e79   Thumb Code    80  deca_device.o(i.dwt_readfromdevice)
    dwt_readrxdata                           0x08003ec9   Thumb Code    22  deca_device.o(i.dwt_readrxdata)
    dwt_readrxtimestamp                      0x08003edf   Thumb Code    18  deca_device.o(i.dwt_readrxtimestamp)
    dwt_readtxtimestamp                      0x08003ef1   Thumb Code    18  deca_device.o(i.dwt_readtxtimestamp)
    dwt_rxenable                             0x08003f03   Thumb Code   102  deca_device.o(i.dwt_rxenable)
    dwt_rxreset                              0x08003f69   Thumb Code    24  deca_device.o(i.dwt_rxreset)
    dwt_setinterrupt                         0x08003f81   Thumb Code    58  deca_device.o(i.dwt_setinterrupt)
    dwt_setleds                              0x08003fbb   Thumb Code   164  deca_device.o(i.dwt_setleds)
    dwt_setrxantennadelay                    0x08004061   Thumb Code    16  deca_device.o(i.dwt_setrxantennadelay)
    dwt_setrxtimeout                         0x08004075   Thumb Code    90  deca_device.o(i.dwt_setrxtimeout)
    dwt_settxantennadelay                    0x080040d5   Thumb Code    16  deca_device.o(i.dwt_settxantennadelay)
    dwt_setxtaltrim                          0x080040e5   Thumb Code    26  deca_device.o(i.dwt_setxtaltrim)
    dwt_softreset                            0x08004101   Thumb Code    64  deca_device.o(i.dwt_softreset)
    dwt_spicswakeup                          0x08004145   Thumb Code    58  deca_device.o(i.dwt_spicswakeup)
    dwt_starttx                              0x08004185   Thumb Code   122  deca_device.o(i.dwt_starttx)
    dwt_syncrxbufptrs                        0x08004205   Thumb Code    38  deca_device.o(i.dwt_syncrxbufptrs)
    dwt_write16bitoffsetreg                  0x0800422b   Thumb Code    30  deca_device.o(i.dwt_write16bitoffsetreg)
    dwt_write32bitoffsetreg                  0x08004249   Thumb Code    38  deca_device.o(i.dwt_write32bitoffsetreg)
    dwt_write8bitoffsetreg                   0x0800426f   Thumb Code    20  deca_device.o(i.dwt_write8bitoffsetreg)
    dwt_writetodevice                        0x08004283   Thumb Code   100  deca_device.o(i.dwt_writetodevice)
    dwt_writetxdata                          0x080042e7   Thumb Code    40  deca_device.o(i.dwt_writetxdata)
    dwt_writetxfctrl                         0x08004311   Thumb Code    36  deca_device.o(i.dwt_writetxfctrl)
    fputc                                    0x08004355   Thumb Code    26  stm32f0xx_hal_msp.o(i.fputc)
    main                                     0x080043d1   Thumb Code  1406  main.o(i.main)
    read_addr                                0x08004975   Thumb Code     6  usmart.o(i.read_addr)
    readfromspi                              0x0800497d   Thumb Code    82  deca_spi.o(i.readfromspi)
    reset_DW1000                             0x080049d9   Thumb Code    66  dw1000.o(i.reset_DW1000)
    unlockflash                              0x08004a21   Thumb Code    12  testing.o(i.unlockflash)
    usmart_cmd_rec                           0x08004a4d   Thumb Code   176  usmart.o(i.usmart_cmd_rec)
    usmart_exe                               0x08004b01   Thumb Code   672  usmart.o(i.usmart_exe)
    usmart_get_aparm                         0x08004dfd   Thumb Code   214  usmart_str.o(i.usmart_get_aparm)
    usmart_get_cmdname                       0x08004ed3   Thumb Code    54  usmart_str.o(i.usmart_get_cmdname)
    usmart_get_fname                         0x08004f09   Thumb Code   462  usmart_str.o(i.usmart_get_fname)
    usmart_get_fparam                        0x080050e1   Thumb Code   266  usmart_str.o(i.usmart_get_fparam)
    usmart_get_parmpos                       0x080051f1   Thumb Code    26  usmart_str.o(i.usmart_get_parmpos)
    usmart_init                              0x08005211   Thumb Code     8  usmart.o(i.usmart_init)
    usmart_pow                               0x0800521d   Thumb Code    26  usmart_str.o(i.usmart_pow)
    usmart_reset_runtime                     0x08005239   Thumb Code    28  usmart.o(i.usmart_reset_runtime)
    usmart_scan                              0x08005261   Thumb Code   136  usmart.o(i.usmart_scan)
    usmart_search_nextc                      0x0800532d   Thumb Code    22  usmart_str.o(i.usmart_search_nextc)
    usmart_str2num                           0x08005343   Thumb Code   208  usmart_str.o(i.usmart_str2num)
    usmart_strcmp                            0x08005413   Thumb Code    36  usmart_str.o(i.usmart_strcmp)
    usmart_strcopy                           0x08005437   Thumb Code    24  usmart_str.o(i.usmart_strcopy)
    usmart_strlen                            0x0800544f   Thumb Code    26  usmart_str.o(i.usmart_strlen)
    usmart_sys_cmd_exe                       0x08005469   Thumb Code  1566  usmart.o(i.usmart_sys_cmd_exe)
    write_addr                               0x08005b5d   Thumb Code     4  usmart.o(i.write_addr)
    writetospi                               0x08005b61   Thumb Code   104  deca_spi.o(i.writetospi)
    AHBPrescTable                            0x08005bd0   Data          16  system_stm32f0xx.o(.constdata)
    APBPrescTable                            0x08005be0   Data           8  system_stm32f0xx.o(.constdata)
    chan_idx                                 0x08005be8   Data           8  deca_params_init.o(.constdata)
    tx_config                                0x08005bf0   Data          24  deca_params_init.o(.constdata)
    fs_pll_cfg                               0x08005c08   Data          24  deca_params_init.o(.constdata)
    fs_pll_tune                              0x08005c20   Data           6  deca_params_init.o(.constdata)
    rx_config                                0x08005c26   Data           2  deca_params_init.o(.constdata)
    agc_config                               0x08005c28   Data           8  deca_params_init.o(.constdata)
    dwnsSFDlen                               0x08005c30   Data           3  deca_params_init.o(.constdata)
    sftsh                                    0x08005c34   Data          12  deca_params_init.o(.constdata)
    dtune1                                   0x08005c40   Data           4  deca_params_init.o(.constdata)
    digital_bb_config                        0x08005c44   Data          32  deca_params_init.o(.constdata)
    lde_replicaCoeff                         0x08005c64   Data          50  deca_params_init.o(.constdata)
    Region$$Table$$Base                      0x08005d38   Number         0  anon$$obj.o(Region$$Table)
    Region$$Table$$Limit                     0x08005d58   Number         0  anon$$obj.o(Region$$Table)
    uwTick                                   0x20000000   Data           4  stm32f0xx_hal.o(.data)
    SystemCoreClock                          0x20000004   Data           4  system_stm32f0xx.o(.data)
    localtime                                0x20000070   Data           4  main.o(.data)
    acTime                                   0x20000074   Data           4  main.o(.data)
    startCnt                                 0x20000078   Data           2  main.o(.data)
    cnta                                     0x2000007a   Data           2  main.o(.data)
    startTime                                0x2000007c   Data           4  main.o(.data)
    startFlag                                0x20000080   Data           1  main.o(.data)
    flag10s                                  0x20000081   Data           1  main.o(.data)
    cntx                                     0x20000082   Data           1  main.o(.data)
    start_frame_len                          0x200000ac   Data           4  main.o(.data)
    USART_STA                                0x200000b0   Data           2  main.o(.data)
    newdata                                  0x200000b2   Data           1  main.o(.data)
    sys_cmd_tab                              0x200000b8   Data          28  usmart.o(.data)
    usmart_nametab                           0x200000d4   Data          24  usmart_config.o(.data)
    usmart_dev                               0x200000ec   Data         244  usmart_config.o(.data)
    __stdout                                 0x200001e0   Data           4  stdout.o(.data)
    hspi1                                    0x200001e4   Data         100  main.o(.bss)
    hspi2                                    0x20000248   Data         100  main.o(.bss)
    htim14                                   0x200002ac   Data          60  main.o(.bss)
    htim16                                   0x200002e8   Data          60  main.o(.bss)
    huart1                                   0x20000324   Data         112  main.o(.bss)
    usart_rx_buff                            0x200003d0   Data          64  main.o(.bss)
    __initial_sp                             0x20000a40   Data           0  startup_stm32f072xb.o(STACK)



==============================================================================

Memory Map of the image

  Image Entry point : 0x080000c1

  Load Region LR_IROM1 (Base: 0x08000000, Size: 0x00005f3c, Max: 0x00020000, ABSOLUTE, COMPRESSED[0x00005dcc])

    Execution Region ER_IROM1 (Base: 0x08000000, Size: 0x00005d58, Max: 0x00020000, ABSOLUTE)

    Base Addr    Size         Type   Attr      Idx    E Section Name        Object

    0x08000000   0x000000c0   Data   RO         3025    RESET               startup_stm32f072xb.o
    0x080000c0   0x00000000   Code   RO         4272  * .ARM.Collect$$$$00000000  mc_p.l(entry.o)
    0x080000c0   0x00000004   Code   RO         4550    .ARM.Collect$$$$00000001  mc_p.l(entry2.o)
    0x080000c4   0x00000004   Code   RO         4553    .ARM.Collect$$$$00000004  mc_p.l(entry5.o)
    0x080000c8   0x00000000   Code   RO         4555    .ARM.Collect$$$$00000008  mc_p.l(entry7b.o)
    0x080000c8   0x00000000   Code   RO         4557    .ARM.Collect$$$$0000000A  mc_p.l(entry8b.o)
    0x080000c8   0x00000008   Code   RO         4558    .ARM.Collect$$$$0000000B  mc_p.l(entry9a.o)
    0x080000d0   0x00000000   Code   RO         4560    .ARM.Collect$$$$0000000D  mc_p.l(entry10a.o)
    0x080000d0   0x00000000   Code   RO         4562    .ARM.Collect$$$$0000000F  mc_p.l(entry11a.o)
    0x080000d0   0x00000004   Code   RO         4551    .ARM.Collect$$$$00002712  mc_p.l(entry2.o)
    0x080000d4   0x0000001c   Code   RO         3026    .text               startup_stm32f072xb.o
    0x080000f0   0x0000002c   Code   RO         4275    .text               mc_p.l(uidiv.o)
    0x0800011c   0x00000028   Code   RO         4277    .text               mc_p.l(idiv.o)
    0x08000144   0x00000022   Code   RO         4279    .text               mc_p.l(llushr.o)
    0x08000166   0x00000024   Code   RO         4281    .text               mc_p.l(memcpya.o)
    0x0800018a   0x00000024   Code   RO         4283    .text               mc_p.l(memseta.o)
    0x080001ae   0x0000001a   Code   RO         4285    .text               mc_p.l(memcmp.o)
    0x080001c8   0x00000060   Code   RO         4565    .text               mc_p.l(uldiv.o)
    0x08000228   0x00000024   Code   RO         4578    .text               mc_p.l(init.o)
    0x0800024c   0x00000020   Code   RO         4580    .text               mc_p.l(llshl.o)
    0x0800026c   0x00000056   Code   RO         4596    .text               mc_p.l(__dczerorl2.o)
    0x080002c2   0x00000002   PAD
    0x080002c4   0x00000038   Code   RO         4101    RAMCODE             usmart.o
    0x080002fc   0x0000005c   Code   RO         3341    i.Delay_ms          delay.o
    0x08000358   0x00000058   Code   RO         3210    i.EXTI2_3_IRQHandler  main.o
    0x080003b0   0x00000058   Code   RO         3211    i.EXTI2_3_IRQHandler_Config  main.o
    0x08000408   0x00000004   Code   RO         3212    i.Error_Handler     main.o
    0x0800040c   0x0000000c   Code   RO         3343    i.HAL_Delay         delay.o
    0x08000418   0x000001fc   Code   RO         1725    i.HAL_GPIO_Init     stm32f0xx_hal_gpio.o
    0x08000614   0x00000012   Code   RO         1727    i.HAL_GPIO_ReadPin  stm32f0xx_hal_gpio.o
    0x08000626   0x0000000c   Code   RO         1729    i.HAL_GPIO_WritePin  stm32f0xx_hal_gpio.o
    0x08000632   0x00000002   PAD
    0x08000634   0x0000000c   Code   RO         2038    i.HAL_GetTick       stm32f0xx_hal.o
    0x08000640   0x00000010   Code   RO         2039    i.HAL_IncTick       stm32f0xx_hal.o
    0x08000650   0x00000020   Code   RO         2040    i.HAL_Init          stm32f0xx_hal.o
    0x08000670   0x00000026   Code   RO         2041    i.HAL_InitTick      stm32f0xx_hal.o
    0x08000696   0x00000002   PAD
    0x08000698   0x00000044   Code   RO         3153    i.HAL_MspInit       stm32f0xx_hal_msp.o
    0x080006dc   0x00000018   Code   RO         2580    i.HAL_NVIC_EnableIRQ  stm32f0xx_hal_cortex.o
    0x080006f4   0x00000012   Code   RO         2584    i.HAL_NVIC_SetPriority  stm32f0xx_hal_cortex.o
    0x08000706   0x00000002   PAD
    0x08000708   0x000001a4   Code   RO         1795    i.HAL_RCCEx_PeriphCLKConfig  stm32f0xx_hal_rcc_ex.o
    0x080008ac   0x000001d0   Code   RO         1871    i.HAL_RCC_ClockConfig  stm32f0xx_hal_rcc.o
    0x08000a7c   0x0000000c   Code   RO         1876    i.HAL_RCC_GetHCLKFreq  stm32f0xx_hal_rcc.o
    0x08000a88   0x00000024   Code   RO         1878    i.HAL_RCC_GetPCLK1Freq  stm32f0xx_hal_rcc.o
    0x08000aac   0x000000f0   Code   RO         1879    i.HAL_RCC_GetSysClockFreq  stm32f0xx_hal_rcc.o
    0x08000b9c   0x00000600   Code   RO         1882    i.HAL_RCC_OscConfig  stm32f0xx_hal_rcc.o
    0x0800119c   0x0000002e   Code   RO         2972    i.HAL_SPIEx_FlushRxFifo  stm32f0xx_hal_spi_ex.o
    0x080011ca   0x00000002   PAD
    0x080011cc   0x000000f0   Code   RO         2680    i.HAL_SPI_Init      stm32f0xx_hal_spi.o
    0x080012bc   0x000000a4   Code   RO         3155    i.HAL_SPI_MspInit   stm32f0xx_hal_msp.o
    0x08001360   0x000002c0   Code   RO         2683    i.HAL_SPI_Receive   stm32f0xx_hal_spi.o
    0x08001620   0x000001cc   Code   RO         2688    i.HAL_SPI_Transmit  stm32f0xx_hal_spi.o
    0x080017ec   0x00000384   Code   RO         2689    i.HAL_SPI_TransmitReceive  stm32f0xx_hal_spi.o
    0x08001b70   0x00000024   Code   RO         2586    i.HAL_SYSTICK_CLKSourceConfig  stm32f0xx_hal_cortex.o
    0x08001b94   0x00000002   Code   RO         2587    i.HAL_SYSTICK_Callback  stm32f0xx_hal_cortex.o
    0x08001b96   0x00000002   PAD
    0x08001b98   0x00000038   Code   RO         2588    i.HAL_SYSTICK_Config  stm32f0xx_hal_cortex.o
    0x08001bd0   0x00000008   Code   RO         2589    i.HAL_SYSTICK_IRQHandler  stm32f0xx_hal_cortex.o
    0x08001bd8   0x00000002   Code   RO         2251    i.HAL_TIMEx_BreakCallback  stm32f0xx_hal_tim_ex.o
    0x08001bda   0x00000002   Code   RO         2252    i.HAL_TIMEx_CommutationCallback  stm32f0xx_hal_tim_ex.o
    0x08001bdc   0x00000038   Code   RO            5    i.HAL_TIM_Base_Init  stm32f0xx_hal_tim.o
    0x08001c14   0x00000088   Code   RO         3156    i.HAL_TIM_Base_MspInit  stm32f0xx_hal_msp.o
    0x08001c9c   0x0000001e   Code   RO           10    i.HAL_TIM_Base_Start_IT  stm32f0xx_hal_tim.o
    0x08001cba   0x00000002   Code   RO           34    i.HAL_TIM_IC_CaptureCallback  stm32f0xx_hal_tim.o
    0x08001cbc   0x000001c8   Code   RO           47    i.HAL_TIM_IRQHandler  stm32f0xx_hal_tim.o
    0x08001e84   0x00000002   Code   RO           50    i.HAL_TIM_OC_DelayElapsedCallback  stm32f0xx_hal_tim.o
    0x08001e86   0x00000002   Code   RO           77    i.HAL_TIM_PWM_PulseFinishedCallback  stm32f0xx_hal_tim.o
    0x08001e88   0x0000017c   Code   RO         3032    i.HAL_TIM_PeriodElapsedCallback  stm32f0xx_it.o
    0x08002004   0x00000002   Code   RO           88    i.HAL_TIM_TriggerCallback  stm32f0xx_hal_tim.o
    0x08002006   0x00000002   Code   RO         1969    i.HAL_UARTEx_WakeupCallback  stm32f0xx_hal_uart_ex.o
    0x08002008   0x00000002   Code   RO          992    i.HAL_UART_ErrorCallback  stm32f0xx_hal_uart.o
    0x0800200a   0x0000013a   Code   RO          995    i.HAL_UART_IRQHandler  stm32f0xx_hal_uart.o
    0x08002144   0x00000082   Code   RO          996    i.HAL_UART_Init     stm32f0xx_hal_uart.o
    0x080021c6   0x00000002   PAD
    0x080021c8   0x0000006c   Code   RO         3158    i.HAL_UART_MspInit  stm32f0xx_hal_msp.o
    0x08002234   0x000000f8   Code   RO         1001    i.HAL_UART_Receive_IT  stm32f0xx_hal_uart.o
    0x0800232c   0x00000060   Code   RO         3033    i.HAL_UART_RxCpltCallback  stm32f0xx_it.o
    0x0800238c   0x000000e2   Code   RO         1004    i.HAL_UART_Transmit  stm32f0xx_hal_uart.o
    0x0800246e   0x00000002   Code   RO         1007    i.HAL_UART_TxCpltCallback  stm32f0xx_hal_uart.o
    0x08002470   0x00000004   Code   RO         3034    i.HardFault_Handler  stm32f0xx_it.o
    0x08002474   0x000001c4   Code   RO         3213    i.MX_GPIO_Init      main.o
    0x08002638   0x00000054   Code   RO         3214    i.MX_SPI1_Init      main.o
    0x0800268c   0x00000054   Code   RO         3215    i.MX_SPI2_Init      main.o
    0x080026e0   0x00000038   Code   RO         3216    i.MX_TIM14_Init     main.o
    0x08002718   0x00000038   Code   RO         3217    i.MX_TIM16_Init     main.o
    0x08002750   0x00000044   Code   RO         3218    i.MX_USART1_UART_Init  main.o
    0x08002794   0x00000002   Code   RO         3035    i.NMI_Handler       stm32f0xx_it.o
    0x08002796   0x00000002   PAD
    0x08002798   0x00000078   Code   RO         2590    i.NVIC_SetPriority  stm32f0xx_hal_cortex.o
    0x08002810   0x00000002   Code   RO         3036    i.PendSV_Handler    stm32f0xx_it.o
    0x08002812   0x00000088   Code   RO         2714    i.SPI_EndRxTransaction  stm32f0xx_hal_spi.o
    0x0800289a   0x00000044   Code   RO         2715    i.SPI_EndRxTxTransaction  stm32f0xx_hal_spi.o
    0x080028de   0x00000002   PAD
    0x080028e0   0x000000c0   Code   RO         2722    i.SPI_WaitFifoStateUntilTimeout  stm32f0xx_hal_spi.o
    0x080029a0   0x000000ac   Code   RO         2723    i.SPI_WaitFlagStateUntilTimeout  stm32f0xx_hal_spi.o
    0x08002a4c   0x00000002   Code   RO         3037    i.SVC_Handler       stm32f0xx_it.o
    0x08002a4e   0x0000000c   Code   RO         3038    i.SysTick_Handler   stm32f0xx_it.o
    0x08002a5a   0x0000008a   Code   RO         3219    i.SystemClock_Config  main.o
    0x08002ae4   0x00000078   Code   RO         2993    i.SystemInit        system_stm32f0xx.o
    0x08002b5c   0x00000010   Code   RO         3039    i.TIM14_IRQHandler  stm32f0xx_it.o
    0x08002b6c   0x0000002c   Code   RO         3040    i.TIM16_IRQHandler  stm32f0xx_it.o
    0x08002b98   0x000000a4   Code   RO           89    i.TIM_Base_SetConfig  stm32f0xx_hal_tim.o
    0x08002c3c   0x000000f0   Code   RO         1009    i.UART_AdvFeatureConfig  stm32f0xx_hal_uart.o
    0x08002d2c   0x0000007c   Code   RO         1010    i.UART_CheckIdleState  stm32f0xx_hal_uart.o
    0x08002da8   0x00000020   Code   RO         1016    i.UART_EndTransmit_IT  stm32f0xx_hal_uart.o
    0x08002dc8   0x0000009c   Code   RO         1017    i.UART_Receive_IT   stm32f0xx_hal_uart.o
    0x08002e64   0x00000234   Code   RO         1018    i.UART_SetConfig    stm32f0xx_hal_uart.o
    0x08003098   0x00000072   Code   RO         1019    i.UART_Transmit_IT  stm32f0xx_hal_uart.o
    0x0800310a   0x00000106   Code   RO         1020    i.UART_WaitOnFlagUntilTimeout  stm32f0xx_hal_uart.o
    0x08003210   0x00000034   Code   RO         3041    i.USART1_IRQHandler  stm32f0xx_it.o
    0x08003244   0x00000020   Code   RO         4496    i.__0printf$8       mc_p.l(printf8.o)
    0x08003264   0x0000001c   Code   RO          637    i.__ARM_common_switch8  stm32f0xx_hal_tim.o
    0x08003280   0x0000000e   Code   RO         4590    i.__scatterload_copy  mc_p.l(handlers.o)
    0x0800328e   0x00000002   Code   RO         4591    i.__scatterload_null  mc_p.l(handlers.o)
    0x08003290   0x0000000e   Code   RO         4592    i.__scatterload_zeroinit  mc_p.l(handlers.o)
    0x0800329e   0x00000018   Code   RO         3532    i._dwt_aonarrayupload  deca_device.o
    0x080032b6   0x00000018   Code   RO         3533    i._dwt_aonconfigupload  deca_device.o
    0x080032ce   0x00000002   PAD
    0x080032d0   0x0000003c   Code   RO         3534    i._dwt_configlde    deca_device.o
    0x0800330c   0x00000014   Code   RO         3535    i._dwt_disablesequencing  deca_device.o
    0x08003320   0x000000ec   Code   RO         3536    i._dwt_enableclocks  deca_device.o
    0x0800340c   0x00000022   Code   RO         3537    i._dwt_loaducodefromrom  deca_device.o
    0x0800342e   0x00000030   Code   RO         3539    i._dwt_otpread      deca_device.o
    0x0800345e   0x00000002   PAD
    0x08003460   0x00000428   Code   RO         4503    i._printf_core      mc_p.l(printf8.o)
    0x08003888   0x00000020   Code   RO         4504    i._printf_post_padding  mc_p.l(printf8.o)
    0x080038a8   0x0000002c   Code   RO         4505    i._printf_pre_padding  mc_p.l(printf8.o)
    0x080038d4   0x0000000c   Code   RO         3425    i.deca_sleep        deca_sleep.o
    0x080038e0   0x00000008   Code   RO         3399    i.decamutexoff      deca_mutex.o
    0x080038e8   0x0000000c   Code   RO         3400    i.decamutexon       deca_mutex.o
    0x080038f4   0x00000048   Code   RO         3344    i.delay_init        delay.o
    0x0800393c   0x00000030   Code   RO         3220    i.dw_setARER        main.o
    0x0800396c   0x00000090   Code   RO         3541    i.dwt_calibratesleepcnt  deca_device.o
    0x080039fc   0x0000023c   Code   RO         3546    i.dwt_configure     deca_device.o
    0x08003c38   0x00000028   Code   RO         3547    i.dwt_configuresleep  deca_device.o
    0x08003c60   0x00000046   Code   RO         3548    i.dwt_configuresleepcnt  deca_device.o
    0x08003ca6   0x00000008   Code   RO         3552    i.dwt_entersleep    deca_device.o
    0x08003cae   0x00000002   PAD
    0x08003cb0   0x00000054   Code   RO         3554    i.dwt_forcetrxoff   deca_device.o
    0x08003d04   0x00000100   Code   RO         3559    i.dwt_initialise    deca_device.o
    0x08003e04   0x00000026   Code   RO         3566    i.dwt_read16bitoffsetreg  deca_device.o
    0x08003e2a   0x0000002a   Code   RO         3567    i.dwt_read32bitoffsetreg  deca_device.o
    0x08003e54   0x00000018   Code   RO         3568    i.dwt_read8bitoffsetreg  deca_device.o
    0x08003e6c   0x0000000c   Code   RO         3570    i.dwt_readdevid     deca_device.o
    0x08003e78   0x00000050   Code   RO         3573    i.dwt_readfromdevice  deca_device.o
    0x08003ec8   0x00000016   Code   RO         3574    i.dwt_readrxdata    deca_device.o
    0x08003ede   0x00000012   Code   RO         3575    i.dwt_readrxtimestamp  deca_device.o
    0x08003ef0   0x00000012   Code   RO         3581    i.dwt_readtxtimestamp  deca_device.o
    0x08003f02   0x00000066   Code   RO         3586    i.dwt_rxenable      deca_device.o
    0x08003f68   0x00000018   Code   RO         3587    i.dwt_rxreset       deca_device.o
    0x08003f80   0x0000003a   Code   RO         3596    i.dwt_setinterrupt  deca_device.o
    0x08003fba   0x000000a4   Code   RO         3597    i.dwt_setleds       deca_device.o
    0x0800405e   0x00000002   PAD
    0x08004060   0x00000014   Code   RO         3603    i.dwt_setrxantennadelay  deca_device.o
    0x08004074   0x00000060   Code   RO         3604    i.dwt_setrxtimeout  deca_device.o
    0x080040d4   0x00000010   Code   RO         3608    i.dwt_settxantennadelay  deca_device.o
    0x080040e4   0x0000001a   Code   RO         3609    i.dwt_setxtaltrim   deca_device.o
    0x080040fe   0x00000002   PAD
    0x08004100   0x00000044   Code   RO         3610    i.dwt_softreset     deca_device.o
    0x08004144   0x00000040   Code   RO         3611    i.dwt_spicswakeup   deca_device.o
    0x08004184   0x00000080   Code   RO         3612    i.dwt_starttx       deca_device.o
    0x08004204   0x00000026   Code   RO         3613    i.dwt_syncrxbufptrs  deca_device.o
    0x0800422a   0x0000001e   Code   RO         3614    i.dwt_write16bitoffsetreg  deca_device.o
    0x08004248   0x00000026   Code   RO         3615    i.dwt_write32bitoffsetreg  deca_device.o
    0x0800426e   0x00000014   Code   RO         3616    i.dwt_write8bitoffsetreg  deca_device.o
    0x08004282   0x00000064   Code   RO         3617    i.dwt_writetodevice  deca_device.o
    0x080042e6   0x00000028   Code   RO         3618    i.dwt_writetxdata   deca_device.o
    0x0800430e   0x00000002   PAD
    0x08004310   0x00000028   Code   RO         3619    i.dwt_writetxfctrl  deca_device.o
    0x08004338   0x0000001c   Code   RO         3221    i.final_msg_set_ts  main.o
    0x08004354   0x00000020   Code   RO         3159    i.fputc             stm32f0xx_hal_msp.o
    0x08004374   0x0000002e   Code   RO         3222    i.get_rx_timestamp_u64  main.o
    0x080043a2   0x0000002e   Code   RO         3223    i.get_tx_timestamp_u64  main.o
    0x080043d0   0x000005a4   Code   RO         3224    i.main              main.o
    0x08004974   0x00000006   Code   RO         4102    i.read_addr         usmart.o
    0x0800497a   0x00000002   PAD
    0x0800497c   0x0000005c   Code   RO         3447    i.readfromspi       deca_spi.o
    0x080049d8   0x00000048   Code   RO         3493    i.reset_DW1000      dw1000.o
    0x08004a20   0x0000002c   Code   RO         3318    i.unlockflash       testing.o
    0x08004a4c   0x000000b4   Code   RO         4103    i.usmart_cmd_rec    usmart.o
    0x08004b00   0x000002fc   Code   RO         4104    i.usmart_exe        usmart.o
    0x08004dfc   0x000000d6   Code   RO         4194    i.usmart_get_aparm  usmart_str.o
    0x08004ed2   0x00000036   Code   RO         4195    i.usmart_get_cmdname  usmart_str.o
    0x08004f08   0x000001d8   Code   RO         4196    i.usmart_get_fname  usmart_str.o
    0x080050e0   0x00000110   Code   RO         4197    i.usmart_get_fparam  usmart_str.o
    0x080051f0   0x00000020   Code   RO         4198    i.usmart_get_parmpos  usmart_str.o
    0x08005210   0x0000000c   Code   RO         4105    i.usmart_init       usmart.o
    0x0800521c   0x0000001a   Code   RO         4199    i.usmart_pow        usmart_str.o
    0x08005236   0x00000002   PAD
    0x08005238   0x00000028   Code   RO         4106    i.usmart_reset_runtime  usmart.o
    0x08005260   0x000000cc   Code   RO         4107    i.usmart_scan       usmart.o
    0x0800532c   0x00000016   Code   RO         4200    i.usmart_search_nextc  usmart_str.o
    0x08005342   0x000000d0   Code   RO         4201    i.usmart_str2num    usmart_str.o
    0x08005412   0x00000024   Code   RO         4202    i.usmart_strcmp     usmart_str.o
    0x08005436   0x00000018   Code   RO         4203    i.usmart_strcopy    usmart_str.o
    0x0800544e   0x0000001a   Code   RO         4204    i.usmart_strlen     usmart_str.o
    0x08005468   0x000006f4   Code   RO         4108    i.usmart_sys_cmd_exe  usmart.o
    0x08005b5c   0x00000004   Code   RO         4109    i.write_addr        usmart.o
    0x08005b60   0x00000070   Code   RO         3448    i.writetospi        deca_spi.o
    0x08005bd0   0x00000018   Data   RO         2994    .constdata          system_stm32f0xx.o
    0x08005be8   0x000000ae   Data   RO         4081    .constdata          deca_params_init.o
    0x08005c96   0x00000002   PAD
    0x08005c98   0x00000028   Data   RO         4110    .conststring        usmart.o
    0x08005cc0   0x00000076   Data   RO         4173    .conststring        usmart_config.o
    0x08005d36   0x00000002   PAD
    0x08005d38   0x00000020   Data   RO         4588    Region$$Table       anon$$obj.o


    Execution Region RW_IRAM1 (Base: 0x20000000, Size: 0x00000a40, Max: 0x00004000, ABSOLUTE, COMPRESSED[0x00000074])

    Base Addr    Size         Type   Attr      Idx    E Section Name        Object

    0x20000000   0x00000004   Data   RW         2046    .data               stm32f0xx_hal.o
    0x20000004   0x00000004   Data   RW         2995    .data               system_stm32f0xx.o
    0x20000008   0x00000004   Data   RW         3042    .data               stm32f0xx_it.o
    0x2000000c   0x00000004   PAD
    0x20000010   0x000000a3   Data   RW         3226    .data               main.o
    0x200000b3   0x00000001   PAD
    0x200000b4   0x00000004   Data   RW         3346    .data               delay.o
    0x200000b8   0x0000001c   Data   RW         4111    .data               usmart.o
    0x200000d4   0x0000010c   Data   RW         4174    .data               usmart_config.o
    0x200001e0   0x00000004   Data   RW         4564    .data               mc_p.l(stdout.o)
    0x200001e4   0x00000420   Zero   RW         3225    .bss                main.o
    0x20000604   0x00000038   Zero   RW         3620    .bss                deca_device.o
    0x2000063c   0x00000004   PAD
    0x20000640   0x00000400   Zero   RW         3023    STACK               startup_stm32f072xb.o


==============================================================================

Image component sizes


      Code (inc. data)   RO Data    RW Data    ZI Data      Debug   Object Name

      2946        148          0          0         56      28952   deca_device.o
        20          0          0          0          0        977   deca_mutex.o
         0          0        174          0          0       1908   deca_params_init.o
        12          0          0          0          0        529   deca_sleep.o
       204         18          0          0          0       1867   deca_spi.o
       176         30          0          4          0       1800   delay.o
        72          6          0          0          0        575   dw1000.o
      2730        286          0        163       1056      10965   main.o
        28          8        192          0       1024        580   startup_stm32f072xb.o
        98         14          0          4          0       3007   stm32f0xx_hal.o
       264         30          0          0          0      10443   stm32f0xx_hal_cortex.o
       538         28          0          0          0       2859   stm32f0xx_hal_gpio.o
       508         52          0          0          0       3327   stm32f0xx_hal_msp.o
      2288         98          0          0          0       5005   stm32f0xx_hal_rcc.o
       420         14          0          0          0       1504   stm32f0xx_hal_rcc_ex.o
      2872         40          0          0          0       8018   stm32f0xx_hal_spi.o
        46          0          0          0          0       1088   stm32f0xx_hal_spi_ex.o
       742         24          0          0          0     493323   stm32f0xx_hal_tim.o
         4          0          0          0          0       1494   stm32f0xx_hal_tim_ex.o
      2414         48          0          0          0       9835   stm32f0xx_hal_uart.o
         2          0          0          0          0        916   stm32f0xx_hal_uart_ex.o
       610        122          0          4          0       8187   stm32f0xx_it.o
       120         18         24          4          0       1347   system_stm32f0xx.o
        44         32          0          0          0        470   testing.o
      3046       1330         40         28          0       6582   usmart.o
         0          0        118        268          0       1664   usmart_config.o
      1386         22          0          0          0       8569   usmart_str.o

    ----------------------------------------------------------------------
     21622       2368        584        480       2140     615791   Object Totals
         0          0         32          0          0          0   (incl. Generated)
        32          0          4          5          4          0   (incl. Padding)

    ----------------------------------------------------------------------

      Code (inc. data)   RO Data    RW Data    ZI Data      Debug   Library Member Name

        86          0          0          0          0          0   __dczerorl2.o
         0          0          0          0          0          0   entry.o
         0          0          0          0          0          0   entry10a.o
         0          0          0          0          0          0   entry11a.o
         8          4          0          0          0          0   entry2.o
         4          0          0          0          0          0   entry5.o
         0          0          0          0          0          0   entry7b.o
         0          0          0          0          0          0   entry8b.o
         8          4          0          0          0          0   entry9a.o
        30          0          0          0          0          0   handlers.o
        40          0          0          0          0         72   idiv.o
        36          8          0          0          0         68   init.o
        32          0          0          0          0         68   llshl.o
        34          0          0          0          0         68   llushr.o
        26          0          0          0          0         72   memcmp.o
        36          0          0          0          0         60   memcpya.o
        36          0          0          0          0        100   memseta.o
      1172         52          0          0          0        324   printf8.o
         0          0          0          4          0          0   stdout.o
        44          0          0          0          0         72   uidiv.o
        96          0          0          0          0         84   uldiv.o

    ----------------------------------------------------------------------
      1690         68          0          4          0        988   Library Totals
         2          0          0          0          0          0   (incl. Padding)

    ----------------------------------------------------------------------

      Code (inc. data)   RO Data    RW Data    ZI Data      Debug   Library Name

      1688         68          0          4          0        988   mc_p.l

    ----------------------------------------------------------------------
      1690         68          0          4          0        988   Library Totals

    ----------------------------------------------------------------------

==============================================================================


      Code (inc. data)   RO Data    RW Data    ZI Data      Debug   

     23312       2436        584        484       2140     609919   Grand Totals
     23312       2436        584        116       2140     609919   ELF Image Totals (compressed)
     23312       2436        584        116          0          0   ROM Totals

==============================================================================

    Total RO  Size (Code + RO Data)                23896 (  23.34kB)
    Total RW  Size (RW Data + ZI Data)              2624 (   2.56kB)
    Total ROM Size (Code + RO Data + RW Data)      24012 (  23.45kB)

==============================================================================

