Component: ARM Compiler 5.05 update 1 (build 106) Tool: armlink [4d0efa]

==============================================================================

Section Cross References

    usart_v1.o(i.USART1_IRQHandler) refers to stm32f0xx_usart.o(i.USART_GetITStatus) for USART_GetITStatus
    usart_v1.o(i.USART1_IRQHandler) refers to stm32f0xx_usart.o(i.USART_ReceiveData) for USART_ReceiveData
    usart_v1.o(i.USART1_IRQHandler) refers to main.o(.data) for USART_STA
    usart_v1.o(i.USART1_IRQHandler) refers to main.o(.bss) for usart_rx_buff
    usart_v1.o(i.USART1_IRQHandler) refers to usart_v1.o(.data) for USART_RX_STA
    usart_v1.o(i.USART1_IRQHandler) refers to usart_v1.o(.bss) for USART_RX_BUF
    usart_v1.o(i.USART_Config) refers to stm32f0xx_rcc.o(i.RCC_AHBPeriphClockCmd) for RCC_AHBPeriphClockCmd
    usart_v1.o(i.USART_Config) refers to stm32f0xx_rcc.o(i.RCC_APB2PeriphClockCmd) for RCC_APB2PeriphClockCmd
    usart_v1.o(i.USART_Config) refers to stm32f0xx_gpio.o(i.GPIO_PinAFConfig) for GPIO_PinAFConfig
    usart_v1.o(i.USART_Config) refers to stm32f0xx_gpio.o(i.GPIO_Init) for GPIO_Init
    usart_v1.o(i.USART_Config) refers to stm32f0xx_usart.o(i.USART_Init) for USART_Init
    usart_v1.o(i.USART_Config) refers to stm32f0xx_usart.o(i.USART_ClearFlag) for USART_ClearFlag
    usart_v1.o(i.USART_Config) refers to stm32f0xx_usart.o(i.USART_ITConfig) for USART_ITConfig
    usart_v1.o(i.USART_Config) refers to stm32f0xx_usart.o(i.USART_Cmd) for USART_Cmd
    usart_v1.o(i.USART_Config) refers to stm32f0xx_misc.o(i.NVIC_Init) for NVIC_Init
    usart_v1.o(i.fputc) refers to stm32f0xx_usart.o(i.USART_GetFlagStatus) for USART_GetFlagStatus
    usart_v1.o(i.fputc) refers to stm32f0xx_usart.o(i.USART_SendData) for USART_SendData
    spi_v1.o(i.set_spi_high) refers to stm32f0xx_spi.o(i.SPI_Cmd) for SPI_Cmd
    spi_v1.o(i.set_spi_high) refers to stm32f0xx_spi.o(i.SPI_Init) for SPI_Init
    spi_v1.o(i.spi_init) refers to stm32f0xx_rcc.o(i.RCC_AHBPeriphClockCmd) for RCC_AHBPeriphClockCmd
    spi_v1.o(i.spi_init) refers to stm32f0xx_rcc.o(i.RCC_APB1PeriphClockCmd) for RCC_APB1PeriphClockCmd
    spi_v1.o(i.spi_init) refers to stm32f0xx_gpio.o(i.GPIO_PinAFConfig) for GPIO_PinAFConfig
    spi_v1.o(i.spi_init) refers to stm32f0xx_gpio.o(i.GPIO_Init) for GPIO_Init
    spi_v1.o(i.spi_init) refers to stm32f0xx_spi.o(i.SPI_Init) for SPI_Init
    spi_v1.o(i.spi_init) refers to stm32f0xx_spi.o(i.SPI_RxFIFOThresholdConfig) for SPI_RxFIFOThresholdConfig
    spi_v1.o(i.spi_init) refers to stm32f0xx_spi.o(i.SPI_Cmd) for SPI_Cmd
    spi_v1.o(i.spi_init) refers to stm32f0xx_gpio.o(i.GPIO_SetBits) for GPIO_SetBits
    exti_v1.o(i.dw1000IRQ_init) refers to stm32f0xx_rcc.o(i.RCC_APB2PeriphClockCmd) for RCC_APB2PeriphClockCmd
    exti_v1.o(i.dw1000IRQ_init) refers to stm32f0xx_rcc.o(i.RCC_AHBPeriphClockCmd) for RCC_AHBPeriphClockCmd
    exti_v1.o(i.dw1000IRQ_init) refers to stm32f0xx_gpio.o(i.GPIO_Init) for GPIO_Init
    exti_v1.o(i.dw1000IRQ_init) refers to stm32f0xx_syscfg.o(i.SYSCFG_EXTILineConfig) for SYSCFG_EXTILineConfig
    exti_v1.o(i.dw1000IRQ_init) refers to stm32f0xx_exti.o(i.EXTI_Init) for EXTI_Init
    exti_v1.o(i.dw1000IRQ_init) refers to stm32f0xx_misc.o(i.NVIC_Init) for NVIC_Init
    exti_v1.o(i.port_set_deca_isr) refers to exti_v1.o(.data) for port_deca_isr
    deca_sleep.o(i.deca_sleep) refers to delay.o(i.Delay_ms) for Delay_ms
    deca_mutex.o(i.decamutexoff) refers to stm32f0xx_tim.o(i.TIM_ITConfig) for TIM_ITConfig
    deca_mutex.o(i.decamutexon) refers to stm32f0xx_tim.o(i.TIM_ITConfig) for TIM_ITConfig
    deca_spi.o(i.readfromspi) refers to deca_mutex.o(i.decamutexon) for decamutexon
    deca_spi.o(i.readfromspi) refers to stm32f0xx_gpio.o(i.GPIO_ResetBits) for GPIO_ResetBits
    deca_spi.o(i.readfromspi) refers to stm32f0xx_spi.o(i.SPI_SendData8) for SPI_SendData8
    deca_spi.o(i.readfromspi) refers to stm32f0xx_spi.o(i.SPI_I2S_GetFlagStatus) for SPI_I2S_GetFlagStatus
    deca_spi.o(i.readfromspi) refers to stm32f0xx_spi.o(i.SPI_ReceiveData8) for SPI_ReceiveData8
    deca_spi.o(i.readfromspi) refers to deca_mutex.o(i.decamutexoff) for decamutexoff
    deca_spi.o(i.readfromspi) refers to stm32f0xx_gpio.o(i.GPIO_SetBits) for GPIO_SetBits
    deca_spi.o(i.writetospi) refers to deca_mutex.o(i.decamutexon) for decamutexon
    deca_spi.o(i.writetospi) refers to stm32f0xx_gpio.o(i.GPIO_ResetBits) for GPIO_ResetBits
    deca_spi.o(i.writetospi) refers to stm32f0xx_spi.o(i.SPI_SendData8) for SPI_SendData8
    deca_spi.o(i.writetospi) refers to stm32f0xx_spi.o(i.SPI_I2S_GetFlagStatus) for SPI_I2S_GetFlagStatus
    deca_spi.o(i.writetospi) refers to stm32f0xx_spi.o(i.SPI_ReceiveData8) for SPI_ReceiveData8
    deca_spi.o(i.writetospi) refers to stm32f0xx_gpio.o(i.GPIO_SetBits) for GPIO_SetBits
    deca_spi.o(i.writetospi) refers to deca_mutex.o(i.decamutexoff) for decamutexoff
    deca_callback.o(i.rx_err_cb) refers to printfa.o(i.__0printf) for __2printf
[...]
    Removing usmart_str.o(.revsh_text), (4 bytes).
    Removing deca_device.o(i._dwt_aonconfigupload), (24 bytes).
    Removing deca_device.o(i._dwt_otpprogword32), (172 bytes).
    Removing deca_device.o(i._dwt_otpsetmrregs), (592 bytes).
    Removing deca_device.o(i.dwt_calibratesleepcnt), (144 bytes).
    Removing deca_device.o(i.dwt_checkirq), (16 bytes).
    Removing deca_device.o(i.dwt_configcontinuousframemode), (76 bytes).
    Removing deca_device.o(i.dwt_configcwmode), (140 bytes).
    Removing deca_device.o(i.dwt_configeventcounters), (30 bytes).
    Removing deca_device.o(i.dwt_configuresleep), (40 bytes).
    Removing deca_device.o(i.dwt_configuresleepcnt), (70 bytes).
    Removing deca_device.o(i.dwt_configuretxrf), (26 bytes).
    Removing deca_device.o(i.dwt_enableautoack), (48 bytes).
    Removing deca_device.o(i.dwt_enableframefilter), (72 bytes).
    Removing deca_device.o(i.dwt_entersleep), (8 bytes).
    Removing deca_device.o(i.dwt_entersleepaftertx), (48 bytes).
    Removing deca_device.o(i.dwt_geteui), (18 bytes).
    Removing deca_device.o(i.dwt_getinitxtaltrim), (12 bytes).
    Removing deca_device.o(i.dwt_getlotid), (12 bytes).
    Removing deca_device.o(i.dwt_getpartid), (12 bytes).
    Removing deca_device.o(i.dwt_isr), (368 bytes).
    Removing deca_device.o(i.dwt_loadopsettabfromotp), (36 bytes).
    Removing deca_device.o(i.dwt_lowpowerlistenisr), (180 bytes).
    Removing deca_device.o(i.dwt_otpread), (42 bytes).
    Removing deca_device.o(i.dwt_otprevision), (12 bytes).
    Removing deca_device.o(i.dwt_otpwriteandverify), (86 bytes).
    Removing deca_device.o(i.dwt_readaccdata), (34 bytes).
    Removing deca_device.o(i.dwt_readdiagnostics), (60 bytes).
    Removing deca_device.o(i.dwt_readeventcounters), (138 bytes).
    Removing deca_device.o(i.dwt_readrxtimestamphi32), (12 bytes).
    Removing deca_device.o(i.dwt_readrxtimestamplo32), (12 bytes).
    Removing deca_device.o(i.dwt_readsystime), (18 bytes).
    Removing deca_device.o(i.dwt_readsystimestamphi32), (12 bytes).
    Removing deca_device.o(i.dwt_readtempvbat), (166 bytes).
    Removing deca_device.o(i.dwt_readtxtimestamphi32), (12 bytes).
    Removing deca_device.o(i.dwt_readtxtimestamplo32), (12 bytes).
    Removing deca_device.o(i.dwt_readwakeuptemp), (12 bytes).
    Removing deca_device.o(i.dwt_readwakeupvbat), (12 bytes).
    Removing deca_device.o(i.dwt_setaddress16), (16 bytes).
    Removing deca_device.o(i.dwt_setcallbacks), (20 bytes).
    Removing deca_device.o(i.dwt_setdblrxbuffmode), (64 bytes).
    Removing deca_device.o(i.dwt_setdelayedtrxtime), (16 bytes).
    Removing deca_device.o(i.dwt_seteui), (18 bytes).
    Removing deca_device.o(i.dwt_setfinegraintxseq), (36 bytes).
    Removing deca_device.o(i.dwt_setgpiodirection), (46 bytes).
    Removing deca_device.o(i.dwt_setgpiovalue), (46 bytes).
    Removing deca_device.o(i.dwt_setlnapamode), (58 bytes).
    Removing deca_device.o(i.dwt_setlowpowerlistening), (48 bytes).
    Removing deca_device.o(i.dwt_setpanid), (16 bytes).
    Removing deca_device.o(i.dwt_setpreambledetecttimeout), (16 bytes).
    Removing deca_device.o(i.dwt_setrxaftertxdelay), (36 bytes).
    Removing deca_device.o(i.dwt_setsmarttxpower), (68 bytes).
    Removing deca_device.o(i.dwt_setsniffmode), (108 bytes).
    Removing deca_device.o(i.dwt_setsnoozetime), (16 bytes).
    Removing deca_device.o(i.dwt_spicswakeup), (64 bytes).

392 unused section(s) (total 25234 bytes) removed from the image.

==============================================================================

Image Symbol Table

    Local Symbols

    Symbol Name                              Value     Ov Type        Size  Object(Section)

    ../clib/../cmprslib/zerorunl2.c          0x00000000   Number         0  __dczerorl2.o ABSOLUTE
    ../clib/microlib/division.c              0x00000000   Number         0  uldiv.o ABSOLUTE
    ../clib/microlib/division.c              0x00000000   Number         0  uidiv.o ABSOLUTE
    ../clib/microlib/init/entry.s            0x00000000   Number         0  entry10b.o ABSOLUTE
    ../clib/microlib/init/entry.s            0x00000000   Number         0  entry2.o ABSOLUTE
    ../clib/microlib/init/entry.s            0x00000000   Number         0  entry5.o ABSOLUTE
    ../clib/microlib/init/entry.s            0x00000000   Number         0  entry8b.o ABSOLUTE
    ../clib/microlib/init/entry.s            0x00000000   Number         0  entry11b.o ABSOLUTE
    ../clib/microlib/init/entry.s            0x00000000   Number         0  entry8a.o ABSOLUTE
    ../clib/microlib/init/entry.s            0x00000000   Number         0  entry7b.o ABSOLUTE
    ../clib/microlib/init/entry.s            0x00000000   Number         0  entry7a.o ABSOLUTE
    ../clib/microlib/init/entry.s            0x00000000   Number         0  entry11a.o ABSOLUTE
    ../clib/microlib/init/entry.s            0x00000000   Number         0  entry9b.o ABSOLUTE
    ../clib/microlib/init/entry.s            0x00000000   Number         0  entry.o ABSOLUTE
    ../clib/microlib/init/entry.s            0x00000000   Number         0  entry10a.o ABSOLUTE
    ../clib/microlib/init/entry.s            0x00000000   Number         0  entry9a.o ABSOLUTE
    ../clib/microlib/longlong.c              0x00000000   Number         0  llshl.o ABSOLUTE
    ../clib/microlib/longlong.c              0x00000000   Number         0  llushr.o ABSOLUTE
    ../clib/microlib/longlong.c              0x00000000   Number         0  llsshr.o ABSOLUTE
    ../clib/microlib/printf/printf.c         0x00000000   Number         0  printf7.o ABSOLUTE
    ../clib/microlib/printf/printf.c         0x00000000   Number         0  printf8.o ABSOLUTE
    ../clib/microlib/printf/printf.c         0x00000000   Number         0  printfa.o ABSOLUTE
    ../clib/microlib/printf/printf.c         0x00000000   Number         0  printf6.o ABSOLUTE
    ../clib/microlib/printf/printf.c         0x00000000   Number         0  printf3.o ABSOLUTE
    ../clib/microlib/printf/printf.c         0x00000000   Number         0  printf4.o ABSOLUTE
    ../clib/microlib/printf/printf.c         0x00000000   Number         0  printf2.o ABSOLUTE
    ../clib/microlib/printf/printf.c         0x00000000   Number         0  printf1.o ABSOLUTE
    ../clib/microlib/printf/printf.c         0x00000000   Number         0  printfb.o ABSOLUTE
    ../clib/microlib/printf/printf.c         0x00000000   Number         0  printf5.o ABSOLUTE
    ../clib/microlib/printf/printf.c         0x00000000   Number         0  printf0.o ABSOLUTE
    ../clib/microlib/printf/stubs.s          0x00000000   Number         0  stubs.o ABSOLUTE
    ../clib/microlib/stdio/streams.c         0x00000000   Number         0  stdout.o ABSOLUTE
    ../clib/microlib/string/memcmp.c         0x00000000   Number         0  memcmp.o ABSOLUTE
    ../clib/microlib/string/memcpy.c         0x00000000   Number         0  memcpya.o ABSOLUTE
    ../clib/microlib/string/memcpy.c         0x00000000   Number         0  memcpyb.o ABSOLUTE
    ../clib/microlib/stubs.s                 0x00000000   Number         0  iusefp.o ABSOLUTE
    ../fplib/microlib/fpadd.c                0x00000000   Number         0  dadd.o ABSOLUTE
    ../fplib/microlib/fpdiv.c                0x00000000   Number         0  ddiv.o ABSOLUTE
    ../fplib/microlib/fpepilogue.c           0x00000000   Number         0  depilogue.o ABSOLUTE
    ../fplib/microlib/fpfix.c                0x00000000   Number         0  dfixul.o ABSOLUTE
    ../fplib/microlib/fpflt.c                0x00000000   Number         0  dfltul.o ABSOLUTE
    ../fplib/microlib/fpmul.c                0x00000000   Number         0  dmul.o ABSOLUTE
    FWlib\\src\\stm32f0xx_exti.c             0x00000000   Number         0  stm32f0xx_exti.o ABSOLUTE
    FWlib\\src\\stm32f0xx_flash.c            0x00000000   Number         0  stm32f0xx_flash.o ABSOLUTE
    FWlib\\src\\stm32f0xx_gpio.c             0x00000000   Number         0  stm32f0xx_gpio.o ABSOLUTE
    FWlib\\src\\stm32f0xx_iwdg.c             0x00000000   Number         0  stm32f0xx_iwdg.o ABSOLUTE
    FWlib\\src\\stm32f0xx_misc.c             0x00000000   Number         0  stm32f0xx_misc.o ABSOLUTE
    FWlib\\src\\stm32f0xx_rcc.c              0x00000000   Number         0  stm32f0xx_rcc.o ABSOLUTE
    FWlib\\src\\stm32f0xx_spi.c              0x00000000   Number         0  stm32f0xx_spi.o ABSOLUTE
    FWlib\\src\\stm32f0xx_syscfg.c           0x00000000   Number         0  stm32f0xx_syscfg.o ABSOLUTE
    FWlib\\src\\stm32f0xx_tim.c              0x00000000   Number         0  stm32f0xx_tim.o ABSOLUTE
    FWlib\\src\\stm32f0xx_usart.c            0x00000000   Number         0  stm32f0xx_usart.o ABSOLUTE
    FWlib\src\stm32f0xx_exti.c               0x00000000   Number         0  stm32f0xx_exti.o ABSOLUTE
    FWlib\src\stm32f0xx_flash.c              0x00000000   Number         0  stm32f0xx_flash.o ABSOLUTE
    FWlib\src\stm32f0xx_gpio.c               0x00000000   Number         0  stm32f0xx_gpio.o ABSOLUTE
    FWlib\src\stm32f0xx_iwdg.c               0x00000000   Number         0  stm32f0xx_iwdg.o ABSOLUTE
    FWlib\src\stm32f0xx_misc.c               0x00000000   Number         0  stm32f0xx_misc.o ABSOLUTE
    FWlib\src\stm32f0xx_rcc.c                0x00000000   Number         0  stm32f0xx_rcc.o ABSOLUTE
    FWlib\src\stm32f0xx_spi.c                0x00000000   Number         0  stm32f0xx_spi.o ABSOLUTE
    FWlib\src\stm32f0xx_syscfg.c             0x00000000   Number         0  stm32f0xx_syscfg.o ABSOLUTE
    FWlib\src\stm32f0xx_tim.c                0x00000000   Number         0  stm32f0xx_tim.o ABSOLUTE
    FWlib\src\stm32f0xx_usart.c              0x00000000   Number         0  stm32f0xx_usart.o ABSOLUTE
    HARDWARE\EXTI\EXTI_v1.c                  0x00000000   Number         0  exti_v1.o ABSOLUTE
    HARDWARE\LED\LED.c                       0x00000000   Number         0  led.o ABSOLUTE
    HARDWARE\Platform_deca\deca_callback.c   0x00000000   Number         0  deca_callback.o ABSOLUTE
    HARDWARE\Platform_deca\deca_mutex.c      0x00000000   Number         0  deca_mutex.o ABSOLUTE
    HARDWARE\Platform_deca\deca_sleep.c      0x00000000   Number         0  deca_sleep.o ABSOLUTE
    HARDWARE\Platform_deca\deca_spi.c        0x00000000   Number         0  deca_spi.o ABSOLUTE
    HARDWARE\SPI\spi_v1.c                    0x00000000   Number         0  spi_v1.o ABSOLUTE
    HARDWARE\USART\usart_v1.c                0x00000000   Number         0  usart_v1.o ABSOLUTE
    HARDWARE\WDG\wdg.c                       0x00000000   Number         0  wdg.o ABSOLUTE
    HARDWARE\\EXTI\\EXTI_v1.c                0x00000000   Number         0  exti_v1.o ABSOLUTE
    HARDWARE\\LED\\LED.c                     0x00000000   Number         0  led.o ABSOLUTE
    HARDWARE\\Platform_deca\\deca_mutex.c    0x00000000   Number         0  deca_mutex.o ABSOLUTE
    HARDWARE\\Platform_deca\\deca_sleep.c    0x00000000   Number         0  deca_sleep.o ABSOLUTE
    HARDWARE\\Platform_deca\\deca_spi.c      0x00000000   Number         0  deca_spi.o ABSOLUTE
    HARDWARE\\SPI\\spi_v1.c                  0x00000000   Number         0  spi_v1.o ABSOLUTE
    HARDWARE\\USART\\usart_v1.c              0x00000000   Number         0  usart_v1.o ABSOLUTE
    HARDWARE\\WDG\\wdg.c                     0x00000000   Number         0  wdg.o ABSOLUTE
    HARDWARE\decadriver\deca_device.c        0x00000000   Number         0  deca_device.o ABSOLUTE
    HARDWARE\decadriver\deca_params_init.c   0x00000000   Number         0  deca_params_init.o ABSOLUTE
    SYSTEM\\stm32f0xx_it.c                   0x00000000   Number         0  stm32f0xx_it.o ABSOLUTE
    SYSTEM\\system_stm32f0xx.c               0x00000000   Number         0  system_stm32f0xx.o ABSOLUTE
    SYSTEM\startup_stm32f072.s               0x00000000   Number         0  startup_stm32f072.o ABSOLUTE
    SYSTEM\stm32f0xx_it.c                    0x00000000   Number         0  stm32f0xx_it.o ABSOLUTE
    SYSTEM\system_stm32f0xx.c                0x00000000   Number         0  system_stm32f0xx.o ABSOLUTE
    USER\Delay\delay.c                       0x00000000   Number         0  delay.o ABSOLUTE
    USER\Usmart\usmart.c                     0x00000000   Number         0  usmart.o ABSOLUTE
    USER\Usmart\usmart_config.c              0x00000000   Number         0  usmart_config.o ABSOLUTE
    USER\Usmart\usmart_str.c                 0x00000000   Number         0  usmart_str.o ABSOLUTE
    USER\\Delay\\delay.c                     0x00000000   Number         0  delay.o ABSOLUTE
    USER\\Usmart\\usmart.c                   0x00000000   Number         0  usmart.o ABSOLUTE
    USER\\Usmart\\usmart_config.c            0x00000000   Number         0  usmart_config.o ABSOLUTE
    USER\\Usmart\\usmart_str.c               0x00000000   Number         0  usmart_str.o ABSOLUTE
    USER\\main.c                             0x00000000   Number         0  main.o ABSOLUTE
    USER\\node_sync.c                        0x00000000   Number         0  node_sync.o ABSOLUTE
    USER\\rf24l01.c                          0x00000000   Number         0  rf24l01.o ABSOLUTE
    USER\\sys.c                              0x00000000   Number         0  sys.o ABSOLUTE
    USER\\timer.c                            0x00000000   Number         0  timer.o ABSOLUTE
    USER\main.c                              0x00000000   Number         0  main.o ABSOLUTE
    USER\node_sync.c                         0x00000000   Number         0  node_sync.o ABSOLUTE
    USER\rf24l01.c                           0x00000000   Number         0  rf24l01.o ABSOLUTE
    USER\sys.c                               0x00000000   Number         0  sys.o ABSOLUTE
    USER\timer.c                             0x00000000   Number         0  timer.o ABSOLUTE
    cdcmple.s                                0x00000000   Number         0  cdcmple.o ABSOLUTE
    cdrcmple.s                               0x00000000   Number         0  cdrcmple.o ABSOLUTE
    dc.s                                     0x00000000   Number         0  dc.o ABSOLUTE
    handlers.s                               0x00000000   Number         0  handlers.o ABSOLUTE
    init.s                                   0x00000000   Number         0  init.o ABSOLUTE
    RESET                                    0x08000000   Section      192  startup_stm32f072.o(RESET)
    .ARM.Collect$$$$00000000                 0x080000c0   Section        0  entry.o(.ARM.Collect$$$$00000000)
    .ARM.Collect$$$$00000001                 0x080000c0   Section        4  entry2.o(.ARM.Collect$$$$00000001)
    .ARM.Collect$$$$00000004                 0x080000c4   Section        4  entry5.o(.ARM.Collect$$$$00000004)
    .ARM.Collect$$$$00000008                 0x080000c8   Section        0  entry7b.o(.ARM.Collect$$$$00000008)
    .ARM.Collect$$$$0000000A                 0x080000c8   Section        0  entry8b.o(.ARM.Collect$$$$0000000A)
    .ARM.Collect$$$$0000000B                 0x080000c8   Section        8  entry9a.o(.ARM.Collect$$$$0000000B)
    .ARM.Collect$$$$0000000D                 0x080000d0   Section        0  entry10a.o(.ARM.Collect$$$$0000000D)
    .ARM.Collect$$$$0000000F                 0x080000d0   Section        0  entry11a.o(.ARM.Collect$$$$0000000F)
    .ARM.Collect$$$$00002712                 0x080000d0   Section        4  entry2.o(.ARM.Collect$$$$00002712)
    __lit__00000000                          0x080000d0   Data           4  entry2.o(.ARM.Collect$$$$00002712)
    .text                                    0x080000d4   Section       88  startup_stm32f072.o(.text)
    .text                                    0x0800012c   Section        0  uidiv.o(.text)
    .text                                    0x08000158   Section        0  memcpya.o(.text)
    .text                                    0x0800017c   Section        0  memcmp.o(.text)
    .text                                    0x08000198   Section        0  dadd.o(.text)
    .text                                    0x080002fc   Section        0  dmul.o(.text)
    .text                                    0x080003cc   Section        0  ddiv.o(.text)
    .text                                    0x080004bc   Section        0  dfltul.o(.text)
    .text                                    0x080004d8   Section        0  dfixul.o(.text)
    .text                                    0x08000518   Section       40  cdcmple.o(.text)
    .text                                    0x08000540   Section        0  uldiv.o(.text)
    .text                                    0x080005a0   Section        0  llshl.o(.text)
    .text                                    0x080005c0   Section        0  llushr.o(.text)
    .text                                    0x080005e2   Section        0  llsshr.o(.text)
    .text                                    0x08000608   Section        0  depilogue.o(.text)
    .text                                    0x08000608   Section        0  iusefp.o(.text)
    .text                                    0x080006c8   Section       40  cdrcmple.o(.text)
    .text                                    0x080006f0   Section       36  init.o(.text)
    .text                                    0x08000714   Section        0  __dczerorl2.o(.text)
    i.Delay_ms                               0x0800076c   Section        0  delay.o(i.Delay_ms)
    i.EXTI4_15_IRQHandler                    0x08000798   Section        0  main.o(i.EXTI4_15_IRQHandler)
    i.EXTI_ClearITPendingBit                 0x0800081c   Section        0  stm32f0xx_exti.o(i.EXTI_ClearITPendingBit)
    i.EXTI_GetITStatus                       0x08000828   Section        0  stm32f0xx_exti.o(i.EXTI_GetITStatus)
    i.EXTI_Init                              0x08000844   Section        0  stm32f0xx_exti.o(i.EXTI_Init)
    i.GPIO_Init                              0x080008cc   Section        0  stm32f0xx_gpio.o(i.GPIO_Init)
    i.GPIO_PinAFConfig                       0x0800095c   Section        0  stm32f0xx_gpio.o(i.GPIO_PinAFConfig)
    i.GPIO_ResetBits                         0x080009a0   Section        0  stm32f0xx_gpio.o(i.GPIO_ResetBits)
    i.GPIO_SetBits                           0x080009a4   Section        0  stm32f0xx_gpio.o(i.GPIO_SetBits)
    i.HardFault_Handler                      0x080009a8   Section        0  stm32f0xx_it.o(i.HardFault_Handler)
    i.IWDG_Enable                            0x080009ac   Section        0  stm32f0xx_iwdg.o(i.IWDG_Enable)
    i.IWDG_Feed                              0x080009bc   Section        0  wdg.o(i.IWDG_Feed)
    i.IWDG_Init                              0x080009c4   Section        0  wdg.o(i.IWDG_Init)
    i.IWDG_ReloadCounter                     0x080009ec   Section        0  stm32f0xx_iwdg.o(i.IWDG_ReloadCounter)
    i.IWDG_SetPrescaler                      0x080009fc   Section        0  stm32f0xx_iwdg.o(i.IWDG_SetPrescaler)
    i.IWDG_SetReload                         0x08000a08   Section        0  stm32f0xx_iwdg.o(i.IWDG_SetReload)
    i.IWDG_WriteAccessCmd                    0x08000a14   Section        0  stm32f0xx_iwdg.o(i.IWDG_WriteAccessCmd)
    i.LED_Init                               0x08000a20   Section        0  led.o(i.LED_Init)
    i.NMI_Handler                            0x08000a84   Section        0  stm32f0xx_it.o(i.NMI_Handler)
    i.NVIC_Init                              0x08000a88   Section        0  stm32f0xx_misc.o(i.NVIC_Init)
    i.NVIC_SetPriority                       0x08000af8   Section        0  delay.o(i.NVIC_SetPriority)
    NVIC_SetPriority                         0x08000af9   Thumb Code   110  delay.o(i.NVIC_SetPriority)
    i.PendSV_Handler                         0x08000b70   Section        0  stm32f0xx_it.o(i.PendSV_Handler)
    i.RCC_AHBPeriphClockCmd                  0x08000b74   Section        0  stm32f0xx_rcc.o(i.RCC_AHBPeriphClockCmd)
    i.RCC_APB1PeriphClockCmd                 0x08000b94   Section        0  stm32f0xx_rcc.o(i.RCC_APB1PeriphClockCmd)
    i.RCC_APB2PeriphClockCmd                 0x08000bb4   Section        0  stm32f0xx_rcc.o(i.RCC_APB2PeriphClockCmd)
    i.RCC_GetClocksFreq                      0x08000bd4   Section        0  stm32f0xx_rcc.o(i.RCC_GetClocksFreq)
    i.SPI_Cmd                                0x08000e1c   Section        0  stm32f0xx_spi.o(i.SPI_Cmd)
    i.SPI_I2S_GetFlagStatus                  0x08000e38   Section        0  stm32f0xx_spi.o(i.SPI_I2S_GetFlagStatus)
    i.SPI_Init                               0x08000e4c   Section        0  stm32f0xx_spi.o(i.SPI_Init)
    i.SPI_ReceiveData8                       0x08000ea4   Section        0  stm32f0xx_spi.o(i.SPI_ReceiveData8)
    i.SPI_RxFIFOThresholdConfig              0x08000eb0   Section        0  stm32f0xx_spi.o(i.SPI_RxFIFOThresholdConfig)
    i.SPI_SendData8                          0x08000ec4   Section        0  stm32f0xx_spi.o(i.SPI_SendData8)
    i.SVC_Handler                            0x08000ece   Section        0  stm32f0xx_it.o(i.SVC_Handler)
    i.SYSCFG_EXTILineConfig                  0x08000ed0   Section        0  stm32f0xx_syscfg.o(i.SYSCFG_EXTILineConfig)
    i.SetSysClock                            0x08000f10   Section        0  system_stm32f0xx.o(i.SetSysClock)
    SetSysClock                              0x08000f11   Thumb Code   118  system_stm32f0xx.o(i.SetSysClock)
    i.SysTick_CLKSourceConfig                0x08000f90   Section        0  stm32f0xx_misc.o(i.SysTick_CLKSourceConfig)
    i.SysTick_Handler                        0x08000fb4   Section        0  stm32f0xx_it.o(i.SysTick_Handler)
    i.SystemInit                             0x08000ff0   Section        0  system_stm32f0xx.o(i.SystemInit)
    i.System_GetClocks                       0x0800106c   Section        0  sys.o(i.System_GetClocks)
    i.TIM14_IRQHandler                       0x08001104   Section        0  usmart.o(i.TIM14_IRQHandler)
    i.TIM_ClearFlag                          0x08001140   Section        0  stm32f0xx_tim.o(i.TIM_ClearFlag)
    i.TIM_ClearITPendingBit                  0x08001146   Section        0  stm32f0xx_tim.o(i.TIM_ClearITPendingBit)
    i.TIM_Cmd                                0x0800114c   Section        0  stm32f0xx_tim.o(i.TIM_Cmd)
    i.TIM_GetCounter                         0x08001168   Section        0  stm32f0xx_tim.o(i.TIM_GetCounter)
    i.TIM_GetFlagStatus                      0x0800116e   Section        0  stm32f0xx_tim.o(i.TIM_GetFlagStatus)
    i.TIM_GetITStatus                        0x08001182   Section        0  stm32f0xx_tim.o(i.TIM_GetITStatus)
    i.TIM_ITConfig                           0x080011a8   Section        0  stm32f0xx_tim.o(i.TIM_ITConfig)
    i.TIM_SetAutoreload                      0x080011bc   Section        0  stm32f0xx_tim.o(i.TIM_SetAutoreload)
    i.TIM_SetCounter                         0x080011c0   Section        0  stm32f0xx_tim.o(i.TIM_SetCounter)
    i.TIM_TimeBaseInit                       0x080011c4   Section        0  stm32f0xx_tim.o(i.TIM_TimeBaseInit)
    i.Timer2_Init                            0x08001240   Section        0  usmart.o(i.Timer2_Init)
    i.USART1_IRQHandler                      0x0800128c   Section        0  usart_v1.o(i.USART1_IRQHandler)
    i.USART_ClearFlag                        0x08001438   Section        0  stm32f0xx_usart.o(i.USART_ClearFlag)
    i.USART_Cmd                              0x0800143c   Section        0  stm32f0xx_usart.o(i.USART_Cmd)
    i.USART_Config                           0x08001454   Section        0  usart_v1.o(i.USART_Config)
    i.USART_GetFlagStatus                    0x08001504   Section        0  stm32f0xx_usart.o(i.USART_GetFlagStatus)
    i.USART_GetITStatus                      0x08001518   Section        0  stm32f0xx_usart.o(i.USART_GetITStatus)
    i.USART_ITConfig                         0x08001566   Section        0  stm32f0xx_usart.o(i.USART_ITConfig)
    i.USART_Init                             0x080015a8   Section        0  stm32f0xx_usart.o(i.USART_Init)
    i.USART_ReceiveData                      0x080016a0   Section        0  stm32f0xx_usart.o(i.USART_ReceiveData)
    i.USART_SendData                         0x080016aa   Section        0  stm32f0xx_usart.o(i.USART_SendData)
    i.__0printf                              0x080016b4   Section        0  printfa.o(i.__0printf)
    i.__ARM_clz                              0x080016d4   Section        0  depilogue.o(i.__ARM_clz)
    i.__ARM_common_switch8                   0x08001702   Section        0  usmart.o(i.__ARM_common_switch8)
    i.__scatterload_copy                     0x0800171e   Section       14  handlers.o(i.__scatterload_copy)
    i.__scatterload_null                     0x0800172c   Section        2  handlers.o(i.__scatterload_null)
    i.__scatterload_zeroinit                 0x0800172e   Section       14  handlers.o(i.__scatterload_zeroinit)
    i._dwt_aonarrayupload                    0x0800173c   Section        0  deca_device.o(i._dwt_aonarrayupload)
    i._dwt_configlde                         0x08001754   Section        0  deca_device.o(i._dwt_configlde)
    i._dwt_disablesequencing                 0x08001790   Section        0  deca_device.o(i._dwt_disablesequencing)
    i._dwt_enableclocks                      0x080017a4   Section        0  deca_device.o(i._dwt_enableclocks)
    i._dwt_loaducodefromrom                  0x08001890   Section        0  deca_device.o(i._dwt_loaducodefromrom)
    i._dwt_otpread                           0x080018b2   Section        0  deca_device.o(i._dwt_otpread)
    i._fp_digits                             0x080018e4   Section        0  printfa.o(i._fp_digits)
    _fp_digits                               0x080018e5   Thumb Code   316  printfa.o(i._fp_digits)
    i._printf_core                           0x08001a3c   Section        0  printfa.o(i._printf_core)
    _printf_core                             0x08001a3d   Thumb Code  1754  printfa.o(i._printf_core)
    i._printf_post_padding                   0x08002128   Section        0  printfa.o(i._printf_post_padding)
    _printf_post_padding                     0x08002129   Thumb Code    32  printfa.o(i._printf_post_padding)
    i._printf_pre_padding                    0x08002148   Section        0  printfa.o(i._printf_pre_padding)
    _printf_pre_padding                      0x08002149   Thumb Code    44  printfa.o(i._printf_pre_padding)
    i.deca_sleep                             0x08002174   Section        0  deca_sleep.o(i.deca_sleep)
    i.decamutexoff                           0x08002180   Section        0  deca_mutex.o(i.decamutexoff)
    i.decamutexon                            0x080021ac   Section        0  deca_mutex.o(i.decamutexon)
    i.delay_init                             0x080021f8   Section        0  delay.o(i.delay_init)
    i.dw1000IRQ_init                         0x0800224c   Section        0  exti_v1.o(i.dw1000IRQ_init)
    i.dwt_configure                          0x080022b4   Section        0  deca_device.o(i.dwt_configure)
    i.dwt_forcetrxoff                        0x080024f0   Section        0  deca_device.o(i.dwt_forcetrxoff)
    i.dwt_initialise                         0x08002544   Section        0  deca_device.o(i.dwt_initialise)
    i.dwt_read16bitoffsetreg                 0x08002644   Section        0  deca_device.o(i.dwt_read16bitoffsetreg)
    i.dwt_read32bitoffsetreg                 0x0800266a   Section        0  deca_device.o(i.dwt_read32bitoffsetreg)
    i.dwt_read8bitoffsetreg                  0x08002694   Section        0  deca_device.o(i.dwt_read8bitoffsetreg)
    i.dwt_readdevid                          0x080026ac   Section        0  deca_device.o(i.dwt_readdevid)
    i.dwt_readfromdevice                     0x080026b8   Section        0  deca_device.o(i.dwt_readfromdevice)
    i.dwt_readrxdata                         0x08002718   Section        0  deca_device.o(i.dwt_readrxdata)
    i.dwt_readrxtimestamp                    0x0800272e   Section        0  deca_device.o(i.dwt_readrxtimestamp)
    i.dwt_readtxtimestamp                    0x08002740   Section        0  deca_device.o(i.dwt_readtxtimestamp)
    i.dwt_rxenable                           0x08002752   Section        0  deca_device.o(i.dwt_rxenable)
    i.dwt_rxreset                            0x080027b8   Section        0  deca_device.o(i.dwt_rxreset)
    i.dwt_setinterrupt                       0x080027d0   Section        0  deca_device.o(i.dwt_setinterrupt)
    i.dwt_setleds                            0x0800280a   Section        0  deca_device.o(i.dwt_setleds)
    i.dwt_setrxantennadelay                  0x080028b0   Section        0  deca_device.o(i.dwt_setrxantennadelay)
    i.dwt_setrxtimeout                       0x080028c4   Section        0  deca_device.o(i.dwt_setrxtimeout)
    i.dwt_settxantennadelay                  0x08002924   Section        0  deca_device.o(i.dwt_settxantennadelay)
    i.dwt_setxtaltrim                        0x08002934   Section        0  deca_device.o(i.dwt_setxtaltrim)
    i.dwt_softreset                          0x08002950   Section        0  deca_device.o(i.dwt_softreset)
    i.dwt_starttx                            0x08002994   Section        0  deca_device.o(i.dwt_starttx)
    i.dwt_syncrxbufptrs                      0x08002a14   Section        0  deca_device.o(i.dwt_syncrxbufptrs)
    i.dwt_write16bitoffsetreg                0x08002a3a   Section        0  deca_device.o(i.dwt_write16bitoffsetreg)
    i.dwt_write32bitoffsetreg                0x08002a58   Section        0  deca_device.o(i.dwt_write32bitoffsetreg)
    i.dwt_write8bitoffsetreg                 0x08002a7e   Section        0  deca_device.o(i.dwt_write8bitoffsetreg)
    i.dwt_writetodevice                      0x08002a92   Section        0  deca_device.o(i.dwt_writetodevice)
    i.dwt_writetxdata                        0x08002af6   Section        0  deca_device.o(i.dwt_writetxdata)
    i.dwt_writetxfctrl                       0x08002b20   Section        0  deca_device.o(i.dwt_writetxfctrl)
    i.final_msg_get_ts                       0x08002b48   Section        0  main.o(i.final_msg_get_ts)
    final_msg_get_ts                         0x08002b49   Thumb Code    36  main.o(i.final_msg_get_ts)
    i.fputc                                  0x08002b6c   Section        0  usart_v1.o(i.fputc)
    i.function_scan                          0x08002b90   Section        0  usmart.o(i.function_scan)
    i.getIDs                                 0x08002c04   Section        0  sys.o(i.getIDs)
    i.getSYSstatus                           0x08002c30   Section        0  sys.o(i.getSYSstatus)
    i.get_rx_timestamp_u64                   0x08002c64   Section        0  main.o(i.get_rx_timestamp_u64)
    get_rx_timestamp_u64                     0x08002c65   Thumb Code    46  main.o(i.get_rx_timestamp_u64)
    i.get_tx_timestamp_u64                   0x08002c92   Section        0  main.o(i.get_tx_timestamp_u64)
    get_tx_timestamp_u64                     0x08002c93   Thumb Code    46  main.o(i.get_tx_timestamp_u64)
    i.main                                   0x08002cc0   Section        0  main.o(i.main)
    i.read_fre                               0x080032f4   Section        0  main.o(i.read_fre)
    i.read_gain                              0x08003390   Section        0  main.o(i.read_gain)
    i.read_power                             0x08003428   Section        0  main.o(i.read_power)
    i.read_test                              0x080034c0   Section        0  sys.o(i.read_test)
    i.readfromspi                            0x080034dc   Section        0  deca_spi.o(i.readfromspi)
    i.reset_DW1000                           0x08003568   Section        0  main.o(i.reset_DW1000)
    i.send_sync                              0x080035bc   Section        0  main.o(i.send_sync)
    i.send_to_PC                             0x08003620   Section        0  main.o(i.send_to_PC)
    i.send_to_PC_none                        0x080037c4   Section        0  main.o(i.send_to_PC_none)
    i.set_fre                                0x08003894   Section        0  main.o(i.set_fre)
    i.set_gain                               0x08003928   Section        0  main.o(i.set_gain)
    i.spi_init                               0x080039bc   Section        0  spi_v1.o(i.spi_init)
    i.unlockflash                            0x08003a88   Section        0  main.o(i.unlockflash)
    i.usmart_cmd_rec                         0x08003ab4   Section        0  usmart.o(i.usmart_cmd_rec)
    i.usmart_exe                             0x08003b68   Section        0  usmart.o(i.usmart_exe)
    i.usmart_get_aparm                       0x08003e64   Section        0  usmart_str.o(i.usmart_get_aparm)
    i.usmart_get_cmdname                     0x08003f3a   Section        0  usmart_str.o(i.usmart_get_cmdname)
    i.usmart_get_fname                       0x08003f70   Section        0  usmart_str.o(i.usmart_get_fname)
    i.usmart_get_fparam                      0x08004148   Section        0  usmart_str.o(i.usmart_get_fparam)
    i.usmart_get_parmpos                     0x08004258   Section        0  usmart_str.o(i.usmart_get_parmpos)
    i.usmart_get_runtime                     0x08004278   Section        0  usmart.o(i.usmart_get_runtime)
    i.usmart_init                            0x080042b4   Section        0  usmart.o(i.usmart_init)
    i.usmart_pow                             0x080042d8   Section        0  usmart_str.o(i.usmart_pow)
    i.usmart_reset_runtime                   0x080042f4   Section        0  usmart.o(i.usmart_reset_runtime)
    i.usmart_scan                            0x08004324   Section        0  usmart.o(i.usmart_scan)
    i.usmart_search_nextc                    0x080043e8   Section        0  usmart_str.o(i.usmart_search_nextc)
    i.usmart_str2num                         0x080043fe   Section        0  usmart_str.o(i.usmart_str2num)
    i.usmart_strcmp                          0x080044ce   Section        0  usmart_str.o(i.usmart_strcmp)
    i.usmart_strcopy                         0x080044f2   Section        0  usmart_str.o(i.usmart_strcopy)
    i.usmart_strlen                          0x0800450a   Section        0  usmart_str.o(i.usmart_strlen)
    i.usmart_sys_cmd_exe                     0x08004524   Section        0  usmart.o(i.usmart_sys_cmd_exe)
    i.writetospi                             0x08004c18   Section        0  deca_spi.o(i.writetospi)
    .constdata                               0x08004ca0   Section      174  deca_params_init.o(.constdata)
    .conststring                             0x08004d50   Section       40  usmart.o(.conststring)
    .conststring                             0x08004d78   Section      191  usmart_config.o(.conststring)
    .data                                    0x20000000   Section        3  usart_v1.o(.data)
    .data                                    0x20000008   Section      274  main.o(.data)
    config                                   0x20000008   Data          12  main.o(.data)
    poll_time_msg                            0x20000014   Data           5  main.o(.data)
    rx_poll_msg                              0x20000019   Data          10  main.o(.data)
    tx_resp_msg                              0x20000023   Data          12  main.o(.data)
    rx_final_msg                             0x2000002f   Data          32  main.o(.data)
    rx_tell_msg                              0x2000004f   Data          14  main.o(.data)
    report_msg                               0x2000005d   Data          20  main.o(.data)
    send_pc                                  0x20000071   Data          20  main.o(.data)
    set_fre_package                          0x20000085   Data           8  main.o(.data)
    read_fre_package                         0x2000008d   Data          11  main.o(.data)
    set_gain_package                         0x20000098   Data           8  main.o(.data)
    read_gain_package                        0x200000a0   Data           9  main.o(.data)
    read_power_package                       0x200000a9   Data           9  main.o(.data)
    status_reg                               0x200000b4   Data           4  main.o(.data)
    poll_rx_ts                               0x200000b8   Data           8  main.o(.data)
    resp_tx_ts                               0x200000c0   Data           8  main.o(.data)
    final_rx_ts                              0x200000c8   Data           8  main.o(.data)
    poll_tx_ts                               0x200000d0   Data           8  main.o(.data)
    final_tx_ts                              0x200000d8   Data           8  main.o(.data)
    resp_rx_ts                               0x200000e0   Data           8  main.o(.data)
    interrupt_triggered                      0x200000ec   Data           1  main.o(.data)
    received                                 0x200000ed   Data           1  main.o(.data)
    RF_timeout                               0x200000ee   Data           1  main.o(.data)
    received_numble                          0x200000ef   Data           1  main.o(.data)
    id_buff                                  0x200000f0   Data           4  main.o(.data)
    tag_id                                   0x200000f4   Data           2  main.o(.data)
    wearing                                  0x200000f6   Data           1  main.o(.data)
    anchor                                   0x200000f7   Data           5  main.o(.data)
    should_send                              0x200000fc   Data           1  main.o(.data)
    anchor_start_ts_msg                      0x200000fd   Data          11  main.o(.data)
    tof                                      0x20000108   Data           8  main.o(.data)
    distance                                 0x20000110   Data           8  main.o(.data)
    .data                                    0x2000011c   Section        7  delay.o(.data)
    .data                                    0x20000123   Section       16  stm32f0xx_rcc.o(.data)
    APBAHBPrescTable                         0x20000123   Data          16  stm32f0xx_rcc.o(.data)
    .data                                    0x20000134   Section       20  system_stm32f0xx.o(.data)
    .data                                    0x20000148   Section       28  usmart.o(.data)
    .data                                    0x20000164   Section      292  usmart_config.o(.data)
    .data                                    0x20000288   Section        4  stdout.o(.data)
    .bss                                     0x2000028c   Section      128  usart_v1.o(.bss)
    .bss                                     0x20000310   Section      176  main.o(.bss)
    rx_buffer                                0x20000310   Data          60  main.o(.bss)
    distance_recv                            0x20000350   Data          32  main.o(.bss)
    .bss                                     0x200003c0   Section       56  deca_device.o(.bss)
    dw1000local                              0x200003c0   Data          56  deca_device.o(.bss)
    STACK                                    0x200003f8   Section     1024  startup_stm32f072.o(STACK)

    Global Symbols

    Symbol Name                              Value     Ov Type        Size  Object(Section)

    BuildAttributes$$THM_ISAv3M$S$PE$A:L22$X:L11$S22$IEEE1$IW$USESV6$~STKCKD$USESV7$~SHL$OSPACE$ROPI$EBA8$MICROLIB$REQ8$PRES8$EABIv2 0x00000000   Number         0  anon$$obj.o ABSOLUTE
    __ARM_use_no_argv                        0x00000000   Number         0  main.o ABSOLUTE
    _printf_a                                0x00000000   Number         0  stubs.o ABSOLUTE
    _printf_c                                0x00000000   Number         0  stubs.o ABSOLUTE
    _printf_charcount                        0x00000000   Number         0  stubs.o ABSOLUTE
    _printf_d                                0x00000000   Number         0  stubs.o ABSOLUTE
    _printf_e                                0x00000000   Number         0  stubs.o ABSOLUTE
    _printf_f                                0x00000000   Number         0  stubs.o ABSOLUTE
    _printf_flags                            0x00000000   Number         0  stubs.o ABSOLUTE
    _printf_fp_dec                           0x00000000   Number         0  stubs.o ABSOLUTE
    _printf_fp_hex                           0x00000000   Number         0  stubs.o ABSOLUTE
    _printf_g                                0x00000000   Number         0  stubs.o ABSOLUTE
    _printf_i                                0x00000000   Number         0  stubs.o ABSOLUTE
    _printf_int_dec                          0x00000000   Number         0  stubs.o ABSOLUTE
    _printf_l                                0x00000000   Number         0  stubs.o ABSOLUTE
    _printf_lc                               0x00000000   Number         0  stubs.o ABSOLUTE
    _printf_ll                               0x00000000   Number         0  stubs.o ABSOLUTE
    _printf_lld                              0x00000000   Number         0  stubs.o ABSOLUTE
    _printf_lli                              0x00000000   Number         0  stubs.o ABSOLUTE
    _printf_llo                              0x00000000   Number         0  stubs.o ABSOLUTE
    _printf_llu                              0x00000000   Number         0  stubs.o ABSOLUTE
    _printf_llx                              0x00000000   Number         0  stubs.o ABSOLUTE
    _printf_longlong_dec                     0x00000000   Number         0  stubs.o ABSOLUTE
    _printf_longlong_hex                     0x00000000   Number         0  stubs.o ABSOLUTE
    _printf_longlong_oct                     0x00000000   Number         0  stubs.o ABSOLUTE
    _printf_ls                               0x00000000   Number         0  stubs.o ABSOLUTE
    _printf_mbtowc                           0x00000000   Number         0  stubs.o ABSOLUTE
    _printf_n                                0x00000000   Number         0  stubs.o ABSOLUTE
    _printf_o                                0x00000000   Number         0  stubs.o ABSOLUTE
    _printf_p                                0x00000000   Number         0  stubs.o ABSOLUTE
    _printf_percent                          0x00000000   Number         0  stubs.o ABSOLUTE
    _printf_pre_padding                      0x00000000   Number         0  stubs.o ABSOLUTE
    _printf_return_value                     0x00000000   Number         0  stubs.o ABSOLUTE
    _printf_s                                0x00000000   Number         0  stubs.o ABSOLUTE
    _printf_sizespec                         0x00000000   Number         0  stubs.o ABSOLUTE
    _printf_str                              0x00000000   Number         0  stubs.o ABSOLUTE
    _printf_truncate_signed                  0x00000000   Number         0  stubs.o ABSOLUTE
    _printf_truncate_unsigned                0x00000000   Number         0  stubs.o ABSOLUTE
    _printf_u                                0x00000000   Number         0  stubs.o ABSOLUTE
    _printf_wc                               0x00000000   Number         0  stubs.o ABSOLUTE
    _printf_wctomb                           0x00000000   Number         0  stubs.o ABSOLUTE
    _printf_widthprec                        0x00000000   Number         0  stubs.o ABSOLUTE
    _printf_x                                0x00000000   Number         0  stubs.o ABSOLUTE
    __cpp_initialize__aeabi_                  - Undefined Weak Reference
    __cxa_finalize                            - Undefined Weak Reference
    _clock_init                               - Undefined Weak Reference
    _microlib_exit                            - Undefined Weak Reference
    __Vectors_Size                           0x000000c0   Number         0  startup_stm32f072.o ABSOLUTE
    __Vectors                                0x08000000   Data           4  startup_stm32f072.o(RESET)
    __Vectors_End                            0x080000c0   Data           0  startup_stm32f072.o(RESET)
    __main                                   0x080000c1   Thumb Code     0  entry.o(.ARM.Collect$$$$00000000)
    _main_stk                                0x080000c1   Thumb Code     0  entry2.o(.ARM.Collect$$$$00000001)
    _main_scatterload                        0x080000c5   Thumb Code     0  entry5.o(.ARM.Collect$$$$00000004)
    __main_after_scatterload                 0x080000c9   Thumb Code     0  entry5.o(.ARM.Collect$$$$00000004)
    _main_clock                              0x080000c9   Thumb Code     0  entry7b.o(.ARM.Collect$$$$00000008)
    _main_cpp_init                           0x080000c9   Thumb Code     0  entry8b.o(.ARM.Collect$$$$0000000A)
    _main_init                               0x080000c9   Thumb Code     0  entry9a.o(.ARM.Collect$$$$0000000B)
    __rt_final_cpp                           0x080000d1   Thumb Code     0  entry10a.o(.ARM.Collect$$$$0000000D)
    __rt_final_exit                          0x080000d1   Thumb Code     0  entry11a.o(.ARM.Collect$$$$0000000F)
    Reset_Handler                            0x080000d5   Thumb Code    38  startup_stm32f072.o(.text)
    ADC1_COMP_IRQHandler                     0x08000105   Thumb Code     0  startup_stm32f072.o(.text)
    CEC_CAN_IRQHandler                       0x08000105   Thumb Code     0  startup_stm32f072.o(.text)
    DMA1_Channel1_IRQHandler                 0x08000105   Thumb Code     0  startup_stm32f072.o(.text)
    DMA1_Channel2_3_IRQHandler               0x08000105   Thumb Code     0  startup_stm32f072.o(.text)
    DMA1_Channel4_5_6_7_IRQHandler           0x08000105   Thumb Code     0  startup_stm32f072.o(.text)
    EXTI0_1_IRQHandler                       0x08000105   Thumb Code     0  startup_stm32f072.o(.text)
    EXTI2_3_IRQHandler                       0x08000105   Thumb Code     0  startup_stm32f072.o(.text)
    FLASH_IRQHandler                         0x08000105   Thumb Code     0  startup_stm32f072.o(.text)
    I2C1_IRQHandler                          0x08000105   Thumb Code     0  startup_stm32f072.o(.text)
    I2C2_IRQHandler                          0x08000105   Thumb Code     0  startup_stm32f072.o(.text)
    PVD_VDDIO2_IRQHandler                    0x08000105   Thumb Code     0  startup_stm32f072.o(.text)
    RCC_CRS_IRQHandler                       0x08000105   Thumb Code     0  startup_stm32f072.o(.text)
    RTC_IRQHandler                           0x08000105   Thumb Code     0  startup_stm32f072.o(.text)
    SPI1_IRQHandler                          0x08000105   Thumb Code     0  startup_stm32f072.o(.text)
    SPI2_IRQHandler                          0x08000105   Thumb Code     0  startup_stm32f072.o(.text)
    TIM15_IRQHandler                         0x08000105   Thumb Code     0  startup_stm32f072.o(.text)
    TIM16_IRQHandler                         0x08000105   Thumb Code     0  startup_stm32f072.o(.text)
    TIM17_IRQHandler                         0x08000105   Thumb Code     0  startup_stm32f072.o(.text)
    TIM1_BRK_UP_TRG_COM_IRQHandler           0x08000105   Thumb Code     0  startup_stm32f072.o(.text)
    TIM1_CC_IRQHandler                       0x08000105   Thumb Code     0  startup_stm32f072.o(.text)
    TIM2_IRQHandler                          0x08000105   Thumb Code     0  startup_stm32f072.o(.text)
    TIM3_IRQHandler                          0x08000105   Thumb Code     0  startup_stm32f072.o(.text)
    TIM6_DAC_IRQHandler                      0x08000105   Thumb Code     0  startup_stm32f072.o(.text)
    TIM7_IRQHandler                          0x08000105   Thumb Code     0  startup_stm32f072.o(.text)
    TSC_IRQHandler                           0x08000105   Thumb Code     0  startup_stm32f072.o(.text)
    USART2_IRQHandler                        0x08000105   Thumb Code     0  startup_stm32f072.o(.text)
    USART3_4_IRQHandler                      0x08000105   Thumb Code     0  startup_stm32f072.o(.text)
    USB_IRQHandler                           0x08000105   Thumb Code     0  startup_stm32f072.o(.text)
    WWDG_IRQHandler                          0x08000105   Thumb Code     0  startup_stm32f072.o(.text)
    __aeabi_uidiv                            0x0800012d   Thumb Code     0  uidiv.o(.text)
    __aeabi_uidivmod                         0x0800012d   Thumb Code    44  uidiv.o(.text)
    __aeabi_memcpy                           0x08000159   Thumb Code    36  memcpya.o(.text)
    __aeabi_memcpy4                          0x08000159   Thumb Code     0  memcpya.o(.text)
    __aeabi_memcpy8                          0x08000159   Thumb Code     0  memcpya.o(.text)
    memcmp                                   0x0800017d   Thumb Code    26  memcmp.o(.text)
    __aeabi_dadd                             0x08000199   Thumb Code   328  dadd.o(.text)
    __aeabi_dsub                             0x080002e1   Thumb Code    12  dadd.o(.text)
    __aeabi_drsub                            0x080002ed   Thumb Code    12  dadd.o(.text)
    __aeabi_dmul                             0x080002fd   Thumb Code   202  dmul.o(.text)
    __aeabi_ddiv                             0x080003cd   Thumb Code   234  ddiv.o(.text)
    __aeabi_ul2d                             0x080004bd   Thumb Code    22  dfltul.o(.text)
    __aeabi_d2ulz                            0x080004d9   Thumb Code    54  dfixul.o(.text)
    __aeabi_cdcmpeq                          0x08000519   Thumb Code     0  cdcmple.o(.text)
    __aeabi_cdcmple                          0x08000519   Thumb Code    38  cdcmple.o(.text)
    __aeabi_uldivmod                         0x08000541   Thumb Code    96  uldiv.o(.text)
    __aeabi_llsl                             0x080005a1   Thumb Code    32  llshl.o(.text)
    _ll_shift_l                              0x080005a1   Thumb Code     0  llshl.o(.text)
    __aeabi_llsr                             0x080005c1   Thumb Code    34  llushr.o(.text)
    _ll_ushift_r                             0x080005c1   Thumb Code     0  llushr.o(.text)
    __aeabi_lasr                             0x080005e3   Thumb Code    38  llsshr.o(.text)
    _ll_sshift_r                             0x080005e3   Thumb Code     0  llsshr.o(.text)
    __I$use$fp                               0x08000609   Thumb Code     0  iusefp.o(.text)
    _double_round                            0x08000609   Thumb Code    26  depilogue.o(.text)
    _double_epilogue                         0x08000623   Thumb Code   164  depilogue.o(.text)
    __aeabi_cdrcmple                         0x080006c9   Thumb Code    38  cdrcmple.o(.text)
    __scatterload                            0x080006f1   Thumb Code    28  init.o(.text)
    __scatterload_rt2                        0x080006f1   Thumb Code     0  init.o(.text)
    __decompress                             0x08000715   Thumb Code     0  __dczerorl2.o(.text)
    __decompress1                            0x08000715   Thumb Code    86  __dczerorl2.o(.text)
    Delay_ms                                 0x0800076d   Thumb Code    40  delay.o(i.Delay_ms)
    EXTI4_15_IRQHandler                      0x08000799   Thumb Code   112  main.o(i.EXTI4_15_IRQHandler)
    EXTI_ClearITPendingBit                   0x0800081d   Thumb Code     6  stm32f0xx_exti.o(i.EXTI_ClearITPendingBit)
    EXTI_GetITStatus                         0x08000829   Thumb Code    22  stm32f0xx_exti.o(i.EXTI_GetITStatus)
    EXTI_Init                                0x08000845   Thumb Code   132  stm32f0xx_exti.o(i.EXTI_Init)
    GPIO_Init                                0x080008cd   Thumb Code   144  stm32f0xx_gpio.o(i.GPIO_Init)
    GPIO_PinAFConfig                         0x0800095d   Thumb Code    68  stm32f0xx_gpio.o(i.GPIO_PinAFConfig)
    GPIO_ResetBits                           0x080009a1   Thumb Code     4  stm32f0xx_gpio.o(i.GPIO_ResetBits)
    GPIO_SetBits                             0x080009a5   Thumb Code     4  stm32f0xx_gpio.o(i.GPIO_SetBits)
    HardFault_Handler                        0x080009a9   Thumb Code     4  stm32f0xx_it.o(i.HardFault_Handler)
    IWDG_Enable                              0x080009ad   Thumb Code     8  stm32f0xx_iwdg.o(i.IWDG_Enable)
    IWDG_Feed                                0x080009bd   Thumb Code     8  wdg.o(i.IWDG_Feed)
    IWDG_Init                                0x080009c5   Thumb Code    34  wdg.o(i.IWDG_Init)
    IWDG_ReloadCounter                       0x080009ed   Thumb Code     8  stm32f0xx_iwdg.o(i.IWDG_ReloadCounter)
    IWDG_SetPrescaler                        0x080009fd   Thumb Code     6  stm32f0xx_iwdg.o(i.IWDG_SetPrescaler)
    IWDG_SetReload                           0x08000a09   Thumb Code     6  stm32f0xx_iwdg.o(i.IWDG_SetReload)
    IWDG_WriteAccessCmd                      0x08000a15   Thumb Code     6  stm32f0xx_iwdg.o(i.IWDG_WriteAccessCmd)
    LED_Init                                 0x08000a21   Thumb Code    90  led.o(i.LED_Init)
    NMI_Handler                              0x08000a85   Thumb Code     2  stm32f0xx_it.o(i.NMI_Handler)
    NVIC_Init                                0x08000a89   Thumb Code   106  stm32f0xx_misc.o(i.NVIC_Init)
    PendSV_Handler                           0x08000b71   Thumb Code     2  stm32f0xx_it.o(i.PendSV_Handler)
    RCC_AHBPeriphClockCmd                    0x08000b75   Thumb Code    28  stm32f0xx_rcc.o(i.RCC_AHBPeriphClockCmd)
    RCC_APB1PeriphClockCmd                   0x08000b95   Thumb Code    28  stm32f0xx_rcc.o(i.RCC_APB1PeriphClockCmd)
    RCC_APB2PeriphClockCmd                   0x08000bb5   Thumb Code    28  stm32f0xx_rcc.o(i.RCC_APB2PeriphClockCmd)
    RCC_GetClocksFreq                        0x08000bd5   Thumb Code   554  stm32f0xx_rcc.o(i.RCC_GetClocksFreq)
    SPI_Cmd                                  0x08000e1d   Thumb Code    24  stm32f0xx_spi.o(i.SPI_Cmd)
    SPI_I2S_GetFlagStatus                    0x08000e39   Thumb Code    20  stm32f0xx_spi.o(i.SPI_I2S_GetFlagStatus)
    SPI_Init                                 0x08000e4d   Thumb Code    76  stm32f0xx_spi.o(i.SPI_Init)
    SPI_ReceiveData8                         0x08000ea5   Thumb Code    12  stm32f0xx_spi.o(i.SPI_ReceiveData8)
    SPI_RxFIFOThresholdConfig                0x08000eb1   Thumb Code    16  stm32f0xx_spi.o(i.SPI_RxFIFOThresholdConfig)
    SPI_SendData8                            0x08000ec5   Thumb Code    10  stm32f0xx_spi.o(i.SPI_SendData8)
    SVC_Handler                              0x08000ecf   Thumb Code     2  stm32f0xx_it.o(i.SVC_Handler)
    SYSCFG_EXTILineConfig                    0x08000ed1   Thumb Code    60  stm32f0xx_syscfg.o(i.SYSCFG_EXTILineConfig)
    SysTick_CLKSourceConfig                  0x08000f91   Thumb Code    32  stm32f0xx_misc.o(i.SysTick_CLKSourceConfig)
    SysTick_Handler                          0x08000fb5   Thumb Code    44  stm32f0xx_it.o(i.SysTick_Handler)
    SystemInit                               0x08000ff1   Thumb Code   110  system_stm32f0xx.o(i.SystemInit)
    System_GetClocks                         0x0800106d   Thumb Code    86  sys.o(i.System_GetClocks)
    TIM14_IRQHandler                         0x08001105   Thumb Code    50  usmart.o(i.TIM14_IRQHandler)
    TIM_ClearFlag                            0x08001141   Thumb Code     6  stm32f0xx_tim.o(i.TIM_ClearFlag)
    TIM_ClearITPendingBit                    0x08001147   Thumb Code     6  stm32f0xx_tim.o(i.TIM_ClearITPendingBit)
    TIM_Cmd                                  0x0800114d   Thumb Code    24  stm32f0xx_tim.o(i.TIM_Cmd)
    TIM_GetCounter                           0x08001169   Thumb Code     6  stm32f0xx_tim.o(i.TIM_GetCounter)
    TIM_GetFlagStatus                        0x0800116f   Thumb Code    20  stm32f0xx_tim.o(i.TIM_GetFlagStatus)
    TIM_GetITStatus                          0x08001183   Thumb Code    38  stm32f0xx_tim.o(i.TIM_GetITStatus)
    TIM_ITConfig                             0x080011a9   Thumb Code    20  stm32f0xx_tim.o(i.TIM_ITConfig)
    TIM_SetAutoreload                        0x080011bd   Thumb Code     4  stm32f0xx_tim.o(i.TIM_SetAutoreload)
    TIM_SetCounter                           0x080011c1   Thumb Code     4  stm32f0xx_tim.o(i.TIM_SetCounter)
    TIM_TimeBaseInit                         0x080011c5   Thumb Code    90  stm32f0xx_tim.o(i.TIM_TimeBaseInit)
    Timer2_Init                              0x08001241   Thumb Code    72  usmart.o(i.Timer2_Init)
    USART1_IRQHandler                        0x0800128d   Thumb Code   400  usart_v1.o(i.USART1_IRQHandler)
    USART_ClearFlag                          0x08001439   Thumb Code     4  stm32f0xx_usart.o(i.USART_ClearFlag)
    USART_Cmd                                0x0800143d   Thumb Code    24  stm32f0xx_usart.o(i.USART_Cmd)
    USART_Config                             0x08001455   Thumb Code   166  usart_v1.o(i.USART_Config)
    USART_GetFlagStatus                      0x08001505   Thumb Code    20  stm32f0xx_usart.o(i.USART_GetFlagStatus)
    USART_GetITStatus                        0x08001519   Thumb Code    78  stm32f0xx_usart.o(i.USART_GetITStatus)
    USART_ITConfig                           0x08001567   Thumb Code    66  stm32f0xx_usart.o(i.USART_ITConfig)
    USART_Init                               0x080015a9   Thumb Code   226  stm32f0xx_usart.o(i.USART_Init)
    USART_ReceiveData                        0x080016a1   Thumb Code    10  stm32f0xx_usart.o(i.USART_ReceiveData)
    USART_SendData                           0x080016ab   Thumb Code     8  stm32f0xx_usart.o(i.USART_SendData)
    __0printf                                0x080016b5   Thumb Code    24  printfa.o(i.__0printf)
    __1printf                                0x080016b5   Thumb Code     0  printfa.o(i.__0printf)
    __2printf                                0x080016b5   Thumb Code     0  printfa.o(i.__0printf)
    __c89printf                              0x080016b5   Thumb Code     0  printfa.o(i.__0printf)
    printf                                   0x080016b5   Thumb Code     0  printfa.o(i.__0printf)
    __ARM_clz                                0x080016d5   Thumb Code    46  depilogue.o(i.__ARM_clz)
    __ARM_common_switch8                     0x08001703   Thumb Code    28  usmart.o(i.__ARM_common_switch8)
    __scatterload_copy                       0x0800171f   Thumb Code    14  handlers.o(i.__scatterload_copy)
    __scatterload_null                       0x0800172d   Thumb Code     2  handlers.o(i.__scatterload_null)
    __scatterload_zeroinit                   0x0800172f   Thumb Code    14  handlers.o(i.__scatterload_zeroinit)
    _dwt_aonarrayupload                      0x0800173d   Thumb Code    24  deca_device.o(i._dwt_aonarrayupload)
    _dwt_configlde                           0x08001755   Thumb Code    42  deca_device.o(i._dwt_configlde)
    _dwt_disablesequencing                   0x08001791   Thumb Code    20  deca_device.o(i._dwt_disablesequencing)
    _dwt_enableclocks                        0x080017a5   Thumb Code   236  deca_device.o(i._dwt_enableclocks)
    _dwt_loaducodefromrom                    0x08001891   Thumb Code    34  deca_device.o(i._dwt_loaducodefromrom)
    _dwt_otpread                             0x080018b3   Thumb Code    48  deca_device.o(i._dwt_otpread)
    deca_sleep                               0x08002175   Thumb Code    12  deca_sleep.o(i.deca_sleep)
    decamutexoff                             0x08002181   Thumb Code    34  deca_mutex.o(i.decamutexoff)
    decamutexon                              0x080021ad   Thumb Code    62  deca_mutex.o(i.decamutexon)
    delay_init                               0x080021f9   Thumb Code    72  delay.o(i.delay_init)
    dw1000IRQ_init                           0x0800224d   Thumb Code   102  exti_v1.o(i.dw1000IRQ_init)
    dwt_configure                            0x080022b5   Thumb Code   516  deca_device.o(i.dwt_configure)
    dwt_forcetrxoff                          0x080024f1   Thumb Code    76  deca_device.o(i.dwt_forcetrxoff)
    dwt_initialise                           0x08002545   Thumb Code   244  deca_device.o(i.dwt_initialise)
    dwt_read16bitoffsetreg                   0x08002645   Thumb Code    38  deca_device.o(i.dwt_read16bitoffsetreg)
    dwt_read32bitoffsetreg                   0x0800266b   Thumb Code    42  deca_device.o(i.dwt_read32bitoffsetreg)
    dwt_read8bitoffsetreg                    0x08002695   Thumb Code    24  deca_device.o(i.dwt_read8bitoffsetreg)
    dwt_readdevid                            0x080026ad   Thumb Code    12  deca_device.o(i.dwt_readdevid)
    dwt_readfromdevice                       0x080026b9   Thumb Code    96  deca_device.o(i.dwt_readfromdevice)
    dwt_readrxdata                           0x08002719   Thumb Code    22  deca_device.o(i.dwt_readrxdata)
    dwt_readrxtimestamp                      0x0800272f   Thumb Code    18  deca_device.o(i.dwt_readrxtimestamp)
    dwt_readtxtimestamp                      0x08002741   Thumb Code    18  deca_device.o(i.dwt_readtxtimestamp)
    dwt_rxenable                             0x08002753   Thumb Code   102  deca_device.o(i.dwt_rxenable)
    dwt_rxreset                              0x080027b9   Thumb Code    24  deca_device.o(i.dwt_rxreset)
    dwt_setinterrupt                         0x080027d1   Thumb Code    58  deca_device.o(i.dwt_setinterrupt)
    dwt_setleds                              0x0800280b   Thumb Code   164  deca_device.o(i.dwt_setleds)
    dwt_setrxantennadelay                    0x080028b1   Thumb Code    16  deca_device.o(i.dwt_setrxantennadelay)
    dwt_setrxtimeout                         0x080028c5   Thumb Code    90  deca_device.o(i.dwt_setrxtimeout)
    dwt_settxantennadelay                    0x08002925   Thumb Code    16  deca_device.o(i.dwt_settxantennadelay)
    dwt_setxtaltrim                          0x08002935   Thumb Code    26  deca_device.o(i.dwt_setxtaltrim)
    dwt_softreset                            0x08002951   Thumb Code    64  deca_device.o(i.dwt_softreset)
    dwt_starttx                              0x08002995   Thumb Code   122  deca_device.o(i.dwt_starttx)
    dwt_syncrxbufptrs                        0x08002a15   Thumb Code    38  deca_device.o(i.dwt_syncrxbufptrs)
    dwt_write16bitoffsetreg                  0x08002a3b   Thumb Code    30  deca_device.o(i.dwt_write16bitoffsetreg)
    dwt_write32bitoffsetreg                  0x08002a59   Thumb Code    38  deca_device.o(i.dwt_write32bitoffsetreg)
    dwt_write8bitoffsetreg                   0x08002a7f   Thumb Code    20  deca_device.o(i.dwt_write8bitoffsetreg)
    dwt_writetodevice                        0x08002a93   Thumb Code   100  deca_device.o(i.dwt_writetodevice)
    dwt_writetxdata                          0x08002af7   Thumb Code    40  deca_device.o(i.dwt_writetxdata)
    dwt_writetxfctrl                         0x08002b21   Thumb Code    36  deca_device.o(i.dwt_writetxfctrl)
    fputc                                    0x08002b6d   Thumb Code    32  usart_v1.o(i.fputc)
    function_scan                            0x08002b91   Thumb Code   104  usmart.o(i.function_scan)
    getIDs                                   0x08002c05   Thumb Code    36  sys.o(i.getIDs)
    getSYSstatus                             0x08002c31   Thumb Code    38  sys.o(i.getSYSstatus)
    main                                     0x08002cc1   Thumb Code  1538  main.o(i.main)
    read_fre                                 0x080032f5   Thumb Code   142  main.o(i.read_fre)
    read_gain                                0x08003391   Thumb Code   138  main.o(i.read_gain)
    read_power                               0x08003429   Thumb Code   138  main.o(i.read_power)
    read_test                                0x080034c1   Thumb Code    20  sys.o(i.read_test)
    readfromspi                              0x080034dd   Thumb Code   132  deca_spi.o(i.readfromspi)
    reset_DW1000                             0x08003569   Thumb Code    80  main.o(i.reset_DW1000)
    send_sync                                0x080035bd   Thumb Code    92  main.o(i.send_sync)
    send_to_PC                               0x08003621   Thumb Code   388  main.o(i.send_to_PC)
    send_to_PC_none                          0x080037c5   Thumb Code   186  main.o(i.send_to_PC_none)
    set_fre                                  0x08003895   Thumb Code   136  main.o(i.set_fre)
    set_gain                                 0x08003929   Thumb Code   136  main.o(i.set_gain)
    spi_init                                 0x080039bd   Thumb Code   196  spi_v1.o(i.spi_init)
    unlockflash                              0x08003a89   Thumb Code    12  main.o(i.unlockflash)
    usmart_cmd_rec                           0x08003ab5   Thumb Code   176  usmart.o(i.usmart_cmd_rec)
    usmart_exe                               0x08003b69   Thumb Code   672  usmart.o(i.usmart_exe)
    usmart_get_aparm                         0x08003e65   Thumb Code   214  usmart_str.o(i.usmart_get_aparm)
    usmart_get_cmdname                       0x08003f3b   Thumb Code    54  usmart_str.o(i.usmart_get_cmdname)
    usmart_get_fname                         0x08003f71   Thumb Code   462  usmart_str.o(i.usmart_get_fname)
    usmart_get_fparam                        0x08004149   Thumb Code   266  usmart_str.o(i.usmart_get_fparam)
    usmart_get_parmpos                       0x08004259   Thumb Code    26  usmart_str.o(i.usmart_get_parmpos)
    usmart_get_runtime                       0x08004279   Thumb Code    46  usmart.o(i.usmart_get_runtime)
    usmart_init                              0x080042b5   Thumb Code    30  usmart.o(i.usmart_init)
    usmart_pow                               0x080042d9   Thumb Code    26  usmart_str.o(i.usmart_pow)
    usmart_reset_runtime                     0x080042f5   Thumb Code    34  usmart.o(i.usmart_reset_runtime)
    usmart_scan                              0x08004325   Thumb Code   126  usmart.o(i.usmart_scan)
    usmart_search_nextc                      0x080043e9   Thumb Code    22  usmart_str.o(i.usmart_search_nextc)
    usmart_str2num                           0x080043ff   Thumb Code   208  usmart_str.o(i.usmart_str2num)
    usmart_strcmp                            0x080044cf   Thumb Code    36  usmart_str.o(i.usmart_strcmp)
    usmart_strcopy                           0x080044f3   Thumb Code    24  usmart_str.o(i.usmart_strcopy)
    usmart_strlen                            0x0800450b   Thumb Code    26  usmart_str.o(i.usmart_strlen)
    usmart_sys_cmd_exe                       0x08004525   Thumb Code  1566  usmart.o(i.usmart_sys_cmd_exe)
    writetospi                               0x08004c19   Thumb Code   128  deca_spi.o(i.writetospi)
    chan_idx                                 0x08004ca0   Data           8  deca_params_init.o(.constdata)
    tx_config                                0x08004ca8   Data          24  deca_params_init.o(.constdata)
    fs_pll_cfg                               0x08004cc0   Data          24  deca_params_init.o(.constdata)
    fs_pll_tune                              0x08004cd8   Data           6  deca_params_init.o(.constdata)
    rx_config                                0x08004cde   Data           2  deca_params_init.o(.constdata)
    agc_config                               0x08004ce0   Data           8  deca_params_init.o(.constdata)
    dwnsSFDlen                               0x08004ce8   Data           3  deca_params_init.o(.constdata)
    sftsh                                    0x08004cec   Data          12  deca_params_init.o(.constdata)
    dtune1                                   0x08004cf8   Data           4  deca_params_init.o(.constdata)
    digital_bb_config                        0x08004cfc   Data          32  deca_params_init.o(.constdata)
    lde_replicaCoeff                         0x08004d1c   Data          50  deca_params_init.o(.constdata)
    Region$$Table$$Base                      0x08004e38   Number         0  anon$$obj.o(Region$$Table)
    Region$$Table$$Limit                     0x08004e58   Number         0  anon$$obj.o(Region$$Table)
    USART_RX_STA                             0x20000000   Data           2  usart_v1.o(.data)
    Res_in                                   0x20000002   Data           1  usart_v1.o(.data)
    stat                                     0x200000e8   Data           4  main.o(.data)
    USART_STA                                0x20000118   Data           2  main.o(.data)
    msec                                     0x2000011c   Data           4  delay.o(.data)
    synccnt                                  0x20000120   Data           2  delay.o(.data)
    syncstart                                0x20000122   Data           1  delay.o(.data)
    SystemCoreClock                          0x20000134   Data           4  system_stm32f0xx.o(.data)
    AHBPrescTable                            0x20000138   Data          16  system_stm32f0xx.o(.data)
    sys_cmd_tab                              0x20000148   Data          28  usmart.o(.data)
    usmart_nametab                           0x20000164   Data          48  usmart_config.o(.data)
    usmart_dev                               0x20000194   Data         244  usmart_config.o(.data)
    __stdout                                 0x20000288   Data           4  stdout.o(.data)
    USART_RX_BUF                             0x2000028c   Data         128  usart_v1.o(.bss)
    usart_rx_buff                            0x20000370   Data          64  main.o(.bss)
    dist_str                                 0x200003b0   Data          16  main.o(.bss)
    __initial_sp                             0x200007f8   Data           0  startup_stm32f072.o(STACK)



==============================================================================

Memory Map of the image

  Image Entry point : 0x080000c1

  Load Region LR_IROM1 (Base: 0x08000000, Size: 0x000050e4, Max: 0x00020000, ABSOLUTE, COMPRESSED[0x00004f0c])

    Execution Region ER_IROM1 (Base: 0x08000000, Size: 0x00004e58, Max: 0x00020000, ABSOLUTE)

    Base Addr    Size         Type   Attr      Idx    E Section Name        Object

    0x08000000   0x000000c0   Data   RO         2764    RESET               startup_stm32f072.o
    0x080000c0   0x00000000   Code   RO         3545  * .ARM.Collect$$$$00000000  mc_p.l(entry.o)
    0x080000c0   0x00000004   Code   RO         3829    .ARM.Collect$$$$00000001  mc_p.l(entry2.o)
    0x080000c4   0x00000004   Code   RO         3832    .ARM.Collect$$$$00000004  mc_p.l(entry5.o)
    0x080000c8   0x00000000   Code   RO         3834    .ARM.Collect$$$$00000008  mc_p.l(entry7b.o)
    0x080000c8   0x00000000   Code   RO         3836    .ARM.Collect$$$$0000000A  mc_p.l(entry8b.o)
    0x080000c8   0x00000008   Code   RO         3837    .ARM.Collect$$$$0000000B  mc_p.l(entry9a.o)
    0x080000d0   0x00000000   Code   RO         3839    .ARM.Collect$$$$0000000D  mc_p.l(entry10a.o)
    0x080000d0   0x00000000   Code   RO         3841    .ARM.Collect$$$$0000000F  mc_p.l(entry11a.o)
    0x080000d0   0x00000004   Code   RO         3830    .ARM.Collect$$$$00002712  mc_p.l(entry2.o)
    0x080000d4   0x00000058   Code   RO         2765    .text               startup_stm32f072.o
    0x0800012c   0x0000002c   Code   RO         3548    .text               mc_p.l(uidiv.o)
    0x08000158   0x00000024   Code   RO         3550    .text               mc_p.l(memcpya.o)
    0x0800017c   0x0000001a   Code   RO         3552    .text               mc_p.l(memcmp.o)
    0x08000196   0x00000002   PAD
    0x08000198   0x00000164   Code   RO         3817    .text               mf_p.l(dadd.o)
    0x080002fc   0x000000d0   Code   RO         3819    .text               mf_p.l(dmul.o)
    0x080003cc   0x000000f0   Code   RO         3821    .text               mf_p.l(ddiv.o)
    0x080004bc   0x0000001c   Code   RO         3823    .text               mf_p.l(dfltul.o)
    0x080004d8   0x00000040   Code   RO         3825    .text               mf_p.l(dfixul.o)
    0x08000518   0x00000028   Code   RO         3827    .text               mf_p.l(cdcmple.o)
    0x08000540   0x00000060   Code   RO         3844    .text               mc_p.l(uldiv.o)
    0x080005a0   0x00000020   Code   RO         3846    .text               mc_p.l(llshl.o)
    0x080005c0   0x00000022   Code   RO         3848    .text               mc_p.l(llushr.o)
    0x080005e2   0x00000026   Code   RO         3850    .text               mc_p.l(llsshr.o)
    0x08000608   0x00000000   Code   RO         3852    .text               mc_p.l(iusefp.o)
    0x08000608   0x000000be   Code   RO         3853    .text               mf_p.l(depilogue.o)
    0x080006c6   0x00000002   PAD
    0x080006c8   0x00000028   Code   RO         3857    .text               mf_p.l(cdrcmple.o)
    0x080006f0   0x00000024   Code   RO         3859    .text               mc_p.l(init.o)
    0x08000714   0x00000056   Code   RO         3869    .text               mc_p.l(__dczerorl2.o)
    0x0800076a   0x00000002   PAD
    0x0800076c   0x0000002c   Code   RO          548    i.Delay_ms          delay.o
    0x08000798   0x00000084   Code   RO          421    i.EXTI4_15_IRQHandler  main.o
    0x0800081c   0x0000000c   Code   RO          806    i.EXTI_ClearITPendingBit  stm32f0xx_exti.o
    0x08000828   0x0000001c   Code   RO          810    i.EXTI_GetITStatus  stm32f0xx_exti.o
    0x08000844   0x00000088   Code   RO          811    i.EXTI_Init         stm32f0xx_exti.o
    0x080008cc   0x00000090   Code   RO          868    i.GPIO_Init         stm32f0xx_gpio.o
    0x0800095c   0x00000044   Code   RO          869    i.GPIO_PinAFConfig  stm32f0xx_gpio.o
    0x080009a0   0x00000004   Code   RO          875    i.GPIO_ResetBits    stm32f0xx_gpio.o
    0x080009a4   0x00000004   Code   RO          876    i.GPIO_SetBits      stm32f0xx_gpio.o
    0x080009a8   0x00000004   Code   RO         2659    i.HardFault_Handler  stm32f0xx_it.o
    0x080009ac   0x00000010   Code   RO         1453    i.IWDG_Enable       stm32f0xx_iwdg.o
    0x080009bc   0x00000008   Code   RO          392    i.IWDG_Feed         wdg.o
    0x080009c4   0x00000028   Code   RO          393    i.IWDG_Init         wdg.o
    0x080009ec   0x00000010   Code   RO         1455    i.IWDG_ReloadCounter  stm32f0xx_iwdg.o
    0x080009fc   0x0000000c   Code   RO         1456    i.IWDG_SetPrescaler  stm32f0xx_iwdg.o
    0x08000a08   0x0000000c   Code   RO         1457    i.IWDG_SetReload    stm32f0xx_iwdg.o
    0x08000a14   0x0000000c   Code   RO         1459    i.IWDG_WriteAccessCmd  stm32f0xx_iwdg.o
    0x08000a20   0x00000064   Code   RO          369    i.LED_Init          led.o
    0x08000a84   0x00000002   Code   RO         2660    i.NMI_Handler       stm32f0xx_it.o
    0x08000a86   0x00000002   PAD
    0x08000a88   0x00000070   Code   RO          959    i.NVIC_Init         stm32f0xx_misc.o
    0x08000af8   0x00000078   Code   RO          549    i.NVIC_SetPriority  delay.o
    0x08000b70   0x00000002   Code   RO         2661    i.PendSV_Handler    stm32f0xx_it.o
    0x08000b72   0x00000002   PAD
    0x08000b74   0x00000020   Code   RO          992    i.RCC_AHBPeriphClockCmd  stm32f0xx_rcc.o
    0x08000b94   0x00000020   Code   RO          994    i.RCC_APB1PeriphClockCmd  stm32f0xx_rcc.o
    0x08000bb4   0x00000020   Code   RO          996    i.RCC_APB2PeriphClockCmd  stm32f0xx_rcc.o
    0x08000bd4   0x00000248   Code   RO         1006    i.RCC_GetClocksFreq  stm32f0xx_rcc.o
    0x08000e1c   0x0000001c   Code   RO         1259    i.SPI_Cmd           stm32f0xx_spi.o
    0x08000e38   0x00000014   Code   RO         1268    i.SPI_I2S_GetFlagStatus  stm32f0xx_spi.o
    0x08000e4c   0x00000058   Code   RO         1273    i.SPI_Init          stm32f0xx_spi.o
    0x08000ea4   0x0000000c   Code   RO         1277    i.SPI_ReceiveData8  stm32f0xx_spi.o
    0x08000eb0   0x00000014   Code   RO         1278    i.SPI_RxFIFOThresholdConfig  stm32f0xx_spi.o
    0x08000ec4   0x0000000a   Code   RO         1280    i.SPI_SendData8     stm32f0xx_spi.o
    0x08000ece   0x00000002   Code   RO         2662    i.SVC_Handler       stm32f0xx_it.o
    0x08000ed0   0x00000040   Code   RO         1513    i.SYSCFG_EXTILineConfig  stm32f0xx_syscfg.o
    0x08000f10   0x00000080   Code   RO         2706    i.SetSysClock       system_stm32f0xx.o
    0x08000f90   0x00000024   Code   RO          961    i.SysTick_CLKSourceConfig  stm32f0xx_misc.o
    0x08000fb4   0x0000003c   Code   RO         2663    i.SysTick_Handler   stm32f0xx_it.o
    0x08000ff0   0x0000007c   Code   RO         2708    i.SystemInit        system_stm32f0xx.o
    0x0800106c   0x00000098   Code   RO          589    i.System_GetClocks  sys.o
    0x08001104   0x0000003c   Code   RO         2771    i.TIM14_IRQHandler  usmart.o
    0x08001140   0x00000006   Code   RO         1593    i.TIM_ClearFlag     stm32f0xx_tim.o
    0x08001146   0x00000006   Code   RO         1594    i.TIM_ClearITPendingBit  stm32f0xx_tim.o
    0x0800114c   0x0000001c   Code   RO         1599    i.TIM_Cmd           stm32f0xx_tim.o
    0x08001168   0x00000006   Code   RO         1618    i.TIM_GetCounter    stm32f0xx_tim.o
    0x0800116e   0x00000014   Code   RO         1619    i.TIM_GetFlagStatus  stm32f0xx_tim.o
    0x08001182   0x00000026   Code   RO         1620    i.TIM_GetITStatus   stm32f0xx_tim.o
    0x080011a8   0x00000014   Code   RO         1624    i.TIM_ITConfig      stm32f0xx_tim.o
    0x080011bc   0x00000004   Code   RO         1660    i.TIM_SetAutoreload  stm32f0xx_tim.o
    0x080011c0   0x00000004   Code   RO         1666    i.TIM_SetCounter    stm32f0xx_tim.o
    0x080011c4   0x0000007c   Code   RO         1672    i.TIM_TimeBaseInit  stm32f0xx_tim.o
    0x08001240   0x0000004c   Code   RO         2772    i.Timer2_Init       usmart.o
    0x0800128c   0x000001ac   Code   RO            3    i.USART1_IRQHandler  usart_v1.o
    0x08001438   0x00000004   Code   RO         2154    i.USART_ClearFlag   stm32f0xx_usart.o
    0x0800143c   0x00000018   Code   RO         2158    i.USART_Cmd         stm32f0xx_usart.o
    0x08001454   0x000000b0   Code   RO            4    i.USART_Config      usart_v1.o
    0x08001504   0x00000014   Code   RO         2166    i.USART_GetFlagStatus  stm32f0xx_usart.o
    0x08001518   0x0000004e   Code   RO         2167    i.USART_GetITStatus  stm32f0xx_usart.o
    0x08001566   0x00000042   Code   RO         2169    i.USART_ITConfig    stm32f0xx_usart.o
    0x080015a8   0x000000f8   Code   RO         2170    i.USART_Init        stm32f0xx_usart.o
    0x080016a0   0x0000000a   Code   RO         2182    i.USART_ReceiveData  stm32f0xx_usart.o
    0x080016aa   0x00000008   Code   RO         2187    i.USART_SendData    stm32f0xx_usart.o
    0x080016b2   0x00000002   PAD
    0x080016b4   0x00000020   Code   RO         3789    i.__0printf         mc_p.l(printfa.o)
    0x080016d4   0x0000002e   Code   RO         3855    i.__ARM_clz         mf_p.l(depilogue.o)
    0x08001702   0x0000001c   Code   RO         2856    i.__ARM_common_switch8  usmart.o
    0x0800171e   0x0000000e   Code   RO         3863    i.__scatterload_copy  mc_p.l(handlers.o)
    0x0800172c   0x00000002   Code   RO         3864    i.__scatterload_null  mc_p.l(handlers.o)
    0x0800172e   0x0000000e   Code   RO         3865    i.__scatterload_zeroinit  mc_p.l(handlers.o)
    0x0800173c   0x00000018   Code   RO         2969    i._dwt_aonarrayupload  deca_device.o
    0x08001754   0x0000003c   Code   RO         2971    i._dwt_configlde    deca_device.o
    0x08001790   0x00000014   Code   RO         2972    i._dwt_disablesequencing  deca_device.o
    0x080017a4   0x000000ec   Code   RO         2973    i._dwt_enableclocks  deca_device.o
    0x08001890   0x00000022   Code   RO         2974    i._dwt_loaducodefromrom  deca_device.o
    0x080018b2   0x00000030   Code   RO         2976    i._dwt_otpread      deca_device.o
    0x080018e2   0x00000002   PAD
    0x080018e4   0x00000158   Code   RO         3796    i._fp_digits        mc_p.l(printfa.o)
    0x08001a3c   0x000006ec   Code   RO         3797    i._printf_core      mc_p.l(printfa.o)
    0x08002128   0x00000020   Code   RO         3798    i._printf_post_padding  mc_p.l(printfa.o)
    0x08002148   0x0000002c   Code   RO         3799    i._printf_pre_padding  mc_p.l(printfa.o)
    0x08002174   0x0000000c   Code   RO          251    i.deca_sleep        deca_sleep.o
    0x08002180   0x0000002c   Code   RO          282    i.decamutexoff      deca_mutex.o
    0x080021ac   0x0000004c   Code   RO          283    i.decamutexon       deca_mutex.o
    0x080021f8   0x00000054   Code   RO          550    i.delay_init        delay.o
    0x0800224c   0x00000066   Code   RO          219    i.dw1000IRQ_init    exti_v1.o
    0x080022b2   0x00000002   PAD
    0x080022b4   0x0000023c   Code   RO         2983    i.dwt_configure     deca_device.o
    0x080024f0   0x00000054   Code   RO         2991    i.dwt_forcetrxoff   deca_device.o
    0x08002544   0x00000100   Code   RO         2996    i.dwt_initialise    deca_device.o
    0x08002644   0x00000026   Code   RO         3003    i.dwt_read16bitoffsetreg  deca_device.o
    0x0800266a   0x0000002a   Code   RO         3004    i.dwt_read32bitoffsetreg  deca_device.o
    0x08002694   0x00000018   Code   RO         3005    i.dwt_read8bitoffsetreg  deca_device.o
    0x080026ac   0x0000000c   Code   RO         3007    i.dwt_readdevid     deca_device.o
    0x080026b8   0x00000060   Code   RO         3010    i.dwt_readfromdevice  deca_device.o
    0x08002718   0x00000016   Code   RO         3011    i.dwt_readrxdata    deca_device.o
    0x0800272e   0x00000012   Code   RO         3012    i.dwt_readrxtimestamp  deca_device.o
    0x08002740   0x00000012   Code   RO         3018    i.dwt_readtxtimestamp  deca_device.o
    0x08002752   0x00000066   Code   RO         3023    i.dwt_rxenable      deca_device.o
    0x080027b8   0x00000018   Code   RO         3024    i.dwt_rxreset       deca_device.o
    0x080027d0   0x0000003a   Code   RO         3033    i.dwt_setinterrupt  deca_device.o
    0x0800280a   0x000000a4   Code   RO         3034    i.dwt_setleds       deca_device.o
    0x080028ae   0x00000002   PAD
    0x080028b0   0x00000014   Code   RO         3040    i.dwt_setrxantennadelay  deca_device.o
    0x080028c4   0x00000060   Code   RO         3041    i.dwt_setrxtimeout  deca_device.o
    0x08002924   0x00000010   Code   RO         3045    i.dwt_settxantennadelay  deca_device.o
    0x08002934   0x0000001a   Code   RO         3046    i.dwt_setxtaltrim   deca_device.o
    0x0800294e   0x00000002   PAD
    0x08002950   0x00000044   Code   RO         3047    i.dwt_softreset     deca_device.o
    0x08002994   0x00000080   Code   RO         3049    i.dwt_starttx       deca_device.o
    0x08002a14   0x00000026   Code   RO         3050    i.dwt_syncrxbufptrs  deca_device.o
    0x08002a3a   0x0000001e   Code   RO         3051    i.dwt_write16bitoffsetreg  deca_device.o
    0x08002a58   0x00000026   Code   RO         3052    i.dwt_write32bitoffsetreg  deca_device.o
    0x08002a7e   0x00000014   Code   RO         3053    i.dwt_write8bitoffsetreg  deca_device.o
    0x08002a92   0x00000064   Code   RO         3054    i.dwt_writetodevice  deca_device.o
    0x08002af6   0x00000028   Code   RO         3055    i.dwt_writetxdata   deca_device.o
    0x08002b1e   0x00000002   PAD
    0x08002b20   0x00000028   Code   RO         3056    i.dwt_writetxfctrl  deca_device.o
    0x08002b48   0x00000024   Code   RO          423    i.final_msg_get_ts  main.o
    0x08002b6c   0x00000024   Code   RO            5    i.fputc             usart_v1.o
    0x08002b90   0x00000074   Code   RO         2773    i.function_scan     usmart.o
    0x08002c04   0x0000002c   Code   RO          590    i.getIDs            sys.o
    0x08002c30   0x00000034   Code   RO          591    i.getSYSstatus      sys.o
    0x08002c64   0x0000002e   Code   RO          424    i.get_rx_timestamp_u64  main.o
    0x08002c92   0x0000002e   Code   RO          425    i.get_tx_timestamp_u64  main.o
    0x08002cc0   0x00000634   Code   RO          426    i.main              main.o
    0x080032f4   0x0000009c   Code   RO          427    i.read_fre          main.o
    0x08003390   0x00000098   Code   RO          428    i.read_gain         main.o
    0x08003428   0x00000098   Code   RO          429    i.read_power        main.o
    0x080034c0   0x0000001c   Code   RO          592    i.read_test         sys.o
    0x080034dc   0x0000008c   Code   RO          308    i.readfromspi       deca_spi.o
    0x08003568   0x00000054   Code   RO          430    i.reset_DW1000      main.o
    0x080035bc   0x00000064   Code   RO          431    i.send_sync         main.o
    0x08003620   0x000001a4   Code   RO          432    i.send_to_PC        main.o
    0x080037c4   0x000000d0   Code   RO          433    i.send_to_PC_none   main.o
    0x08003894   0x00000094   Code   RO          434    i.set_fre           main.o
    0x08003928   0x00000094   Code   RO          435    i.set_gain          main.o
    0x080039bc   0x000000cc   Code   RO          191    i.spi_init          spi_v1.o
    0x08003a88   0x0000002c   Code   RO          436    i.unlockflash       main.o
    0x08003ab4   0x000000b4   Code   RO         2775    i.usmart_cmd_rec    usmart.o
    0x08003b68   0x000002fc   Code   RO         2776    i.usmart_exe        usmart.o
    0x08003e64   0x000000d6   Code   RO         2891    i.usmart_get_aparm  usmart_str.o
    0x08003f3a   0x00000036   Code   RO         2892    i.usmart_get_cmdname  usmart_str.o
    0x08003f70   0x000001d8   Code   RO         2893    i.usmart_get_fname  usmart_str.o
    0x08004148   0x00000110   Code   RO         2894    i.usmart_get_fparam  usmart_str.o
    0x08004258   0x00000020   Code   RO         2895    i.usmart_get_parmpos  usmart_str.o
    0x08004278   0x0000003c   Code   RO         2777    i.usmart_get_runtime  usmart.o
    0x080042b4   0x00000024   Code   RO         2778    i.usmart_init       usmart.o
    0x080042d8   0x0000001a   Code   RO         2896    i.usmart_pow        usmart_str.o
    0x080042f2   0x00000002   PAD
    0x080042f4   0x00000030   Code   RO         2779    i.usmart_reset_runtime  usmart.o
    0x08004324   0x000000c4   Code   RO         2780    i.usmart_scan       usmart.o
    0x080043e8   0x00000016   Code   RO         2897    i.usmart_search_nextc  usmart_str.o
    0x080043fe   0x000000d0   Code   RO         2898    i.usmart_str2num    usmart_str.o
    0x080044ce   0x00000024   Code   RO         2899    i.usmart_strcmp     usmart_str.o
    0x080044f2   0x00000018   Code   RO         2900    i.usmart_strcopy    usmart_str.o
    0x0800450a   0x0000001a   Code   RO         2901    i.usmart_strlen     usmart_str.o
    0x08004524   0x000006f4   Code   RO         2781    i.usmart_sys_cmd_exe  usmart.o
    0x08004c18   0x00000088   Code   RO          309    i.writetospi        deca_spi.o
    0x08004ca0   0x000000ae   Data   RO         3524    .constdata          deca_params_init.o
    0x08004d4e   0x00000002   PAD
    0x08004d50   0x00000028   Data   RO         2783    .conststring        usmart.o
    0x08004d78   0x000000bf   Data   RO         2870    .conststring        usmart_config.o
    0x08004e37   0x00000001   PAD
    0x08004e38   0x00000020   Data   RO         3861    Region$$Table       anon$$obj.o


    Execution Region RW_IRAM1 (Base: 0x20000000, Size: 0x000007f8, Max: 0x00004000, ABSOLUTE, COMPRESSED[0x000000b4])

    Base Addr    Size         Type   Attr      Idx    E Section Name        Object

    0x20000000   0x00000003   Data   RW            7    .data               usart_v1.o
    0x20000003   0x00000005   PAD
    0x20000008   0x00000112   Data   RW          438    .data               main.o
    0x2000011a   0x00000002   PAD
    0x2000011c   0x00000007   Data   RW          551    .data               delay.o
    0x20000123   0x00000010   Data   RW         1032    .data               stm32f0xx_rcc.o
    0x20000133   0x00000001   PAD
    0x20000134   0x00000014   Data   RW         2709    .data               system_stm32f0xx.o
    0x20000148   0x0000001c   Data   RW         2784    .data               usmart.o
    0x20000164   0x00000124   Data   RW         2871    .data               usmart_config.o
    0x20000288   0x00000004   Data   RW         3843    .data               mc_p.l(stdout.o)
    0x2000028c   0x00000080   Zero   RW            6    .bss                usart_v1.o
    0x2000030c   0x00000004   PAD
    0x20000310   0x000000b0   Zero   RW          437    .bss                main.o
    0x200003c0   0x00000038   Zero   RW         3057    .bss                deca_device.o
    0x200003f8   0x00000400   Zero   RW         2762    STACK               startup_stm32f072.o


==============================================================================

Image component sizes


      Code (inc. data)   RO Data    RW Data    ZI Data      Debug   Object Name

      2612        136          0          0         56      24173   deca_device.o
       120         24          0          0          0       1045   deca_mutex.o
         0          0        174          0          0       4724   deca_params_init.o
        12          0          0          0          0        493   deca_sleep.o
       276         16          0          0          0       2039   deca_spi.o
       248         26          0          7          0       7645   delay.o
       102          0          0          0          0        605   exti_v1.o
       100         10          0          0          0        487   led.o
      3460        470          0        274        176      11942   main.o
       204          8          0          0          0        619   spi_v1.o
        88         38        192          0       1024        596   startup_stm32f072.o
       176         16          0          0          0       1824   stm32f0xx_exti.o
       220          0          0          0          0       2527   stm32f0xx_gpio.o
        70         16          0          0          0       1983   stm32f0xx_it.o
        68         34          0          0          0       2170   stm32f0xx_iwdg.o
       148         10          0          0          0       1270   stm32f0xx_misc.o
       680         42          0         16          0       3282   stm32f0xx_rcc.o
       178         20          0          0          0       3532   stm32f0xx_spi.o
        64          4          0          0          0        576   stm32f0xx_syscfg.o
       256         38          0          0          0       5600   stm32f0xx_tim.o
       458         22          0          0          0       5315   stm32f0xx_usart.o
       276         96          0          0          0       2003   sys.o
       252         24          0         20          0       1417   system_stm32f0xx.o
       640         42          0          3        128     228662   usart_v1.o
      3344       1370         40         28          0       6906   usmart.o
         0          0        191        292          0       1512   usmart_config.o
      1386         22          0          0          0       8037   usmart_str.o
        48          6          0          0          0        896   wdg.o

    ----------------------------------------------------------------------
     15504       2490        632        648       1388     331880   Object Totals
         0          0         32          0          0          0   (incl. Generated)
        18          0          3          8          4          0   (incl. Padding)

    ----------------------------------------------------------------------

      Code (inc. data)   RO Data    RW Data    ZI Data      Debug   Library Member Name

        86          0          0          0          0          0   __dczerorl2.o
         0          0          0          0          0          0   entry.o
         0          0          0          0          0          0   entry10a.o
         0          0          0          0          0          0   entry11a.o
         8          4          0          0          0          0   entry2.o
         4          0          0          0          0          0   entry5.o
         0          0          0          0          0          0   entry7b.o
         0          0          0          0          0          0   entry8b.o
         8          4          0          0          0          0   entry9a.o
        30          0          0          0          0          0   handlers.o
        36          8          0          0          0         68   init.o
         0          0          0          0          0          0   iusefp.o
        32          0          0          0          0         68   llshl.o
        38          0          0          0          0         68   llsshr.o
        34          0          0          0          0         68   llushr.o
        26          0          0          0          0         72   memcmp.o
        36          0          0          0          0         60   memcpya.o
      2224         98          0          0          0        412   printfa.o
         0          0          0          4          0          0   stdout.o
        44          0          0          0          0         72   uidiv.o
        96          0          0          0          0         84   uldiv.o
        40          2          0          0          0         68   cdcmple.o
        40          2          0          0          0         68   cdrcmple.o
       356          4          0          0          0        140   dadd.o
       240          6          0          0          0         84   ddiv.o
       236          0          0          0          0        216   depilogue.o
        64         10          0          0          0         68   dfixul.o
        28          6          0          0          0         68   dfltul.o
       208          6          0          0          0         88   dmul.o

    ----------------------------------------------------------------------
      3920        150          0          4          0       1772   Library Totals
         6          0          0          0          0          0   (incl. Padding)

    ----------------------------------------------------------------------

      Code (inc. data)   RO Data    RW Data    ZI Data      Debug   Library Name

      2702        114          0          4          0        972   mc_p.l
      1212         36          0          0          0        800   mf_p.l

    ----------------------------------------------------------------------
      3920        150          0          4          0       1772   Library Totals

    ----------------------------------------------------------------------

==============================================================================


      Code (inc. data)   RO Data    RW Data    ZI Data      Debug   

     19424       2640        632        652       1388     326908   Grand Totals
     19424       2640        632        180       1388     326908   ELF Image Totals (compressed)
     19424       2640        632        180          0          0   ROM Totals

==============================================================================

    Total RO  Size (Code + RO Data)                20056 (  19.59kB)
    Total RW  Size (RW Data + ZI Data)              2040 (   1.99kB)
    Total ROM Size (Code + RO Data + RW Data)      20236 (  19.76kB)

==============================================================================

